Archive member included to satisfy reference by file (symbol)

c:/siliconlabs/simplicitystudio/v4/developer/toolchains/gnu_arm/7.2_2017q4/bin/../lib/gcc/arm-none-eabi/7.2.1/thumb/v7e-m/fpv4-sp/softfp\libgcc.a(_arm_addsubdf3.o)
                              ./src/cnc_heaters.o (__aeabi_dsub)
c:/siliconlabs/simplicitystudio/v4/developer/toolchains/gnu_arm/7.2_2017q4/bin/../lib/gcc/arm-none-eabi/7.2.1/thumb/v7e-m/fpv4-sp/softfp\libgcc.a(_arm_muldivdf3.o)
                              ./src/cnc_heaters.o (__aeabi_dmul)
c:/siliconlabs/simplicitystudio/v4/developer/toolchains/gnu_arm/7.2_2017q4/bin/../lib/gcc/arm-none-eabi/7.2.1/thumb/v7e-m/fpv4-sp/softfp\libgcc.a(_arm_cmpdf2.o)
                              ./src/cnc_instructions.o (__aeabi_dcmpeq)
c:/siliconlabs/simplicitystudio/v4/developer/toolchains/gnu_arm/7.2_2017q4/bin/../lib/gcc/arm-none-eabi/7.2.1/thumb/v7e-m/fpv4-sp/softfp\libgcc.a(_aeabi_uldivmod.o)
                              ./Drivers/rtcdriver.o (__aeabi_uldivmod)
c:/siliconlabs/simplicitystudio/v4/developer/toolchains/gnu_arm/7.2_2017q4/bin/../lib/gcc/arm-none-eabi/7.2.1/thumb/v7e-m/fpv4-sp/softfp\libgcc.a(_udivmoddi4.o)
                              c:/siliconlabs/simplicitystudio/v4/developer/toolchains/gnu_arm/7.2_2017q4/bin/../lib/gcc/arm-none-eabi/7.2.1/thumb/v7e-m/fpv4-sp/softfp\libgcc.a(_aeabi_uldivmod.o) (__udivmoddi4)
c:/siliconlabs/simplicitystudio/v4/developer/toolchains/gnu_arm/7.2_2017q4/bin/../lib/gcc/arm-none-eabi/7.2.1/thumb/v7e-m/fpv4-sp/softfp\libgcc.a(unwind-arm.o)
                              ./src/cnc_gpio.o (__aeabi_unwind_cpp_pr0)
c:/siliconlabs/simplicitystudio/v4/developer/toolchains/gnu_arm/7.2_2017q4/bin/../lib/gcc/arm-none-eabi/7.2.1/thumb/v7e-m/fpv4-sp/softfp\libgcc.a(libunwind.o)
                              c:/siliconlabs/simplicitystudio/v4/developer/toolchains/gnu_arm/7.2_2017q4/bin/../lib/gcc/arm-none-eabi/7.2.1/thumb/v7e-m/fpv4-sp/softfp\libgcc.a(unwind-arm.o) (restore_core_regs)
c:/siliconlabs/simplicitystudio/v4/developer/toolchains/gnu_arm/7.2_2017q4/bin/../lib/gcc/arm-none-eabi/7.2.1/thumb/v7e-m/fpv4-sp/softfp\libgcc.a(pr-support.o)
                              c:/siliconlabs/simplicitystudio/v4/developer/toolchains/gnu_arm/7.2_2017q4/bin/../lib/gcc/arm-none-eabi/7.2.1/thumb/v7e-m/fpv4-sp/softfp\libgcc.a(unwind-arm.o) (__gnu_unwind_execute)
c:/siliconlabs/simplicitystudio/v4/developer/toolchains/gnu_arm/7.2_2017q4/bin/../lib/gcc/arm-none-eabi/7.2.1/thumb/v7e-m/fpv4-sp/softfp\libgcc.a(_dvmd_tls.o)
                              c:/siliconlabs/simplicitystudio/v4/developer/toolchains/gnu_arm/7.2_2017q4/bin/../lib/gcc/arm-none-eabi/7.2.1/thumb/v7e-m/fpv4-sp/softfp\libgcc.a(_aeabi_uldivmod.o) (__aeabi_ldiv0)
c:/siliconlabs/simplicitystudio/v4/developer/toolchains/gnu_arm/7.2_2017q4/bin/../lib/gcc/arm-none-eabi/7.2.1/../../../../arm-none-eabi/lib/thumb/v7e-m/fpv4-sp/softfp\libm.a(lib_a-w_log.o)
                              ./src/cnc_heaters.o (log)
c:/siliconlabs/simplicitystudio/v4/developer/toolchains/gnu_arm/7.2_2017q4/bin/../lib/gcc/arm-none-eabi/7.2.1/../../../../arm-none-eabi/lib/thumb/v7e-m/fpv4-sp/softfp\libm.a(lib_a-e_log.o)
                              c:/siliconlabs/simplicitystudio/v4/developer/toolchains/gnu_arm/7.2_2017q4/bin/../lib/gcc/arm-none-eabi/7.2.1/../../../../arm-none-eabi/lib/thumb/v7e-m/fpv4-sp/softfp\libm.a(lib_a-w_log.o) (__ieee754_log)
c:/siliconlabs/simplicitystudio/v4/developer/toolchains/gnu_arm/7.2_2017q4/bin/../lib/gcc/arm-none-eabi/7.2.1/../../../../arm-none-eabi/lib/thumb/v7e-m/fpv4-sp/softfp\libm.a(lib_a-s_lib_ver.o)
                              c:/siliconlabs/simplicitystudio/v4/developer/toolchains/gnu_arm/7.2_2017q4/bin/../lib/gcc/arm-none-eabi/7.2.1/../../../../arm-none-eabi/lib/thumb/v7e-m/fpv4-sp/softfp\libm.a(lib_a-w_log.o) (__fdlib_version)
c:/siliconlabs/simplicitystudio/v4/developer/toolchains/gnu_arm/7.2_2017q4/bin/../lib/gcc/arm-none-eabi/7.2.1/../../../../arm-none-eabi/lib/thumb/v7e-m/fpv4-sp/softfp\libm.a(lib_a-s_matherr.o)
                              c:/siliconlabs/simplicitystudio/v4/developer/toolchains/gnu_arm/7.2_2017q4/bin/../lib/gcc/arm-none-eabi/7.2.1/../../../../arm-none-eabi/lib/thumb/v7e-m/fpv4-sp/softfp\libm.a(lib_a-w_log.o) (matherr)
c:/siliconlabs/simplicitystudio/v4/developer/toolchains/gnu_arm/7.2_2017q4/bin/../lib/gcc/arm-none-eabi/7.2.1/../../../../arm-none-eabi/lib/thumb/v7e-m/fpv4-sp/softfp\libm.a(lib_a-s_nan.o)
                              c:/siliconlabs/simplicitystudio/v4/developer/toolchains/gnu_arm/7.2_2017q4/bin/../lib/gcc/arm-none-eabi/7.2.1/../../../../arm-none-eabi/lib/thumb/v7e-m/fpv4-sp/softfp\libm.a(lib_a-w_log.o) (nan)
c:/siliconlabs/simplicitystudio/v4/developer/toolchains/gnu_arm/7.2_2017q4/bin/../lib/gcc/arm-none-eabi/7.2.1/../../../../arm-none-eabi/lib/thumb/v7e-m/fpv4-sp/softfp\libc_nano.a(lib_a-abort.o)
[...]
Memory Configuration

Name             Origin             Length             Attributes
FLASH            0x00000000         0x00100000         xr
RAM              0x20000000         0x00040000         xrw
*default*        0x00000000         0xffffffff

Linker script and memory map

LOAD c:/siliconlabs/simplicitystudio/v4/developer/toolchains/gnu_arm/7.2_2017q4/bin/../lib/gcc/arm-none-eabi/7.2.1/thumb/v7e-m/fpv4-sp/softfp/crti.o
LOAD c:/siliconlabs/simplicitystudio/v4/developer/toolchains/gnu_arm/7.2_2017q4/bin/../lib/gcc/arm-none-eabi/7.2.1/thumb/v7e-m/fpv4-sp/softfp/crtbegin.o
LOAD c:/siliconlabs/simplicitystudio/v4/developer/toolchains/gnu_arm/7.2_2017q4/bin/../lib/gcc/arm-none-eabi/7.2.1/../../../../arm-none-eabi/lib/thumb/v7e-m/fpv4-sp/softfp/crt0.o
LOAD ./src/cnc_adc.o
LOAD ./src/cnc_functions.o
LOAD ./src/cnc_gpio.o
LOAD ./src/cnc_heaters.o
LOAD ./src/cnc_instructions.o
LOAD ./src/cnc_motors.o
LOAD ./src/cnc_pid.o
LOAD ./src/cnc_spi.o
LOAD ./src/cnc_timers.o
LOAD ./src/main.o
LOAD ./src/util.o
LOAD ./emlib/em_system.o
LOAD ./Drivers/dmadrv.o
LOAD ./Drivers/gpiointerrupt.o
LOAD ./Drivers/nvm.o
LOAD ./Drivers/nvm3_default.o
LOAD ./Drivers/nvm3_hal_flash.o
LOAD ./Drivers/nvm3_lock.o
LOAD ./Drivers/nvm_hal.o
LOAD ./Drivers/rtcdriver.o
LOAD ./Drivers/sleep.o
LOAD ./Drivers/spidrv.o
LOAD ./Drivers/tempdrv.o
LOAD ./Drivers/uartdrv.o
LOAD ./Drivers/ustimer.o
LOAD ./CMSIS/EFM32PG12B/startup_gcc_efm32pg12b.o
LOAD ./CMSIS/EFM32PG12B/system_efm32pg12b.o
LOAD C:/SiliconLabs/SimplicityStudio/v4/developer/sdks/gecko_sdk_suite/v2.3//platform/emdrv/nvm3/lib/\libnvm3_CM4_gcc.a
LOAD ./emlib/em_adc.o
LOAD ./emlib/em_cmu.o
LOAD ./emlib/em_core.o
LOAD ./emlib/em_emu.o
LOAD ./emlib/em_ldma.o
LOAD ./emlib/em_letimer.o
LOAD ./emlib/em_msc.o
LOAD ./emlib/em_rtc.o
LOAD ./emlib/em_rtcc.o
LOAD ./emlib/em_timer.o
LOAD ./emlib/em_usart.o
LOAD ./Drivers/em_gpio.o
LOAD ./src/common_spi.o
LOAD ./src/common_cnc.o
START GROUP
LOAD c:/siliconlabs/simplicitystudio/v4/developer/toolchains/gnu_arm/7.2_2017q4/bin/../lib/gcc/arm-none-eabi/7.2.1/thumb/v7e-m/fpv4-sp/softfp\libgcc.a
LOAD c:/siliconlabs/simplicitystudio/v4/developer/toolchains/gnu_arm/7.2_2017q4/bin/../lib/gcc/arm-none-eabi/7.2.1/../../../../arm-none-eabi/lib/thumb/v7e-m/fpv4-sp/softfp\libnosys.a
END GROUP
LOAD c:/siliconlabs/simplicitystudio/v4/developer/toolchains/gnu_arm/7.2_2017q4/bin/../lib/gcc/arm-none-eabi/7.2.1/../../../../arm-none-eabi/lib/thumb/v7e-m/fpv4-sp/softfp\libstdc++_nano.a
LOAD c:/siliconlabs/simplicitystudio/v4/developer/toolchains/gnu_arm/7.2_2017q4/bin/../lib/gcc/arm-none-eabi/7.2.1/../../../../arm-none-eabi/lib/thumb/v7e-m/fpv4-sp/softfp\libm.a
LOAD c:/siliconlabs/simplicitystudio/v4/developer/toolchains/gnu_arm/7.2_2017q4/bin/../lib/gcc/arm-none-eabi/7.2.1/../../../../arm-none-eabi/lib/thumb/v7e-m/fpv4-sp/softfp\libc_nano.a
START GROUP
LOAD c:/siliconlabs/simplicitystudio/v4/developer/toolchains/gnu_arm/7.2_2017q4/bin/../lib/gcc/arm-none-eabi/7.2.1/thumb/v7e-m/fpv4-sp/softfp\libgcc.a
LOAD c:/siliconlabs/simplicitystudio/v4/developer/toolchains/gnu_arm/7.2_2017q4/bin/../lib/gcc/arm-none-eabi/7.2.1/../../../../arm-none-eabi/lib/thumb/v7e-m/fpv4-sp/softfp\libg_nano.a
LOAD c:/siliconlabs/simplicitystudio/v4/developer/toolchains/gnu_arm/7.2_2017q4/bin/../lib/gcc/arm-none-eabi/7.2.1/../../../../arm-none-eabi/lib/thumb/v7e-m/fpv4-sp/softfp\libc_nano.a
END GROUP
START GROUP
LOAD c:/siliconlabs/simplicitystudio/v4/developer/toolchains/gnu_arm/7.2_2017q4/bin/../lib/gcc/arm-none-eabi/7.2.1/thumb/v7e-m/fpv4-sp/softfp\libgcc.a
LOAD c:/siliconlabs/simplicitystudio/v4/developer/toolchains/gnu_arm/7.2_2017q4/bin/../lib/gcc/arm-none-eabi/7.2.1/../../../../arm-none-eabi/lib/thumb/v7e-m/fpv4-sp/softfp\libc_nano.a
LOAD c:/siliconlabs/simplicitystudio/v4/developer/toolchains/gnu_arm/7.2_2017q4/bin/../lib/gcc/arm-none-eabi/7.2.1/../../../../arm-none-eabi/lib/thumb/v7e-m/fpv4-sp/softfp\libnosys.a
END GROUP
START GROUP
LOAD c:/siliconlabs/simplicitystudio/v4/developer/toolchains/gnu_arm/7.2_2017q4/bin/../lib/gcc/arm-none-eabi/7.2.1/thumb/v7e-m/fpv4-sp/softfp\libgcc.a
LOAD c:/siliconlabs/simplicitystudio/v4/developer/toolchains/gnu_arm/7.2_2017q4/bin/../lib/gcc/arm-none-eabi/7.2.1/../../../../arm-none-eabi/lib/thumb/v7e-m/fpv4-sp/softfp\libc_nano.a
LOAD c:/siliconlabs/simplicitystudio/v4/developer/toolchains/gnu_arm/7.2_2017q4/bin/../lib/gcc/arm-none-eabi/7.2.1/../../../../arm-none-eabi/lib/thumb/v7e-m/fpv4-sp/softfp\libnosys.a
END GROUP
LOAD c:/siliconlabs/simplicitystudio/v4/developer/toolchains/gnu_arm/7.2_2017q4/bin/../lib/gcc/arm-none-eabi/7.2.1/thumb/v7e-m/fpv4-sp/softfp/crtend.o
LOAD c:/siliconlabs/simplicitystudio/v4/developer/toolchains/gnu_arm/7.2_2017q4/bin/../lib/gcc/arm-none-eabi/7.2.1/thumb/v7e-m/fpv4-sp/softfp/crtn.o

.text           0x00000000    0x11544
 *(.vectors)
 .vectors       0x00000000      0x10c ./CMSIS/EFM32PG12B/startup_gcc_efm32pg12b.o
                0x00000000                __Vectors
                0x0000010c                __Vectors_End = .
                0x0000010c                __Vectors_Size = (__Vectors_End - __Vectors)
                0x0000010c                __end__ = .
 *(.text*)
 .text          0x0000010c       0x40 c:/siliconlabs/simplicitystudio/v4/developer/toolchains/gnu_arm/7.2_2017q4/bin/../lib/gcc/arm-none-eabi/7.2.1/thumb/v7e-m/fpv4-sp/softfp/crtbegin.o
 .text          0x0000014c       0x74 c:/siliconlabs/simplicitystudio/v4/developer/toolchains/gnu_arm/7.2_2017q4/bin/../lib/gcc/arm-none-eabi/7.2.1/../../../../arm-none-eabi/lib/thumb/v7e-m/fpv4-sp/softfp/crt0.o
                0x0000014c                _start
                0x0000014c                _mainCRTStartup
 .text.NVIC_EnableIRQ
                0x000001c0       0x34 ./src/cnc_adc.o
 .text.ADC_DataScanGet
                0x000001f4       0x18 ./src/cnc_adc.o
 .text.ADC_IntClear
                0x0000020c       0x1c ./src/cnc_adc.o
 .text.ADC_IntEnable
                0x00000228       0x22 ./src/cnc_adc.o
 .text.ADC_Start
                0x0000024a       0x1e ./src/cnc_adc.o
 .text._Z8init_adcv
                0x00000268       0xe0 ./src/cnc_adc.o
                0x00000268                init_adc()
 .text.ADC0_IRQHandler
                0x00000348       0x68 ./src/cnc_adc.o
                0x00000348                ADC0_IRQHandler
 .text._Z8init_cncP16cnc_state_struct
                0x000003b0       0xa4 ./src/cnc_functions.o
                0x000003b0                init_cnc(cnc_state_struct*)
 .text._Z12handle_stateP16cnc_state_struct
                0x00000454      0x294 ./src/cnc_functions.o
                0x00000454                handle_state(cnc_state_struct*)
 .text._Z19process_spi_requestP16cnc_state_struct
                0x000006e8       0x74 ./src/cnc_functions.o
                0x000006e8                process_spi_request(cnc_state_struct*)
 .text._Z12parse_statusP16cnc_state_struct
                0x0000075c      0x12c ./src/cnc_functions.o
                0x0000075c                parse_status(cnc_state_struct*)
 .text._Z11parse_printP16cnc_state_struct
                0x00000888       0xc0 ./src/cnc_functions.o
                0x00000888                parse_print(cnc_state_struct*)
 .text._Z13parse_versionP16cnc_state_struct
                0x00000948       0x4c ./src/cnc_functions.o
                0x00000948                parse_version(cnc_state_struct*)
 .text._Z10cnc_printfP16cnc_state_structPKcz
                0x00000994       0xba ./src/cnc_functions.o
                0x00000994                cnc_printf(cnc_state_struct*, char const*, ...)
 .text._Z9init_gpiov
                0x00000a4e      0x29c ./src/cnc_gpio.o
                0x00000a4e                init_gpio()
 *fill*         0x00000cea        0x6 
 .text._Z14handle_heatersP16cnc_state_struct
                0x00000cf0      0x334 ./src/cnc_heaters.o
                0x00000cf0                handle_heaters(cnc_state_struct*)
 .text._Z17init_instructionsP16cnc_state_struct
                0x00001024       0x48 ./src/cnc_instructions.o
                0x00001024                init_instructions(cnc_state_struct*)
 .text._Z19receive_instructionP16cnc_state_struct
                0x0000106c      0x1a8 ./src/cnc_instructions.o
                0x0000106c                receive_instruction(cnc_state_struct*)
 .text._Z13clear_programP16cnc_state_struct
                0x00001214       0x88 ./src/cnc_instructions.o
                0x00001214                clear_program(cnc_state_struct*)
 .text._Z17parse_instructionP16cnc_state_struct
                0x0000129c       0x26 ./src/cnc_instructions.o
                0x0000129c                parse_instruction(cnc_state_struct*)
 .text._Z20get_next_instructionP16cnc_state_struct
                0x000012c2       0xfc ./src/cnc_instructions.o
                0x000012c2                get_next_instruction(cnc_state_struct*)
 .text._Z22check_instruction_fifoP16cnc_state_struct
                0x000013be      0x10a ./src/cnc_instructions.o
                0x000013be                check_instruction_fifo(cnc_state_struct*)
 .text._Z19process_instructionP16cnc_state_struct
                0x000014c8       0x2e ./src/cnc_instructions.o
                0x000014c8                process_instruction(cnc_state_struct*)
 .text._Z19handle_instructionsP16cnc_state_struct
                0x000014f6       0x28 ./src/cnc_instructions.o
                0x000014f6                handle_instructions(cnc_state_struct*)
 .text._Z12check_errorsP16cnc_state_struct
                0x0000151e       0x14 ./src/cnc_instructions.o
                0x0000151e                check_errors(cnc_state_struct*)
 *fill*         0x00001532        0x2 
 .text._Z15set_instructionP16cnc_state_struct
                0x00001534      0x1a0 ./src/cnc_instructions.o
                0x00001534                set_instruction(cnc_state_struct*)
 .text._Z21set_motor_instructionP28cnc_motor_instruction_structP16cnc_motor_struct
                0x000016d4       0x58 ./src/cnc_instructions.o
                0x000016d4                set_motor_instruction(cnc_motor_instruction_struct*, cnc_motor_struct*)
 .text._Z22set_heater_instructionP29cnc_heater_instruction_structP17cnc_heater_struct
                0x0000172c       0x46 ./src/cnc_instructions.o
                0x0000172c                set_heater_instruction(cnc_heater_instruction_struct*, cnc_heater_struct*)
 .text._Z23check_motor_instructionP28cnc_motor_instruction_structP16cnc_motor_struct
                0x00001772       0x34 ./src/cnc_instructions.o
                0x00001772                check_motor_instruction(cnc_motor_instruction_struct*, cnc_motor_struct*)
 .text._Z24check_heater_instructionP29cnc_heater_instruction_structP17cnc_heater_struct
                0x000017a6       0x52 ./src/cnc_instructions.o
                0x000017a6                check_heater_instruction(cnc_heater_instruction_struct*, cnc_heater_struct*)
 .text._Z17check_instructionP16cnc_state_struct
                0x000017f8      0x272 ./src/cnc_instructions.o
                0x000017f8                check_instruction(cnc_state_struct*)
 .text._Z16copy_instructionP22cnc_instruction_structS0_
                0x00001a6a       0xf4 ./src/cnc_instructions.o
                0x00001a6a                copy_instruction(cnc_instruction_struct*, cnc_instruction_struct*)
 .text._Z22copy_motor_instructionP28cnc_motor_instruction_structS0_
                0x00001b5e       0x5e ./src/cnc_instructions.o
                0x00001b5e                copy_motor_instruction(cnc_motor_instruction_struct*, cnc_motor_instruction_struct*)
 .text._Z23copy_heater_instructionP29cnc_heater_instruction_structS0_
                0x00001bbc       0x5c ./src/cnc_instructions.o
                0x00001bbc                copy_heater_instruction(cnc_heater_instruction_struct*, cnc_heater_instruction_struct*)
 .text._Z26handle_instruction_opcodesP16cnc_state_structP22cnc_instruction_struct
                0x00001c18      0x378 ./src/cnc_instructions.o
                0x00001c18                handle_instruction_opcodes(cnc_state_struct*, cnc_instruction_struct*)
 .text._Z19handle_motor_opcodeP16cnc_state_structP28cnc_motor_instruction_structP16cnc_motor_struct
                0x00001f90      0x118 ./src/cnc_instructions.o
                0x00001f90                handle_motor_opcode(cnc_state_struct*, cnc_motor_instruction_struct*, cnc_motor_struct*)
 .text._Z20handle_heater_opcodeP16cnc_state_structP29cnc_heater_instruction_structP17cnc_heater_struct
                0x000020a8       0x34 ./src/cnc_instructions.o
                0x000020a8                handle_heater_opcode(cnc_state_struct*, cnc_heater_instruction_struct*, cnc_heater_struct*)
 .text.BUS_RegBitRead
                0x000020dc       0x2a ./src/cnc_motors.o
 .text.BUS_RegMaskedSet
                0x00002106       0x24 ./src/cnc_motors.o
 .text.BUS_RegMaskedClear
                0x0000212a       0x24 ./src/cnc_motors.o
 .text.GPIO_PinInGet
                0x0000214e       0x36 ./src/cnc_motors.o
 .text.GPIO_PinOutClear
                0x00002184       0x3a ./src/cnc_motors.o
 .text.GPIO_PinOutSet
                0x000021be       0x3a ./src/cnc_motors.o
 .text._Z11init_motorsP21cnc_motor_list_struct
                0x000021f8      0x394 ./src/cnc_motors.o
                0x000021f8                init_motors(cnc_motor_list_struct*)
 .text._Z10init_motorP16cnc_motor_structPKc
                0x0000258c       0x64 ./src/cnc_motors.o
                0x0000258c                init_motor(cnc_motor_struct*, char const*)
 .text._Z12enable_motorP16cnc_motor_struct
                0x000025f0       0x2a ./src/cnc_motors.o
                0x000025f0                enable_motor(cnc_motor_struct*)
 .text._Z13disable_motorP16cnc_motor_struct
                0x0000261a       0x2a ./src/cnc_motors.o
                0x0000261a                disable_motor(cnc_motor_struct*)
 .text._Z19set_motor_directionP16cnc_motor_structa
                0x00002644       0x96 ./src/cnc_motors.o
                0x00002644                set_motor_direction(cnc_motor_struct*, signed char)
 *fill*         0x000026da        0x2 
 .text._Z13handle_motorsP16cnc_state_struct
                0x000026dc       0x54 ./src/cnc_motors.o
                0x000026dc                handle_motors(cnc_state_struct*)
 .text._Z13check_endstopP16cnc_motor_struct
                0x00002730       0x74 ./src/cnc_motors.o
                0x00002730                check_endstop(cnc_motor_struct*)
 .text._Z14check_endstopsP21cnc_motor_list_struct
                0x000027a4       0x3e ./src/cnc_motors.o
                0x000027a4                check_endstops(cnc_motor_list_struct*)
 .text._Z11handle_stepP16cnc_motor_struct
                0x000027e2       0xbe ./src/cnc_motors.o
                0x000027e2                handle_step(cnc_motor_struct*)
 .text._Z14process_motorsP21cnc_motor_list_struct
                0x000028a0       0x5a ./src/cnc_motors.o
                0x000028a0                process_motors(cnc_motor_list_struct*)
 .text._Z15step_motor_highP16cnc_motor_struct
                0x000028fa       0x24 ./src/cnc_motors.o
                0x000028fa                step_motor_high(cnc_motor_struct*)
 .text._Z14step_motor_lowP16cnc_motor_struct
                0x0000291e       0x24 ./src/cnc_motors.o
                0x0000291e                step_motor_low(cnc_motor_struct*)
 .text._Z12check_periodP21cnc_motor_list_struct
                0x00002942       0x5a ./src/cnc_motors.o
                0x00002942                check_period(cnc_motor_list_struct*)
 .text._Z15check_directionP16cnc_motor_struct
                0x0000299c       0x9c ./src/cnc_motors.o
                0x0000299c                check_direction(cnc_motor_struct*)
 .text.BUS_RegBitRead
                0x00002a38       0x2a ./src/cnc_spi.o
 .text.BUS_RegMaskedSet
                0x00002a62       0x24 ./src/cnc_spi.o
 .text.BUS_RegMaskedClear
                0x00002a86       0x24 ./src/cnc_spi.o
 .text.GPIO_PinInGet
                0x00002aaa       0x36 ./src/cnc_spi.o
 .text.GPIO_PinOutClear
                0x00002ae0       0x3a ./src/cnc_spi.o
 .text.GPIO_PinOutSet
                0x00002b1a       0x3a ./src/cnc_spi.o
 .text._ZL19slave_transfer_doneP17SPIDRV_HandleDatami
                0x00002b54       0x24 ./src/cnc_spi.o
 .text._Z26spi_get_master_request_pinv
                0x00002b78       0x14 ./src/cnc_spi.o
                0x00002b78                spi_get_master_request_pin()
 .text._Z25spi_set_slave_request_pinv
                0x00002b8c       0x10 ./src/cnc_spi.o
                0x00002b8c                spi_set_slave_request_pin()
 .text._Z27spi_clear_slave_request_pinv
                0x00002b9c       0x10 ./src/cnc_spi.o
                0x00002b9c                spi_clear_slave_request_pin()
 .text._Z17spi_transfer_dataPct
                0x00002bac       0x78 ./src/cnc_spi.o
                0x00002bac                spi_transfer_data(char*, unsigned short)
 .text._Z15init_spi_driverv
                0x00002c24       0x3c ./src/cnc_spi.o
                0x00002c24                init_spi_driver()
 .text._Z9check_spiP16cnc_state_struct
                0x00002c60       0x54 ./src/cnc_spi.o
                0x00002c60                check_spi(cnc_state_struct*)
 .text.NVIC_EnableIRQ
                0x00002cb4       0x34 ./src/cnc_timers.o
 .text.TIMER_MaxCount
                0x00002ce8       0x38 ./src/cnc_timers.o
 .text.TIMER_IntClear
                0x00002d20       0x1c ./src/cnc_timers.o
 .text.TIMER_IntEnable
                0x00002d3c       0x22 ./src/cnc_timers.o
 .text.TIMER_TopSet
                0x00002d5e       0x1e ./src/cnc_timers.o
 .text._Z11init_timersP21cnc_motor_list_struct
                0x00002d7c       0x14 ./src/cnc_timers.o
                0x00002d7c                init_timers(cnc_motor_list_struct*)
 .text._Z16init_motor_timerv
                0x00002d90       0x50 ./src/cnc_timers.o
                0x00002d90                init_motor_timer()
 .text.TIMER1_IRQHandler
                0x00002de0       0x20 ./src/cnc_timers.o
                0x00002de0                TIMER1_IRQHandler
 .text.SYSTEM_GetProdRev
                0x00002e00       0x1c ./src/main.o
 .text.CHIP_Init
                0x00002e1c       0x68 ./src/main.o
 .text._ZN16cnc_state_structC2Ev
                0x00002e84       0x1c ./src/main.o
                0x00002e84                cnc_state_struct::cnc_state_struct()
                0x00002e84                cnc_state_struct::cnc_state_struct()
 .text._ZN16cnc_motor_structC2Ev
                0x00002ea0       0x20 ./src/main.o
                0x00002ea0                cnc_motor_struct::cnc_motor_struct()
                0x00002ea0                cnc_motor_struct::cnc_motor_struct()
 .text._ZN21cnc_motor_list_structC2Ev
                0x00002ec0       0x5c ./src/main.o
                0x00002ec0                cnc_motor_list_struct::cnc_motor_list_struct()
                0x00002ec0                cnc_motor_list_struct::cnc_motor_list_struct()
 .text.main     0x00002f1c       0x78 ./src/main.o
                0x00002f1c                main
 .text._Z11system_initP21cnc_motor_list_struct
                0x00002f94       0x26 ./src/main.o
                0x00002f94                system_init(cnc_motor_list_struct*)
 *fill*         0x00002fba        0x2 
 .text._Z11init_clocksv
                0x00002fbc       0x34 ./src/main.o
                0x00002fbc                init_clocks()
 .text._Z13variable_initP16cnc_state_structP21cnc_motor_list_struct
                0x00002ff0       0x24 ./src/main.o
                0x00002ff0                variable_init(cnc_state_struct*, cnc_motor_list_struct*)
 .text._Z41__static_initialization_and_destruction_0ii
                0x00003014       0x2c ./src/main.o
 .text._GLOBAL__sub_I_cnc
                0x00003040       0x10 ./src/main.o
 .text.DMADRV_AllocateChannel
                0x00003050       0xa4 ./Drivers/dmadrv.o
                0x00003050                DMADRV_AllocateChannel
 .text.DMADRV_Init
                0x000030f4       0x7c ./Drivers/dmadrv.o
                0x000030f4                DMADRV_Init
 .text.DMADRV_MemoryPeripheral
                0x00003170       0x46 ./Drivers/dmadrv.o
                0x00003170                DMADRV_MemoryPeripheral
 .text.DMADRV_PeripheralMemory
                0x000031b6       0x46 ./Drivers/dmadrv.o
                0x000031b6                DMADRV_PeripheralMemory
 .text.DMADRV_StopTransfer
                0x000031fc       0x64 ./Drivers/dmadrv.o
                0x000031fc                DMADRV_StopTransfer
 .text.DMADRV_TransferActive
                0x00003260       0x8c ./Drivers/dmadrv.o
                0x00003260                DMADRV_TransferActive
 .text.DMADRV_TransferCompletePending
                0x000032ec       0x8c ./Drivers/dmadrv.o
                0x000032ec                DMADRV_TransferCompletePending
 .text.DMADRV_TransferRemainingCount
                0x00003378       0x74 ./Drivers/dmadrv.o
                0x00003378                DMADRV_TransferRemainingCount
 .text.LDMA_IRQHandler
                0x000033ec       0xdc ./Drivers/dmadrv.o
                0x000033ec                LDMA_IRQHandler
 .text.StartTransfer
                0x000034c8      0x214 ./Drivers/dmadrv.o
 .text.GPIO_IntClear
                0x000036dc       0x20 ./Drivers/gpiointerrupt.o
 .text.GPIO_IntGetEnabled
                0x000036fc       0x28 ./Drivers/gpiointerrupt.o
 .text.SL_CTZ   0x00003724       0x26 ./Drivers/gpiointerrupt.o
 *fill*         0x0000374a        0x2 
 .text.GPIOINT_IRQDispatcher
                0x0000374c       0x50 ./Drivers/gpiointerrupt.o
 .text.GPIO_EVEN_IRQHandler
                0x0000379c       0x28 ./Drivers/gpiointerrupt.o
                0x0000379c                GPIO_EVEN_IRQHandler
 .text.GPIO_ODD_IRQHandler
                0x000037c4       0x28 ./Drivers/gpiointerrupt.o
                0x000037c4                GPIO_ODD_IRQHandler
 .text.NVIC_EnableIRQ
                0x000037ec       0x34 ./Drivers/rtcdriver.o
 .text.NVIC_ClearPendingIRQ
                0x00003820       0x34 ./Drivers/rtcdriver.o
 .text.CMU_DivToLog2
                0x00003854       0x30 ./Drivers/rtcdriver.o
 .text.RTCC_ChannelCCVGet
                0x00003884       0x28 ./Drivers/rtcdriver.o
 .text.RTCC_ChannelCCVSet
                0x000038ac       0x2c ./Drivers/rtcdriver.o
 .text.RTCC_CounterGet
                0x000038d8       0x18 ./Drivers/rtcdriver.o
 .text.RTCC_IntClear
                0x000038f0       0x20 ./Drivers/rtcdriver.o
 .text.RTCC_IntDisable
                0x00003910       0x28 ./Drivers/rtcdriver.o
 .text.RTCC_IntEnable
                0x00003938       0x24 ./Drivers/rtcdriver.o
 .text.RTCC_IntGetEnabled
                0x0000395c       0x24 ./Drivers/rtcdriver.o
 .text.RTCDRV_AllocateTimer
                0x00003980       0x8c ./Drivers/rtcdriver.o
                0x00003980                RTCDRV_AllocateTimer
 .text.RTCDRV_Init
                0x00003a0c       0xbc ./Drivers/rtcdriver.o
                0x00003a0c                RTCDRV_Init
 .text.RTCDRV_StartTimer
                0x00003ac8      0x310 ./Drivers/rtcdriver.o
                0x00003ac8                RTCDRV_StartTimer
 .text.RTCDRV_StopTimer
                0x00003dd8       0x70 ./Drivers/rtcdriver.o
                0x00003dd8                RTCDRV_StopTimer
 .text.RTCC_IRQHandler
                0x00003e48       0xa4 ./Drivers/rtcdriver.o
                0x00003e48                RTCC_IRQHandler
 .text.checkAllTimers
                0x00003eec      0x2d0 ./Drivers/rtcdriver.o
 .text.executeTimerCallbacks
                0x000041bc       0x64 ./Drivers/rtcdriver.o
 .text.rescheduleRtc
                0x00004220       0xec ./Drivers/rtcdriver.o
 .text.BUS_RegBitRead
                0x0000430c       0x2a ./Drivers/spidrv.o
 .text.GPIO_PinInGet
                0x00004336       0x72 ./Drivers/spidrv.o
 .text.SPIDRV_Init
                0x000043a8      0x2e8 ./Drivers/spidrv.o
                0x000043a8                SPIDRV_Init
 .text.SPIDRV_STransfer
                0x00004690       0x94 ./Drivers/spidrv.o
                0x00004690                SPIDRV_STransfer
 .text.ConfigGPIO
                0x00004724     0x3544 ./Drivers/spidrv.o
 .text.RxDMAComplete
                0x00007c68       0x62 ./Drivers/spidrv.o
 *fill*         0x00007cca        0x2 
 .text.SlaveTimeout
                0x00007ccc       0xac ./Drivers/spidrv.o
 .text.StartTransferDMA
                0x00007d78       0xbc ./Drivers/spidrv.o
 .text.TransferApiPrologue
                0x00007e34       0x70 ./Drivers/spidrv.o
 .text.WaitForIdleLine
                0x00007ea4       0x4a ./Drivers/spidrv.o
 *fill*         0x00007eee        0x2 
 .text.EMU_IntClear
                0x00007ef0       0x20 ./Drivers/tempdrv.o
 .text.EMU_IntDisable
                0x00007f10       0x28 ./Drivers/tempdrv.o
 .text.EMU_IntEnable
                0x00007f38       0x24 ./Drivers/tempdrv.o
 .text.EMU_IntGetEnabled
                0x00007f5c       0x24 ./Drivers/tempdrv.o
 .text.EMU_IRQHandler
                0x00007f80        0xc ./Drivers/tempdrv.o
                0x00007f80                EMU_IRQHandler
 .text.TEMPDRV_IRQHandler
                0x00007f8c       0xa4 ./Drivers/tempdrv.o
                0x00007f8c                TEMPDRV_IRQHandler
 .text.convertToTemp
                0x00008030       0x54 ./Drivers/tempdrv.o
 .text.updateInterrupts
                0x00008084      0x144 ./Drivers/tempdrv.o
 .text.TEMPDRV_GetTemp
                0x000081c8       0x1c ./Drivers/tempdrv.o
                0x000081c8                TEMPDRV_GetTemp
 .text.TIMER_IntClear
                0x000081e4       0x1c ./Drivers/ustimer.o
 .text.TIMER_IntGet
                0x00008200       0x18 ./Drivers/ustimer.o
 .text.TIMER0_IRQHandler
                0x00008218       0x38 ./Drivers/ustimer.o
                0x00008218                TIMER0_IRQHandler
 .text          0x00008250       0x30 ./CMSIS/EFM32PG12B/startup_gcc_efm32pg12b.o
                0x00008250                Reset_Handler
                0x0000827c                USART0_TX_IRQHandler
                0x0000827c                I2C0_IRQHandler
                0x0000827c                HardFault_Handler
                0x0000827c                SysTick_Handler
                0x0000827c                USART1_RX_IRQHandler
                0x0000827c                PendSV_Handler
                0x0000827c                NMI_Handler
                0x0000827c                I2C1_IRQHandler
                0x0000827c                WTIMER0_IRQHandler
                0x0000827c                CRYPTO0_IRQHandler
                0x0000827c                WDOG0_IRQHandler
                0x0000827c                USART1_TX_IRQHandler
                0x0000827c                SMU_IRQHandler
                0x0000827c                MSC_IRQHandler
                0x0000827c                UsageFault_Handler
                0x0000827c                WDOG1_IRQHandler
                0x0000827c                LEUART0_IRQHandler
                0x0000827c                FPUEH_IRQHandler
                0x0000827c                WTIMER1_IRQHandler
                0x0000827c                VDAC0_IRQHandler
                0x0000827c                CSEN_IRQHandler
                0x0000827c                CRYPTO1_IRQHandler
                0x0000827c                DebugMon_Handler
                0x0000827c                PCNT2_IRQHandler
                0x0000827c                LETIMER0_IRQHandler
                0x0000827c                TRNG0_IRQHandler
                0x0000827c                USART2_RX_IRQHandler
                0x0000827c                Default_Handler
                0x0000827c                CRYOTIMER_IRQHandler
                0x0000827c                PCNT0_IRQHandler
                0x0000827c                PCNT1_IRQHandler
                0x0000827c                ACMP0_IRQHandler
                0x0000827c                USART0_RX_IRQHandler
                0x0000827c                MemManage_Handler
                0x0000827c                SVC_Handler
                0x0000827c                USART3_RX_IRQHandler
                0x0000827c                CMU_IRQHandler
                0x0000827c                LESENSE_IRQHandler
                0x0000827c                USART3_TX_IRQHandler
                0x0000827c                BusFault_Handler
                0x0000827c                USART2_TX_IRQHandler
                0x0000827c                IDAC0_IRQHandler
 .text.SystemCoreClockGet
                0x00008280       0x40 ./CMSIS/EFM32PG12B/system_efm32pg12b.o
                0x00008280                SystemCoreClockGet
 .text.SystemMaxCoreClockGet
                0x000082c0       0x14 ./CMSIS/EFM32PG12B/system_efm32pg12b.o
                0x000082c0                SystemMaxCoreClockGet
 .text.SystemHFClockGet
                0x000082d4       0x70 ./CMSIS/EFM32PG12B/system_efm32pg12b.o
                0x000082d4                SystemHFClockGet
 .text.SystemHFXOClockGet
                0x00008344       0x18 ./CMSIS/EFM32PG12B/system_efm32pg12b.o
                0x00008344                SystemHFXOClockGet
 .text.SystemInit
                0x0000835c       0x24 ./CMSIS/EFM32PG12B/system_efm32pg12b.o
                0x0000835c                SystemInit
 .text.SystemLFRCOClockGet
                0x00008380       0x12 ./CMSIS/EFM32PG12B/system_efm32pg12b.o
                0x00008380                SystemLFRCOClockGet
 .text.SystemULFRCOClockGet
                0x00008392       0x12 ./CMSIS/EFM32PG12B/system_efm32pg12b.o
                0x00008392                SystemULFRCOClockGet
 .text.SystemLFXOClockGet
                0x000083a4       0x18 ./CMSIS/EFM32PG12B/system_efm32pg12b.o
                0x000083a4                SystemLFXOClockGet
 .text.BUS_RegBitWrite
                0x000083bc       0x2e ./emlib/em_adc.o
 .text.BUS_RegMaskedSet
                0x000083ea       0x24 ./emlib/em_adc.o
 .text.BUS_RegMaskedClear
                0x0000840e       0x24 ./emlib/em_adc.o
 .text.BUS_RegMaskedWrite
                0x00008432       0x24 ./emlib/em_adc.o
 *fill*         0x00008456        0x2 
 .text.ADC_LoadDevinfoCal
                0x00008458      0x1dc ./emlib/em_adc.o
 .text.ADC_Init
                0x00008634       0xc4 ./emlib/em_adc.o
                0x00008634                ADC_Init
 .text.ADC_ScanSingleEndedInputAdd
                0x000086f8       0x98 ./emlib/em_adc.o
                0x000086f8                ADC_ScanSingleEndedInputAdd
 .text.ADC_InitScan
                0x00008790      0x10a ./emlib/em_adc.o
                0x00008790                ADC_InitScan
 *fill*         0x0000889a        0x2 
 .text.ADC_PrescaleCalc
                0x0000889c       0x70 ./emlib/em_adc.o
                0x0000889c                ADC_PrescaleCalc
 .text.ADC_TimebaseCalc
                0x0000890c       0x50 ./emlib/em_adc.o
                0x0000890c                ADC_TimebaseCalc
 .text.BUS_RegBitWrite
                0x0000895c       0x2e ./emlib/em_cmu.o
 .text.BUS_RegBitRead
                0x0000898a       0x2a ./emlib/em_cmu.o
 .text.CMU_Log2ToDiv
                0x000089b4       0x1c ./emlib/em_cmu.o
 .text.EMU_VScaleWait
                0x000089d0       0x1c ./emlib/em_cmu.o
 .text.EMU_VScaleGet
                0x000089ec       0x1c ./emlib/em_cmu.o
 .text.setHfLeConfig
                0x00008a08       0x64 ./emlib/em_cmu.o
 .text.auxClkGet
                0x00008a6c       0x20 ./emlib/em_cmu.o
 .text.hfSrcClkGet
                0x00008a8c       0x2c ./emlib/em_cmu.o
 .text.dbgClkGet
                0x00008ab8       0x40 ./emlib/em_cmu.o
 .text.adcAsyncClkGet
                0x00008af8       0x80 ./emlib/em_cmu.o
 .text.flashWaitStateControl
                0x00008b78       0x8c ./emlib/em_cmu.o
 .text.flashWaitStateMax
                0x00008c04       0x44 ./emlib/em_cmu.o
 .text.CMU_UpdateWaitStates
                0x00008c48       0x40 ./emlib/em_cmu.o
                0x00008c48                CMU_UpdateWaitStates
 .text.getRegIshUpperVal
                0x00008c88       0x36 ./emlib/em_cmu.o
 *fill*         0x00008cbe        0x2 
 .text.getHfxoTuningMode
                0x00008cc0       0x1c ./emlib/em_cmu.o
 .text.setHfxoTuningMode
                0x00008cdc       0x2c ./emlib/em_cmu.o
 .text.lfClkGet
                0x00008d08       0xf4 ./emlib/em_cmu.o
 .text.syncReg  0x00008dfc       0x38 ./emlib/em_cmu.o
 .text.hfperClkSafePrescaler
                0x00008e34        0xe ./emlib/em_cmu.o
 .text.hfperClkOptimizedPrescaler
                0x00008e42        0xe ./emlib/em_cmu.o
 .text.CMU_ClockEnable
                0x00008e50       0xcc ./emlib/em_cmu.o
                0x00008e50                CMU_ClockEnable
 .text.CMU_ClockFreqGet
                0x00008f1c      0x1f4 ./emlib/em_cmu.o
                0x00008f1c                CMU_ClockFreqGet
 .text.CMU_ClockSelectGet
                0x00009110      0x19c ./emlib/em_cmu.o
                0x00009110                CMU_ClockSelectGet
 .text.CMU_ClockSelectSet
                0x000092ac      0x2d4 ./emlib/em_cmu.o
                0x000092ac                CMU_ClockSelectSet
 .text.CMU_HFRCOBandGet
                0x00009580       0x18 ./emlib/em_cmu.o
                0x00009580                CMU_HFRCOBandGet
 .text.CMU_OscillatorEnable
                0x00009598      0x17c ./emlib/em_cmu.o
                0x00009598                CMU_OscillatorEnable
 .text.CMU_OscillatorTuningGet
                0x00009714       0x74 ./emlib/em_cmu.o
                0x00009714                CMU_OscillatorTuningGet
 .text.CMU_OscillatorTuningSet
                0x00009788      0x100 ./emlib/em_cmu.o
                0x00009788                CMU_OscillatorTuningSet
 .text.CMU_OscillatorTuningWait
                0x00009888       0x94 ./emlib/em_cmu.o
                0x00009888                CMU_OscillatorTuningWait
 .text.CMU_OscillatorTuningOptimize
                0x0000991c       0x58 ./emlib/em_cmu.o
                0x0000991c                CMU_OscillatorTuningOptimize
 .text.CORE_EnterAtomic
                0x00009974       0x20 ./emlib/em_core.o
                0x00009974                CORE_EnterAtomic
 .text.CORE_ExitAtomic
                0x00009994       0x1c ./emlib/em_core.o
                0x00009994                CORE_ExitAtomic
 .text.BUS_RegBitRead
                0x000099b0       0x2a ./emlib/em_emu.o
 *fill*         0x000099da        0x2 
 .text.EMU_VScaleWait
                0x000099dc       0x1c ./emlib/em_emu.o
 .text.EMU_VScaleGet
                0x000099f8       0x1c ./emlib/em_emu.o
 .text.vScaleEM01Cmd
                0x00009a14       0x22 ./emlib/em_emu.o
 *fill*         0x00009a36        0x2 
 .text.EMU_VScaleEM01ByClock
                0x00009a38       0x70 ./emlib/em_emu.o
                0x00009a38                EMU_VScaleEM01ByClock
 .text.EMU_VScaleEM01
                0x00009aa8       0x88 ./emlib/em_emu.o
                0x00009aa8                EMU_VScaleEM01
 .text.NVIC_EnableIRQ
                0x00009b30       0x34 ./emlib/em_ldma.o
 .text.NVIC_ClearPendingIRQ
                0x00009b64       0x34 ./emlib/em_ldma.o
 .text.NVIC_SetPriority
                0x00009b98       0x54 ./emlib/em_ldma.o
 .text.BUS_RegMaskedClear
                0x00009bec       0x24 ./emlib/em_ldma.o
 .text.LDMA_Init
                0x00009c10       0x74 ./emlib/em_ldma.o
                0x00009c10                LDMA_Init
 .text.LDMA_StartTransfer
                0x00009c84      0x154 ./emlib/em_ldma.o
                0x00009c84                LDMA_StartTransfer
 .text.LDMA_StopTransfer
                0x00009dd8       0x48 ./emlib/em_ldma.o
                0x00009dd8                LDMA_StopTransfer
 .text.LDMA_TransferRemainingCount
                0x00009e20       0x80 ./emlib/em_ldma.o
                0x00009e20                LDMA_TransferRemainingCount
 .text.RTCC_ChannelInit
                0x00009ea0       0x5c ./emlib/em_rtcc.o
                0x00009ea0                RTCC_ChannelInit
 .text.RTCC_Init
                0x00009efc       0x98 ./emlib/em_rtcc.o
                0x00009efc                RTCC_Init
 .text.TIMER_Valid
                0x00009f94       0x50 ./emlib/em_timer.o
 .text.TIMER_Init
                0x00009fe4       0xdc ./emlib/em_timer.o
                0x00009fe4                TIMER_Init
 .text.USART_BaudrateSyncSet
                0x0000a0c0       0x40 ./emlib/em_usart.o
                0x0000a0c0                USART_BaudrateSyncSet
 .text.USART_InitSync
                0x0000a100      0x104 ./emlib/em_usart.o
                0x0000a100                USART_InitSync
 .text.USART_Reset
                0x0000a204       0xcc ./emlib/em_usart.o
                0x0000a204                USART_Reset
 .text.BUS_RegMaskedSet
                0x0000a2d0       0x24 ./Drivers/em_gpio.o
 .text.BUS_RegMaskedClear
                0x0000a2f4       0x24 ./Drivers/em_gpio.o
 .text.GPIO_PinOutClear
                0x0000a318       0x78 ./Drivers/em_gpio.o
 .text.GPIO_PinOutSet
                0x0000a390       0x78 ./Drivers/em_gpio.o
 .text.GPIO_PinModeSet
                0x0000a408      0x138 ./Drivers/em_gpio.o
                0x0000a408                GPIO_PinModeSet
 .text._Z21spi_set_slave_requestP10spi_struct
                0x0000a540       0x3c ./src/common_spi.o
                0x0000a540                spi_set_slave_request(spi_struct*)
 .text._Z23spi_clear_slave_requestP10spi_struct
                0x0000a57c       0x14 ./src/common_spi.o
                0x0000a57c                spi_clear_slave_request(spi_struct*)
 .text._Z15spi_check_resetP10spi_struct
                0x0000a590       0x7a ./src/common_spi.o
                0x0000a590                spi_check_reset(spi_struct*)
 .text._Z24spi_set_pending_transferP10spi_struct
                0x0000a60a       0x1a ./src/common_spi.o
                0x0000a60a                spi_set_pending_transfer(spi_struct*)
 .text._Z26spi_clear_pending_transferP10spi_struct
                0x0000a624       0x1a ./src/common_spi.o
                0x0000a624                spi_clear_pending_transfer(spi_struct*)
 .text._Z27spi_clear_finished_transferP10spi_struct
                0x0000a63e       0x1a ./src/common_spi.o
                0x0000a63e                spi_clear_finished_transfer(spi_struct*)
 .text._Z19spi_finish_transferPct
                0x0000a658       0x40 ./src/common_spi.o
                0x0000a658                spi_finish_transfer(char*, unsigned short)
 .text._Z12spi_set_readv
                0x0000a698       0x28 ./src/common_spi.o
                0x0000a698                spi_set_read()
 .text._Z13spi_set_writePct
                0x0000a6c0       0x4c ./src/common_spi.o
                0x0000a6c0                spi_set_write(char*, unsigned short)
 .text._Z14spi_check_readPc
                0x0000a70c       0x74 ./src/common_spi.o
                0x0000a70c                spi_check_read(char*)
 .text._Z15spi_check_writev
                0x0000a780       0x4c ./src/common_spi.o
                0x0000a780                spi_check_write()
 .text._Z15init_spi_structP10spi_struct
                0x0000a7cc       0x9a ./src/common_spi.o
                0x0000a7cc                init_spi_struct(spi_struct*)
 *fill*         0x0000a866        0x2 
 .text._Z10handle_spiv
                0x0000a868       0x4c ./src/common_spi.o
                0x0000a868                handle_spi()
 .text._Z16handle_spi_resetP10spi_struct
                0x0000a8b4       0xe8 ./src/common_spi.o
                0x0000a8b4                handle_spi_reset(spi_struct*)
 .text._Z12send_connectP10spi_struct
                0x0000a99c       0xc4 ./src/common_spi.o
                0x0000a99c                send_connect(spi_struct*)
 .text._Z16get_new_transferP10spi_struct
                0x0000aa60       0x56 ./src/common_spi.o
                0x0000aa60                get_new_transfer(spi_struct*)
 .text._Z15handle_transferP10spi_struct
                0x0000aab6       0x6c ./src/common_spi.o
                0x0000aab6                handle_transfer(spi_struct*)
 .text._Z20spi_prepare_transferP10spi_struct
                0x0000ab22      0x1ac ./src/common_spi.o
                0x0000ab22                spi_prepare_transfer(spi_struct*)
 .text._Z18spi_parse_transferP10spi_struct
                0x0000acce      0x18c ./src/common_spi.o
                0x0000acce                spi_parse_transfer(spi_struct*)
 .text._Z16spi_parse_opcodePc
                0x0000ae5a       0x1e ./src/common_spi.o
                0x0000ae5a                spi_parse_opcode(char*)
 .text._Z19spi_string_to_int32Pch
                0x0000ae78       0x76 ./src/common_spi.o
                0x0000ae78                spi_string_to_int32(char*, unsigned char)
 .text._Z21string_to_instructionP22cnc_instruction_structPc
                0x0000aeee      0x18c ./src/common_cnc.o
                0x0000aeee                string_to_instruction(cnc_instruction_struct*, char*)
 .text._Z27string_to_motor_instructionP28cnc_motor_instruction_structPcPt
                0x0000b07a      0x102 ./src/common_cnc.o
                0x0000b07a                string_to_motor_instruction(cnc_motor_instruction_struct*, char*, unsigned short*)
 .text._Z28string_to_heater_instructionP29cnc_heater_instruction_structPcPt
                0x0000b17c       0xe4 ./src/common_cnc.o
                0x0000b17c                string_to_heater_instruction(cnc_heater_instruction_struct*, char*, unsigned short*)
 .text._Z17clear_instructionP22cnc_instruction_struct
                0x0000b260       0x8c ./src/common_cnc.o
                0x0000b260                clear_instruction(cnc_instruction_struct*)
 .text          0x0000b2ec      0x378 c:/siliconlabs/simplicitystudio/v4/developer/toolchains/gnu_arm/7.2_2017q4/bin/../lib/gcc/arm-none-eabi/7.2.1/thumb/v7e-m/fpv4-sp/softfp\libgcc.a(_arm_addsubdf3.o)
                0x0000b2ec                __aeabi_drsub
                0x0000b2f4                __aeabi_dsub
                0x0000b2f4                __subdf3
                0x0000b2f8                __aeabi_dadd
                0x0000b2f8                __adddf3
                0x0000b570                __floatunsidf
                0x0000b570                __aeabi_ui2d
                0x0000b590                __floatsidf
                0x0000b590                __aeabi_i2d
                0x0000b5b4                __aeabi_f2d
                0x0000b5b4                __extendsfdf2
                0x0000b5f8                __floatundidf
                0x0000b5f8                __aeabi_ul2d
                0x0000b608                __floatdidf
                0x0000b608                __aeabi_l2d
 .text          0x0000b664      0x424 c:/siliconlabs/simplicitystudio/v4/developer/toolchains/gnu_arm/7.2_2017q4/bin/../lib/gcc/arm-none-eabi/7.2.1/thumb/v7e-m/fpv4-sp/softfp\libgcc.a(_arm_muldivdf3.o)
                0x0000b664                __aeabi_dmul
                0x0000b664                __muldf3
                0x0000b8b8                __divdf3
                0x0000b8b8                __aeabi_ddiv
 .text          0x0000ba88      0x110 c:/siliconlabs/simplicitystudio/v4/developer/toolchains/gnu_arm/7.2_2017q4/bin/../lib/gcc/arm-none-eabi/7.2.1/thumb/v7e-m/fpv4-sp/softfp\libgcc.a(_arm_cmpdf2.o)
                0x0000ba88                __gtdf2
                0x0000ba88                __gedf2
                0x0000ba90                __ltdf2
                0x0000ba90                __ledf2
                0x0000ba98                __nedf2
                0x0000ba98                __eqdf2
                0x0000ba98                __cmpdf2
                0x0000bb14                __aeabi_cdrcmple
                0x0000bb24                __aeabi_cdcmpeq
                0x0000bb24                __aeabi_cdcmple
                0x0000bb34                __aeabi_dcmpeq
                0x0000bb48                __aeabi_dcmplt
                0x0000bb5c                __aeabi_dcmple
                0x0000bb70                __aeabi_dcmpge
                0x0000bb84                __aeabi_dcmpgt
 .text          0x0000bb98       0x30 c:/siliconlabs/simplicitystudio/v4/developer/toolchains/gnu_arm/7.2_2017q4/bin/../lib/gcc/arm-none-eabi/7.2.1/thumb/v7e-m/fpv4-sp/softfp\libgcc.a(_aeabi_uldivmod.o)
                0x0000bb98                __aeabi_uldivmod
 .text          0x0000bbc8      0x2cc c:/siliconlabs/simplicitystudio/v4/developer/toolchains/gnu_arm/7.2_2017q4/bin/../lib/gcc/arm-none-eabi/7.2.1/thumb/v7e-m/fpv4-sp/softfp\libgcc.a(_udivmoddi4.o)
                0x0000bbc8                __udivmoddi4
 .text          0x0000be94      0x9ec c:/siliconlabs/simplicitystudio/v4/developer/toolchains/gnu_arm/7.2_2017q4/bin/../lib/gcc/arm-none-eabi/7.2.1/thumb/v7e-m/fpv4-sp/softfp\libgcc.a(unwind-arm.o)
                0x0000c148                _Unwind_GetCFA
                0x0000c14c                __gnu_Unwind_RaiseException
                0x0000c1ac                __gnu_Unwind_ForcedUnwind
                0x0000c1c0                __gnu_Unwind_Resume
                0x0000c204                __gnu_Unwind_Resume_or_Rethrow
                0x0000c214                _Unwind_Complete
                0x0000c218                _Unwind_DeleteException
                0x0000c224                _Unwind_VRS_Get
                0x0000c268                _Unwind_VRS_Set
                0x0000c2b0                __gnu_Unwind_Backtrace
                0x0000c5f4                __aeabi_unwind_cpp_pr0
                0x0000c5f8                __aeabi_unwind_cpp_pr1
                0x0000c5fc                __aeabi_unwind_cpp_pr2
                0x0000c600                _Unwind_VRS_Pop
 .text          0x0000c880      0x1ac c:/siliconlabs/simplicitystudio/v4/developer/toolchains/gnu_arm/7.2_2017q4/bin/../lib/gcc/arm-none-eabi/7.2.1/thumb/v7e-m/fpv4-sp/softfp\libgcc.a(libunwind.o)
                0x0000c880                __restore_core_regs
                0x0000c880                restore_core_regs
                0x0000c898                __gnu_Unwind_Restore_VFP
                0x0000c8a0                __gnu_Unwind_Save_VFP
                0x0000c8a8                __gnu_Unwind_Restore_VFP_D
                0x0000c8b0                __gnu_Unwind_Save_VFP_D
                0x0000c8b8                __gnu_Unwind_Restore_VFP_D_16_to_31
                0x0000c8c0                __gnu_Unwind_Save_VFP_D_16_to_31
                0x0000c8c8                __gnu_Unwind_Restore_WMMXD
                0x0000c90c                __gnu_Unwind_Save_WMMXD
                0x0000c950                __gnu_Unwind_Restore_WMMXC
                0x0000c964                __gnu_Unwind_Save_WMMXC
                0x0000c978                ___Unwind_RaiseException
                0x0000c978                _Unwind_RaiseException
                0x0000c99c                _Unwind_Resume
                0x0000c99c                ___Unwind_Resume
                0x0000c9c0                _Unwind_Resume_or_Rethrow
                0x0000c9c0                ___Unwind_Resume_or_Rethrow
                0x0000c9e4                _Unwind_ForcedUnwind
                0x0000c9e4                ___Unwind_ForcedUnwind
                0x0000ca08                ___Unwind_Backtrace
                0x0000ca08                _Unwind_Backtrace
 .text          0x0000ca2c      0x374 c:/siliconlabs/simplicitystudio/v4/developer/toolchains/gnu_arm/7.2_2017q4/bin/../lib/gcc/arm-none-eabi/7.2.1/thumb/v7e-m/fpv4-sp/softfp\libgcc.a(pr-support.o)
                0x0000ca84                __gnu_unwind_execute
                0x0000cd48                __gnu_unwind_frame
                0x0000cd70                _Unwind_GetRegionStart
                0x0000cd7c                _Unwind_GetLanguageSpecificData
                0x0000cd90                _Unwind_GetDataRelBase
                0x0000cd98                _Unwind_GetTextRelBase
 .text          0x0000cda0        0x4 c:/siliconlabs/simplicitystudio/v4/developer/toolchains/gnu_arm/7.2_2017q4/bin/../lib/gcc/arm-none-eabi/7.2.1/thumb/v7e-m/fpv4-sp/softfp\libgcc.a(_dvmd_tls.o)
                0x0000cda0                __aeabi_idiv0
                0x0000cda0                __aeabi_ldiv0
 .text.log      0x0000cda4       0xfc c:/siliconlabs/simplicitystudio/v4/developer/toolchains/gnu_arm/7.2_2017q4/bin/../lib/gcc/arm-none-eabi/7.2.1/../../../../arm-none-eabi/lib/thumb/v7e-m/fpv4-sp/softfp\libm.a(lib_a-w_log.o)
                0x0000cda4                log
 .text.__ieee754_log
                0x0000cea0      0x394 c:/siliconlabs/simplicitystudio/v4/developer/toolchains/gnu_arm/7.2_2017q4/bin/../lib/gcc/arm-none-eabi/7.2.1/../../../../arm-none-eabi/lib/thumb/v7e-m/fpv4-sp/softfp\libm.a(lib_a-e_log.o)
                0x0000cea0                __ieee754_log
 .text.matherr  0x0000d234        0x4 c:/siliconlabs/simplicitystudio/v4/developer/toolchains/gnu_arm/7.2_2017q4/bin/../lib/gcc/arm-none-eabi/7.2.1/../../../../arm-none-eabi/lib/thumb/v7e-m/fpv4-sp/softfp\libm.a(lib_a-s_matherr.o)
                0x0000d234                matherr
 .text.nan      0x0000d238        0xc c:/siliconlabs/simplicitystudio/v4/developer/toolchains/gnu_arm/7.2_2017q4/bin/../lib/gcc/arm-none-eabi/7.2.1/../../../../arm-none-eabi/lib/thumb/v7e-m/fpv4-sp/softfp\libm.a(lib_a-s_nan.o)
                0x0000d238                nan
 .text.abort    0x0000d244        0xe c:/siliconlabs/simplicitystudio/v4/developer/toolchains/gnu_arm/7.2_2017q4/bin/../lib/gcc/arm-none-eabi/7.2.1/../../../../arm-none-eabi/lib/thumb/v7e-m/fpv4-sp/softfp\libc_nano.a(lib_a-abort.o)
                0x0000d244                abort
 *fill*         0x0000d252        0x2 
 .text.__errno  0x0000d254        0xc c:/siliconlabs/simplicitystudio/v4/developer/toolchains/gnu_arm/7.2_2017q4/bin/../lib/gcc/arm-none-eabi/7.2.1/../../../../arm-none-eabi/lib/thumb/v7e-m/fpv4-sp/softfp\libc_nano.a(lib_a-errno.o)
                0x0000d254                __errno
 .text.exit     0x0000d260       0x28 c:/siliconlabs/simplicitystudio/v4/developer/toolchains/gnu_arm/7.2_2017q4/bin/../lib/gcc/arm-none-eabi/7.2.1/../../../../arm-none-eabi/lib/thumb/v7e-m/fpv4-sp/softfp\libc_nano.a(lib_a-exit.o)
                0x0000d260                exit
 .text.__libc_init_array
                0x0000d288       0x48 c:/siliconlabs/simplicitystudio/v4/developer/toolchains/gnu_arm/7.2_2017q4/bin/../lib/gcc/arm-none-eabi/7.2.1/../../../../arm-none-eabi/lib/thumb/v7e-m/fpv4-sp/softfp\libc_nano.a(lib_a-init.o)
                0x0000d288                __libc_init_array
 .text.memcpy   0x0000d2d0       0x16 c:/siliconlabs/simplicitystudio/v4/developer/toolchains/gnu_arm/7.2_2017q4/bin/../lib/gcc/arm-none-eabi/7.2.1/../../../../arm-none-eabi/lib/thumb/v7e-m/fpv4-sp/softfp\libc_nano.a(lib_a-memcpy-stub.o)
                0x0000d2d0                memcpy
 .text.memset   0x0000d2e6       0x10 c:/siliconlabs/simplicitystudio/v4/developer/toolchains/gnu_arm/7.2_2017q4/bin/../lib/gcc/arm-none-eabi/7.2.1/../../../../arm-none-eabi/lib/thumb/v7e-m/fpv4-sp/softfp\libc_nano.a(lib_a-memset.o)
                0x0000d2e6                memset
 .text.__cvt    0x0000d2f6       0xbc c:/siliconlabs/simplicitystudio/v4/developer/toolchains/gnu_arm/7.2_2017q4/bin/../lib/gcc/arm-none-eabi/7.2.1/../../../../arm-none-eabi/lib/thumb/v7e-m/fpv4-sp/softfp\libc_nano.a(lib_a-nano-vfprintf_float.o)
                0x0000d2f6                __cvt
 .text.__exponent
                0x0000d3b2       0x66 c:/siliconlabs/simplicitystudio/v4/developer/toolchains/gnu_arm/7.2_2017q4/bin/../lib/gcc/arm-none-eabi/7.2.1/../../../../arm-none-eabi/lib/thumb/v7e-m/fpv4-sp/softfp\libc_nano.a(lib_a-nano-vfprintf_float.o)
                0x0000d3b2                __exponent
 .text._printf_float
                0x0000d418      0x48c c:/siliconlabs/simplicitystudio/v4/developer/toolchains/gnu_arm/7.2_2017q4/bin/../lib/gcc/arm-none-eabi/7.2.1/../../../../arm-none-eabi/lib/thumb/v7e-m/fpv4-sp/softfp\libc_nano.a(lib_a-nano-vfprintf_float.o)
                0x0000d418                _printf_float
 .text._printf_common
                0x0000d8a4       0xea c:/siliconlabs/simplicitystudio/v4/developer/toolchains/gnu_arm/7.2_2017q4/bin/../lib/gcc/arm-none-eabi/7.2.1/../../../../arm-none-eabi/lib/thumb/v7e-m/fpv4-sp/softfp\libc_nano.a(lib_a-nano-vfprintf_i.o)
                0x0000d8a4                _printf_common
 *fill*         0x0000d98e        0x2 
 .text._printf_i
                0x0000d990      0x224 c:/siliconlabs/simplicitystudio/v4/developer/toolchains/gnu_arm/7.2_2017q4/bin/../lib/gcc/arm-none-eabi/7.2.1/../../../../arm-none-eabi/lib/thumb/v7e-m/fpv4-sp/softfp\libc_nano.a(lib_a-nano-vfprintf_i.o)
                0x0000d990                _printf_i
 .text._scanf_float
                0x0000dbb4      0x3bc c:/siliconlabs/simplicitystudio/v4/developer/toolchains/gnu_arm/7.2_2017q4/bin/../lib/gcc/arm-none-eabi/7.2.1/../../../../arm-none-eabi/lib/thumb/v7e-m/fpv4-sp/softfp\libc_nano.a(lib_a-nano-vfscanf_float.o)
                0x0000dbb4                _scanf_float
 .text.nanf     0x0000df70        0x8 c:/siliconlabs/simplicitystudio/v4/developer/toolchains/gnu_arm/7.2_2017q4/bin/../lib/gcc/arm-none-eabi/7.2.1/../../../../arm-none-eabi/lib/thumb/v7e-m/fpv4-sp/softfp\libc_nano.a(lib_a-sf_nan.o)
                0x0000df70                nanf
 .text._raise_r
                0x0000df78       0x50 c:/siliconlabs/simplicitystudio/v4/developer/toolchains/gnu_arm/7.2_2017q4/bin/../lib/gcc/arm-none-eabi/7.2.1/../../../../arm-none-eabi/lib/thumb/v7e-m/fpv4-sp/softfp\libc_nano.a(lib_a-signal.o)
                0x0000df78                _raise_r
 .text.raise    0x0000dfc8       0x10 c:/siliconlabs/simplicitystudio/v4/developer/toolchains/gnu_arm/7.2_2017q4/bin/../lib/gcc/arm-none-eabi/7.2.1/../../../../arm-none-eabi/lib/thumb/v7e-m/fpv4-sp/softfp\libc_nano.a(lib_a-signal.o)
                0x0000dfc8                raise
 .text._kill_r  0x0000dfd8       0x24 c:/siliconlabs/simplicitystudio/v4/developer/toolchains/gnu_arm/7.2_2017q4/bin/../lib/gcc/arm-none-eabi/7.2.1/../../../../arm-none-eabi/lib/thumb/v7e-m/fpv4-sp/softfp\libc_nano.a(lib_a-signalr.o)
                0x0000dfd8                _kill_r
 .text._getpid_r
                0x0000dffc        0x4 c:/siliconlabs/simplicitystudio/v4/developer/toolchains/gnu_arm/7.2_2017q4/bin/../lib/gcc/arm-none-eabi/7.2.1/../../../../arm-none-eabi/lib/thumb/v7e-m/fpv4-sp/softfp\libc_nano.a(lib_a-signalr.o)
                0x0000dffc                _getpid_r
 .text.sprintf  0x0000e000       0x40 c:/siliconlabs/simplicitystudio/v4/developer/toolchains/gnu_arm/7.2_2017q4/bin/../lib/gcc/arm-none-eabi/7.2.1/../../../../arm-none-eabi/lib/thumb/v7e-m/fpv4-sp/softfp\libc_nano.a(lib_a-sprintf.o)
                0x0000e000                siprintf
                0x0000e000                sprintf
 .text          0x0000e040       0x14 c:/siliconlabs/simplicitystudio/v4/developer/toolchains/gnu_arm/7.2_2017q4/bin/../lib/gcc/arm-none-eabi/7.2.1/../../../../arm-none-eabi/lib/thumb/v7e-m/fpv4-sp/softfp\libc_nano.a(lib_a-strcmp.o)
                0x0000e040                strcmp
 .text.strcpy   0x0000e054       0x10 c:/siliconlabs/simplicitystudio/v4/developer/toolchains/gnu_arm/7.2_2017q4/bin/../lib/gcc/arm-none-eabi/7.2.1/../../../../arm-none-eabi/lib/thumb/v7e-m/fpv4-sp/softfp\libc_nano.a(lib_a-strcpy.o)
                0x0000e054                strcpy
 .text          0x0000e064       0x10 c:/siliconlabs/simplicitystudio/v4/developer/toolchains/gnu_arm/7.2_2017q4/bin/../lib/gcc/arm-none-eabi/7.2.1/../../../../arm-none-eabi/lib/thumb/v7e-m/fpv4-sp/softfp\libc_nano.a(lib_a-strlen.o)
                0x0000e064                strlen
 .text.unlikely.sulp
                0x0000e074       0x42 c:/siliconlabs/simplicitystudio/v4/developer/toolchains/gnu_arm/7.2_2017q4/bin/../lib/gcc/arm-none-eabi/7.2.1/../../../../arm-none-eabi/lib/thumb/v7e-m/fpv4-sp/softfp\libc_nano.a(lib_a-strtod.o)
 *fill*         0x0000e0b6        0x2 
 .text._strtod_l
                0x0000e0b8      0xbe0 c:/siliconlabs/simplicitystudio/v4/developer/toolchains/gnu_arm/7.2_2017q4/bin/../lib/gcc/arm-none-eabi/7.2.1/../../../../arm-none-eabi/lib/thumb/v7e-m/fpv4-sp/softfp\libc_nano.a(lib_a-strtod.o)
                0x0000e0b8                _strtod_l
 .text._strtod_r
                0x0000ec98       0x20 c:/siliconlabs/simplicitystudio/v4/developer/toolchains/gnu_arm/7.2_2017q4/bin/../lib/gcc/arm-none-eabi/7.2.1/../../../../arm-none-eabi/lib/thumb/v7e-m/fpv4-sp/softfp\libc_nano.a(lib_a-strtod.o)
                0x0000ec98                _strtod_r
 .text._strtol_l.isra.0
                0x0000ecb8       0xf6 c:/siliconlabs/simplicitystudio/v4/developer/toolchains/gnu_arm/7.2_2017q4/bin/../lib/gcc/arm-none-eabi/7.2.1/../../../../arm-none-eabi/lib/thumb/v7e-m/fpv4-sp/softfp\libc_nano.a(lib_a-strtol.o)
 *fill*         0x0000edae        0x2 
 .text._strtol_r
                0x0000edb0       0x24 c:/siliconlabs/simplicitystudio/v4/developer/toolchains/gnu_arm/7.2_2017q4/bin/../lib/gcc/arm-none-eabi/7.2.1/../../../../arm-none-eabi/lib/thumb/v7e-m/fpv4-sp/softfp\libc_nano.a(lib_a-strtol.o)
                0x0000edb0                _strtol_r
 .text._vsnprintf_r
                0x0000edd4       0x58 c:/siliconlabs/simplicitystudio/v4/developer/toolchains/gnu_arm/7.2_2017q4/bin/../lib/gcc/arm-none-eabi/7.2.1/../../../../arm-none-eabi/lib/thumb/v7e-m/fpv4-sp/softfp\libc_nano.a(lib_a-vsnprintf.o)
                0x0000edd4                _vsniprintf_r
                0x0000edd4                _vsnprintf_r
 .text.vsnprintf
                0x0000ee2c       0x1c c:/siliconlabs/simplicitystudio/v4/developer/toolchains/gnu_arm/7.2_2017q4/bin/../lib/gcc/arm-none-eabi/7.2.1/../../../../arm-none-eabi/lib/thumb/v7e-m/fpv4-sp/softfp\libc_nano.a(lib_a-vsnprintf.o)
                0x0000ee2c                vsniprintf
                0x0000ee2c                vsnprintf
 .text.quorem   0x0000ee48      0x118 c:/siliconlabs/simplicitystudio/v4/developer/toolchains/gnu_arm/7.2_2017q4/bin/../lib/gcc/arm-none-eabi/7.2.1/../../../../arm-none-eabi/lib/thumb/v7e-m/fpv4-sp/softfp\libc_nano.a(lib_a-dtoa.o)
 .text._dtoa_r  0x0000ef60      0xb7c c:/siliconlabs/simplicitystudio/v4/developer/toolchains/gnu_arm/7.2_2017q4/bin/../lib/gcc/arm-none-eabi/7.2.1/../../../../arm-none-eabi/lib/thumb/v7e-m/fpv4-sp/softfp\libc_nano.a(lib_a-dtoa.o)
                0x0000ef60                _dtoa_r
 .text.rshift   0x0000fadc       0x74 c:/siliconlabs/simplicitystudio/v4/developer/toolchains/gnu_arm/7.2_2017q4/bin/../lib/gcc/arm-none-eabi/7.2.1/../../../../arm-none-eabi/lib/thumb/v7e-m/fpv4-sp/softfp\libc_nano.a(lib_a-gdtoa-gethex.o)
 .text.__hexdig_fun
                0x0000fb50       0x2a c:/siliconlabs/simplicitystudio/v4/developer/toolchains/gnu_arm/7.2_2017q4/bin/../lib/gcc/arm-none-eabi/7.2.1/../../../../arm-none-eabi/lib/thumb/v7e-m/fpv4-sp/softfp\libc_nano.a(lib_a-gdtoa-gethex.o)
                0x0000fb50                __hexdig_fun
 .text.__gethex
                0x0000fb7a      0x442 c:/siliconlabs/simplicitystudio/v4/developer/toolchains/gnu_arm/7.2_2017q4/bin/../lib/gcc/arm-none-eabi/7.2.1/../../../../arm-none-eabi/lib/thumb/v7e-m/fpv4-sp/softfp\libc_nano.a(lib_a-gdtoa-gethex.o)
                0x0000fb7a                __gethex
 .text.L_shift  0x0000ffbc       0x24 c:/siliconlabs/simplicitystudio/v4/developer/toolchains/gnu_arm/7.2_2017q4/bin/../lib/gcc/arm-none-eabi/7.2.1/../../../../arm-none-eabi/lib/thumb/v7e-m/fpv4-sp/softfp\libc_nano.a(lib_a-gdtoa-hexnan.o)
 .text.__match  0x0000ffe0       0x28 c:/siliconlabs/simplicitystudio/v4/developer/toolchains/gnu_arm/7.2_2017q4/bin/../lib/gcc/arm-none-eabi/7.2.1/../../../../arm-none-eabi/lib/thumb/v7e-m/fpv4-sp/softfp\libc_nano.a(lib_a-gdtoa-hexnan.o)
                0x0000ffe0                __match
 .text.__hexnan
                0x00010008      0x120 c:/siliconlabs/simplicitystudio/v4/developer/toolchains/gnu_arm/7.2_2017q4/bin/../lib/gcc/arm-none-eabi/7.2.1/../../../../arm-none-eabi/lib/thumb/v7e-m/fpv4-sp/softfp\libc_nano.a(lib_a-gdtoa-hexnan.o)
                0x00010008                __hexnan
 .text.__locale_ctype_ptr_l
                0x00010128        0x6 c:/siliconlabs/simplicitystudio/v4/developer/toolchains/gnu_arm/7.2_2017q4/bin/../lib/gcc/arm-none-eabi/7.2.1/../../../../arm-none-eabi/lib/thumb/v7e-m/fpv4-sp/softfp\libc_nano.a(lib_a-locale.o)
                0x00010128                __locale_ctype_ptr_l
 .text.__localeconv_l
                0x0001012e        0x4 c:/siliconlabs/simplicitystudio/v4/developer/toolchains/gnu_arm/7.2_2017q4/bin/../lib/gcc/arm-none-eabi/7.2.1/../../../../arm-none-eabi/lib/thumb/v7e-m/fpv4-sp/softfp\libc_nano.a(lib_a-localeconv.o)
                0x0001012e                __localeconv_l
 *fill*         0x00010132        0x2 
 .text._localeconv_r
                0x00010134       0x1c c:/siliconlabs/simplicitystudio/v4/developer/toolchains/gnu_arm/7.2_2017q4/bin/../lib/gcc/arm-none-eabi/7.2.1/../../../../arm-none-eabi/lib/thumb/v7e-m/fpv4-sp/softfp\libc_nano.a(lib_a-localeconv.o)
                0x00010134                _localeconv_r
 .text.malloc   0x00010150       0x10 c:/siliconlabs/simplicitystudio/v4/developer/toolchains/gnu_arm/7.2_2017q4/bin/../lib/gcc/arm-none-eabi/7.2.1/../../../../arm-none-eabi/lib/thumb/v7e-m/fpv4-sp/softfp\libc_nano.a(lib_a-malloc.o)
                0x00010150                malloc
 .text.__ascii_mbtowc
                0x00010160       0x24 c:/siliconlabs/simplicitystudio/v4/developer/toolchains/gnu_arm/7.2_2017q4/bin/../lib/gcc/arm-none-eabi/7.2.1/../../../../arm-none-eabi/lib/thumb/v7e-m/fpv4-sp/softfp\libc_nano.a(lib_a-mbtowc_r.o)
                0x00010160                __ascii_mbtowc
 *fill*         0x00010184        0xc 
 .text          0x00010190       0xa0 c:/siliconlabs/simplicitystudio/v4/developer/toolchains/gnu_arm/7.2_2017q4/bin/../lib/gcc/arm-none-eabi/7.2.1/../../../../arm-none-eabi/lib/thumb/v7e-m/fpv4-sp/softfp\libc_nano.a(lib_a-memchr.o)
                0x00010190                memchr
 .text._Balloc  0x00010230       0x68 c:/siliconlabs/simplicitystudio/v4/developer/toolchains/gnu_arm/7.2_2017q4/bin/../lib/gcc/arm-none-eabi/7.2.1/../../../../arm-none-eabi/lib/thumb/v7e-m/fpv4-sp/softfp\libc_nano.a(lib_a-mprec.o)
                0x00010230                _Balloc
 .text._Bfree   0x00010298       0x2e c:/siliconlabs/simplicitystudio/v4/developer/toolchains/gnu_arm/7.2_2017q4/bin/../lib/gcc/arm-none-eabi/7.2.1/../../../../arm-none-eabi/lib/thumb/v7e-m/fpv4-sp/softfp\libc_nano.a(lib_a-mprec.o)
                0x00010298                _Bfree
 .text.__multadd
                0x000102c6       0x76 c:/siliconlabs/simplicitystudio/v4/developer/toolchains/gnu_arm/7.2_2017q4/bin/../lib/gcc/arm-none-eabi/7.2.1/../../../../arm-none-eabi/lib/thumb/v7e-m/fpv4-sp/softfp\libc_nano.a(lib_a-mprec.o)
                0x000102c6                __multadd
 .text.__s2b    0x0001033c       0x7c c:/siliconlabs/simplicitystudio/v4/developer/toolchains/gnu_arm/7.2_2017q4/bin/../lib/gcc/arm-none-eabi/7.2.1/../../../../arm-none-eabi/lib/thumb/v7e-m/fpv4-sp/softfp\libc_nano.a(lib_a-mprec.o)
                0x0001033c                __s2b
 .text.__hi0bits
                0x000103b8       0x3e c:/siliconlabs/simplicitystudio/v4/developer/toolchains/gnu_arm/7.2_2017q4/bin/../lib/gcc/arm-none-eabi/7.2.1/../../../../arm-none-eabi/lib/thumb/v7e-m/fpv4-sp/softfp\libc_nano.a(lib_a-mprec.o)
                0x000103b8                __hi0bits
 .text.__lo0bits
                0x000103f6       0x5e c:/siliconlabs/simplicitystudio/v4/developer/toolchains/gnu_arm/7.2_2017q4/bin/../lib/gcc/arm-none-eabi/7.2.1/../../../../arm-none-eabi/lib/thumb/v7e-m/fpv4-sp/softfp\libc_nano.a(lib_a-mprec.o)
                0x000103f6                __lo0bits
 .text.__i2b    0x00010454       0x12 c:/siliconlabs/simplicitystudio/v4/developer/toolchains/gnu_arm/7.2_2017q4/bin/../lib/gcc/arm-none-eabi/7.2.1/../../../../arm-none-eabi/lib/thumb/v7e-m/fpv4-sp/softfp\libc_nano.a(lib_a-mprec.o)
                0x00010454                __i2b
 .text.__multiply
                0x00010466      0x12c c:/siliconlabs/simplicitystudio/v4/developer/toolchains/gnu_arm/7.2_2017q4/bin/../lib/gcc/arm-none-eabi/7.2.1/../../../../arm-none-eabi/lib/thumb/v7e-m/fpv4-sp/softfp\libc_nano.a(lib_a-mprec.o)
                0x00010466                __multiply
 *fill*         0x00010592        0x2 
 .text.__pow5mult
                0x00010594       0x9c c:/siliconlabs/simplicitystudio/v4/developer/toolchains/gnu_arm/7.2_2017q4/bin/../lib/gcc/arm-none-eabi/7.2.1/../../../../arm-none-eabi/lib/thumb/v7e-m/fpv4-sp/softfp\libc_nano.a(lib_a-mprec.o)
                0x00010594                __pow5mult
 .text.__lshift
                0x00010630       0xa8 c:/siliconlabs/simplicitystudio/v4/developer/toolchains/gnu_arm/7.2_2017q4/bin/../lib/gcc/arm-none-eabi/7.2.1/../../../../arm-none-eabi/lib/thumb/v7e-m/fpv4-sp/softfp\libc_nano.a(lib_a-mprec.o)
                0x00010630                __lshift
 .text.__mcmp   0x000106d8       0x34 c:/siliconlabs/simplicitystudio/v4/developer/toolchains/gnu_arm/7.2_2017q4/bin/../lib/gcc/arm-none-eabi/7.2.1/../../../../arm-none-eabi/lib/thumb/v7e-m/fpv4-sp/softfp\libc_nano.a(lib_a-mprec.o)
                0x000106d8                __mcmp
 .text.__mdiff  0x0001070c       0xba c:/siliconlabs/simplicitystudio/v4/developer/toolchains/gnu_arm/7.2_2017q4/bin/../lib/gcc/arm-none-eabi/7.2.1/../../../../arm-none-eabi/lib/thumb/v7e-m/fpv4-sp/softfp\libc_nano.a(lib_a-mprec.o)
                0x0001070c                __mdiff
 *fill*         0x000107c6        0x2 
 .text.__ulp    0x000107c8       0x48 c:/siliconlabs/simplicitystudio/v4/developer/toolchains/gnu_arm/7.2_2017q4/bin/../lib/gcc/arm-none-eabi/7.2.1/../../../../arm-none-eabi/lib/thumb/v7e-m/fpv4-sp/softfp\libc_nano.a(lib_a-mprec.o)
                0x000107c8                __ulp
 .text.__b2d    0x00010810       0xa4 c:/siliconlabs/simplicitystudio/v4/developer/toolchains/gnu_arm/7.2_2017q4/bin/../lib/gcc/arm-none-eabi/7.2.1/../../../../arm-none-eabi/lib/thumb/v7e-m/fpv4-sp/softfp\libc_nano.a(lib_a-mprec.o)
                0x00010810                __b2d
 .text.__d2b    0x000108b4       0x9e c:/siliconlabs/simplicitystudio/v4/developer/toolchains/gnu_arm/7.2_2017q4/bin/../lib/gcc/arm-none-eabi/7.2.1/../../../../arm-none-eabi/lib/thumb/v7e-m/fpv4-sp/softfp\libc_nano.a(lib_a-mprec.o)
                0x000108b4                __d2b
 .text.__ratio  0x00010952       0x5c c:/siliconlabs/simplicitystudio/v4/developer/toolchains/gnu_arm/7.2_2017q4/bin/../lib/gcc/arm-none-eabi/7.2.1/../../../../arm-none-eabi/lib/thumb/v7e-m/fpv4-sp/softfp\libc_nano.a(lib_a-mprec.o)
                0x00010952                __ratio
 .text.__copybits
                0x000109ae       0x34 c:/siliconlabs/simplicitystudio/v4/developer/toolchains/gnu_arm/7.2_2017q4/bin/../lib/gcc/arm-none-eabi/7.2.1/../../../../arm-none-eabi/lib/thumb/v7e-m/fpv4-sp/softfp\libc_nano.a(lib_a-mprec.o)
                0x000109ae                __copybits
 .text.__any_on
                0x000109e2       0x42 c:/siliconlabs/simplicitystudio/v4/developer/toolchains/gnu_arm/7.2_2017q4/bin/../lib/gcc/arm-none-eabi/7.2.1/../../../../arm-none-eabi/lib/thumb/v7e-m/fpv4-sp/softfp\libc_nano.a(lib_a-mprec.o)
                0x000109e2                __any_on
 .text._calloc_r
                0x00010a24       0x1c c:/siliconlabs/simplicitystudio/v4/developer/toolchains/gnu_arm/7.2_2017q4/bin/../lib/gcc/arm-none-eabi/7.2.1/../../../../arm-none-eabi/lib/thumb/v7e-m/fpv4-sp/softfp\libc_nano.a(lib_a-nano-callocr.o)
                0x00010a24                _calloc_r
 .text._free_r  0x00010a40       0x9c c:/siliconlabs/simplicitystudio/v4/developer/toolchains/gnu_arm/7.2_2017q4/bin/../lib/gcc/arm-none-eabi/7.2.1/../../../../arm-none-eabi/lib/thumb/v7e-m/fpv4-sp/softfp\libc_nano.a(lib_a-nano-freer.o)
                0x00010a40                _free_r
 .text._malloc_r
                0x00010adc       0xb4 c:/siliconlabs/simplicitystudio/v4/developer/toolchains/gnu_arm/7.2_2017q4/bin/../lib/gcc/arm-none-eabi/7.2.1/../../../../arm-none-eabi/lib/thumb/v7e-m/fpv4-sp/softfp\libc_nano.a(lib_a-nano-mallocr.o)
                0x00010adc                _malloc_r
 .text.__ssputs_r
                0x00010b90       0xb4 c:/siliconlabs/simplicitystudio/v4/developer/toolchains/gnu_arm/7.2_2017q4/bin/../lib/gcc/arm-none-eabi/7.2.1/../../../../arm-none-eabi/lib/thumb/v7e-m/fpv4-sp/softfp\libc_nano.a(lib_a-nano-svfprintf.o)
                0x00010b90                __ssputs_r
 .text._svfprintf_r
                0x00010c44      0x1ec c:/siliconlabs/simplicitystudio/v4/developer/toolchains/gnu_arm/7.2_2017q4/bin/../lib/gcc/arm-none-eabi/7.2.1/../../../../arm-none-eabi/lib/thumb/v7e-m/fpv4-sp/softfp\libc_nano.a(lib_a-nano-svfprintf.o)
                0x00010c44                _svfiprintf_r
                0x00010c44                _svfprintf_r
 .text._sbrk_r  0x00010e30       0x20 c:/siliconlabs/simplicitystudio/v4/developer/toolchains/gnu_arm/7.2_2017q4/bin/../lib/gcc/arm-none-eabi/7.2.1/../../../../arm-none-eabi/lib/thumb/v7e-m/fpv4-sp/softfp\libc_nano.a(lib_a-sbrkr.o)
                0x00010e30                _sbrk_r
 .text.strncmp  0x00010e50       0x24 c:/siliconlabs/simplicitystudio/v4/developer/toolchains/gnu_arm/7.2_2017q4/bin/../lib/gcc/arm-none-eabi/7.2.1/../../../../arm-none-eabi/lib/thumb/v7e-m/fpv4-sp/softfp\libc_nano.a(lib_a-strncmp.o)
                0x00010e50                strncmp
 .text.__ascii_wctomb
                0x00010e74       0x1a c:/siliconlabs/simplicitystudio/v4/developer/toolchains/gnu_arm/7.2_2017q4/bin/../lib/gcc/arm-none-eabi/7.2.1/../../../../arm-none-eabi/lib/thumb/v7e-m/fpv4-sp/softfp\libc_nano.a(lib_a-wctomb_r.o)
                0x00010e74                __ascii_wctomb
 .text.memmove  0x00010e8e       0x32 c:/siliconlabs/simplicitystudio/v4/developer/toolchains/gnu_arm/7.2_2017q4/bin/../lib/gcc/arm-none-eabi/7.2.1/../../../../arm-none-eabi/lib/thumb/v7e-m/fpv4-sp/softfp\libc_nano.a(lib_a-memmove.o)
                0x00010e8e                memmove
 .text.__malloc_lock
                0x00010ec0        0x2 c:/siliconlabs/simplicitystudio/v4/developer/toolchains/gnu_arm/7.2_2017q4/bin/../lib/gcc/arm-none-eabi/7.2.1/../../../../arm-none-eabi/lib/thumb/v7e-m/fpv4-sp/softfp\libc_nano.a(lib_a-mlock.o)
                0x00010ec0                __malloc_lock
 .text.__malloc_unlock
                0x00010ec2        0x2 c:/siliconlabs/simplicitystudio/v4/developer/toolchains/gnu_arm/7.2_2017q4/bin/../lib/gcc/arm-none-eabi/7.2.1/../../../../arm-none-eabi/lib/thumb/v7e-m/fpv4-sp/softfp\libc_nano.a(lib_a-mlock.o)
                0x00010ec2                __malloc_unlock
 .text._realloc_r
                0x00010ec4       0x4c c:/siliconlabs/simplicitystudio/v4/developer/toolchains/gnu_arm/7.2_2017q4/bin/../lib/gcc/arm-none-eabi/7.2.1/../../../../arm-none-eabi/lib/thumb/v7e-m/fpv4-sp/softfp\libc_nano.a(lib_a-nano-reallocr.o)
                0x00010ec4                _realloc_r
 .text._malloc_usable_size_r
                0x00010f10       0x10 c:/siliconlabs/simplicitystudio/v4/developer/toolchains/gnu_arm/7.2_2017q4/bin/../lib/gcc/arm-none-eabi/7.2.1/../../../../arm-none-eabi/lib/thumb/v7e-m/fpv4-sp/softfp\libc_nano.a(lib_a-nano-msizer.o)
                0x00010f10                _malloc_usable_size_r
 .text          0x00010f20       0x2c c:/siliconlabs/simplicitystudio/v4/developer/toolchains/gnu_arm/7.2_2017q4/bin/../lib/gcc/arm-none-eabi/7.2.1/thumb/v7e-m/fpv4-sp/softfp\libgcc.a(_arm_unorddf2.o)
                0x00010f20                __unorddf2
                0x00010f20                __aeabi_dcmpun
 .text          0x00010f4c       0x50 c:/siliconlabs/simplicitystudio/v4/developer/toolchains/gnu_arm/7.2_2017q4/bin/../lib/gcc/arm-none-eabi/7.2.1/thumb/v7e-m/fpv4-sp/softfp\libgcc.a(_arm_fixdfsi.o)
                0x00010f4c                __aeabi_d2iz
                0x00010f4c                __fixdfsi
 .text          0x00010f9c       0x40 c:/siliconlabs/simplicitystudio/v4/developer/toolchains/gnu_arm/7.2_2017q4/bin/../lib/gcc/arm-none-eabi/7.2.1/thumb/v7e-m/fpv4-sp/softfp\libgcc.a(_arm_fixunsdfsi.o)
                0x00010f9c                __aeabi_d2uiz
                0x00010f9c                __fixunsdfsi
 .text          0x00010fdc       0xa0 c:/siliconlabs/simplicitystudio/v4/developer/toolchains/gnu_arm/7.2_2017q4/bin/../lib/gcc/arm-none-eabi/7.2.1/thumb/v7e-m/fpv4-sp/softfp\libgcc.a(_arm_truncdfsf2.o)
                0x00010fdc                __truncdfsf2
                0x00010fdc                __aeabi_d2f
 .text._getpid  0x0001107c       0x10 c:/siliconlabs/simplicitystudio/v4/developer/toolchains/gnu_arm/7.2_2017q4/bin/../lib/gcc/arm-none-eabi/7.2.1/../../../../arm-none-eabi/lib/thumb/v7e-m/fpv4-sp/softfp\libnosys.a(getpid.o)
                0x0001107c                _getpid
 .text._kill    0x0001108c       0x10 c:/siliconlabs/simplicitystudio/v4/developer/toolchains/gnu_arm/7.2_2017q4/bin/../lib/gcc/arm-none-eabi/7.2.1/../../../../arm-none-eabi/lib/thumb/v7e-m/fpv4-sp/softfp\libnosys.a(kill.o)
                0x0001108c                _kill
 .text._sbrk    0x0001109c       0x1c c:/siliconlabs/simplicitystudio/v4/developer/toolchains/gnu_arm/7.2_2017q4/bin/../lib/gcc/arm-none-eabi/7.2.1/../../../../arm-none-eabi/lib/thumb/v7e-m/fpv4-sp/softfp\libnosys.a(sbrk.o)
                0x0001109c                _sbrk
 .text._exit    0x000110b8        0x4 c:/siliconlabs/simplicitystudio/v4/developer/toolchains/gnu_arm/7.2_2017q4/bin/../lib/gcc/arm-none-eabi/7.2.1/../../../../arm-none-eabi/lib/thumb/v7e-m/fpv4-sp/softfp\libnosys.a(_exit.o)
                0x000110b8                _exit
 *(.init)
 .init          0x000110bc        0x4 c:/siliconlabs/simplicitystudio/v4/developer/toolchains/gnu_arm/7.2_2017q4/bin/../lib/gcc/arm-none-eabi/7.2.1/thumb/v7e-m/fpv4-sp/softfp/crti.o
                0x000110bc                _init
 .init          0x000110c0        0x8 c:/siliconlabs/simplicitystudio/v4/developer/toolchains/gnu_arm/7.2_2017q4/bin/../lib/gcc/arm-none-eabi/7.2.1/thumb/v7e-m/fpv4-sp/softfp/crtn.o
 *(.fini)
 .fini          0x000110c8        0x4 c:/siliconlabs/simplicitystudio/v4/developer/toolchains/gnu_arm/7.2_2017q4/bin/../lib/gcc/arm-none-eabi/7.2.1/thumb/v7e-m/fpv4-sp/softfp/crti.o
                0x000110c8                _fini
 .fini          0x000110cc        0x8 c:/siliconlabs/simplicitystudio/v4/developer/toolchains/gnu_arm/7.2_2017q4/bin/../lib/gcc/arm-none-eabi/7.2.1/thumb/v7e-m/fpv4-sp/softfp/crtn.o
 *crtbegin.o(.ctors)
 *crtbegin?.o(.ctors)
 *(EXCLUDE_FILE(*crtend.o *crtend?.o) .ctors)
 *(SORT_BY_NAME(.ctors.*))
 *(.ctors)
 *crtbegin.o(.dtors)
 *crtbegin?.o(.dtors)
 *(EXCLUDE_FILE(*crtend.o *crtend?.o) .dtors)
 *(SORT_BY_NAME(.dtors.*))
 *(.dtors)
 *(.rodata*)
 .rodata        0x000110d4       0x62 ./src/cnc_functions.o
 *fill*         0x00011136        0x2 
 .rodata        0x00011138       0x7c ./src/cnc_instructions.o
 .rodata        0x000111b4       0x5a ./src/cnc_motors.o
 *fill*         0x0001120e        0x2 
 .rodata        0x00011210       0x13 ./src/main.o
 *fill*         0x00011223        0x1 
 .rodata        0x00011224        0x4 ./Drivers/dmadrv.o
 .rodata        0x00011228       0x18 ./Drivers/spidrv.o
 .rodata.flashWsTable
                0x00011240       0x28 ./emlib/em_cmu.o
 .rodata        0x00011268       0x16 ./src/common_spi.o
 *fill*         0x0001127e        0x2 
 .rodata.log.str1.4
                0x00011280        0x8 c:/siliconlabs/simplicitystudio/v4/developer/toolchains/gnu_arm/7.2_2017q4/bin/../lib/gcc/arm-none-eabi/7.2.1/../../../../arm-none-eabi/lib/thumb/v7e-m/fpv4-sp/softfp\libm.a(lib_a-w_log.o)
                                  0x5 (size before relaxing)
 .rodata._global_impure_ptr
                0x00011288        0x4 c:/siliconlabs/simplicitystudio/v4/developer/toolchains/gnu_arm/7.2_2017q4/bin/../lib/gcc/arm-none-eabi/7.2.1/../../../../arm-none-eabi/lib/thumb/v7e-m/fpv4-sp/softfp\libc_nano.a(lib_a-impure.o)
                0x00011288                _global_impure_ptr
 .rodata._printf_float.str1.1
                0x0001128c       0x12 c:/siliconlabs/simplicitystudio/v4/developer/toolchains/gnu_arm/7.2_2017q4/bin/../lib/gcc/arm-none-eabi/7.2.1/../../../../arm-none-eabi/lib/thumb/v7e-m/fpv4-sp/softfp\libc_nano.a(lib_a-nano-vfprintf_float.o)
 .rodata._printf_i.str1.1
                0x0001129e       0x22 c:/siliconlabs/simplicitystudio/v4/developer/toolchains/gnu_arm/7.2_2017q4/bin/../lib/gcc/arm-none-eabi/7.2.1/../../../../arm-none-eabi/lib/thumb/v7e-m/fpv4-sp/softfp\libc_nano.a(lib_a-nano-vfprintf_i.o)
 .rodata._scanf_float.str1.1
                0x000112c0        0x5 c:/siliconlabs/simplicitystudio/v4/developer/toolchains/gnu_arm/7.2_2017q4/bin/../lib/gcc/arm-none-eabi/7.2.1/../../../../arm-none-eabi/lib/thumb/v7e-m/fpv4-sp/softfp\libc_nano.a(lib_a-nano-vfscanf_float.o)
 .rodata._strtod_l.str1.1
                0x000112c5        0x5 c:/siliconlabs/simplicitystudio/v4/developer/toolchains/gnu_arm/7.2_2017q4/bin/../lib/gcc/arm-none-eabi/7.2.1/../../../../arm-none-eabi/lib/thumb/v7e-m/fpv4-sp/softfp\libc_nano.a(lib_a-strtod.o)
                                  0xc (size before relaxing)
 *fill*         0x000112c5        0x3 
 .rodata.fpi.7431
                0x000112c8       0x14 c:/siliconlabs/simplicitystudio/v4/developer/toolchains/gnu_arm/7.2_2017q4/bin/../lib/gcc/arm-none-eabi/7.2.1/../../../../arm-none-eabi/lib/thumb/v7e-m/fpv4-sp/softfp\libc_nano.a(lib_a-strtod.o)
 .rodata.fpinan.7467
                0x000112dc       0x14 c:/siliconlabs/simplicitystudio/v4/developer/toolchains/gnu_arm/7.2_2017q4/bin/../lib/gcc/arm-none-eabi/7.2.1/../../../../arm-none-eabi/lib/thumb/v7e-m/fpv4-sp/softfp\libc_nano.a(lib_a-strtod.o)
 .rodata.tinytens
                0x000112f0       0x28 c:/siliconlabs/simplicitystudio/v4/developer/toolchains/gnu_arm/7.2_2017q4/bin/../lib/gcc/arm-none-eabi/7.2.1/../../../../arm-none-eabi/lib/thumb/v7e-m/fpv4-sp/softfp\libc_nano.a(lib_a-strtod.o)
 .rodata._dtoa_r.str1.1
                0x00011318        0xd c:/siliconlabs/simplicitystudio/v4/developer/toolchains/gnu_arm/7.2_2017q4/bin/../lib/gcc/arm-none-eabi/7.2.1/../../../../arm-none-eabi/lib/thumb/v7e-m/fpv4-sp/softfp\libc_nano.a(lib_a-dtoa.o)
                                  0xf (size before relaxing)
 .rodata._setlocale_r.str1.1
                0x00011325        0x8 c:/siliconlabs/simplicitystudio/v4/developer/toolchains/gnu_arm/7.2_2017q4/bin/../lib/gcc/arm-none-eabi/7.2.1/../../../../arm-none-eabi/lib/thumb/v7e-m/fpv4-sp/softfp\libc_nano.a(lib_a-locale.o)
                                  0x9 (size before relaxing)
 .rodata.str1.1
                0x0001132d        0x2 c:/siliconlabs/simplicitystudio/v4/developer/toolchains/gnu_arm/7.2_2017q4/bin/../lib/gcc/arm-none-eabi/7.2.1/../../../../arm-none-eabi/lib/thumb/v7e-m/fpv4-sp/softfp\libc_nano.a(lib_a-locale.o)
 *fill*         0x0001132f        0x1 
 .rodata.__mprec_bigtens
                0x00011330       0x28 c:/siliconlabs/simplicitystudio/v4/developer/toolchains/gnu_arm/7.2_2017q4/bin/../lib/gcc/arm-none-eabi/7.2.1/../../../../arm-none-eabi/lib/thumb/v7e-m/fpv4-sp/softfp\libc_nano.a(lib_a-mprec.o)
                0x00011330                __mprec_bigtens
 .rodata.__mprec_tens
                0x00011358       0xc8 c:/siliconlabs/simplicitystudio/v4/developer/toolchains/gnu_arm/7.2_2017q4/bin/../lib/gcc/arm-none-eabi/7.2.1/../../../../arm-none-eabi/lib/thumb/v7e-m/fpv4-sp/softfp\libc_nano.a(lib_a-mprec.o)
                0x00011358                __mprec_tens
 .rodata.p05.7359
                0x00011420        0xc c:/siliconlabs/simplicitystudio/v4/developer/toolchains/gnu_arm/7.2_2017q4/bin/../lib/gcc/arm-none-eabi/7.2.1/../../../../arm-none-eabi/lib/thumb/v7e-m/fpv4-sp/softfp\libc_nano.a(lib_a-mprec.o)
 .rodata._svfprintf_r.str1.1
                0x0001142c       0x11 c:/siliconlabs/simplicitystudio/v4/developer/toolchains/gnu_arm/7.2_2017q4/bin/../lib/gcc/arm-none-eabi/7.2.1/../../../../arm-none-eabi/lib/thumb/v7e-m/fpv4-sp/softfp\libc_nano.a(lib_a-nano-svfprintf.o)
 .rodata._ctype_
                0x0001143d      0x101 c:/siliconlabs/simplicitystudio/v4/developer/toolchains/gnu_arm/7.2_2017q4/bin/../lib/gcc/arm-none-eabi/7.2.1/../../../../arm-none-eabi/lib/thumb/v7e-m/fpv4-sp/softfp\libc_nano.a(lib_a-ctype_.o)
                0x0001143d                _ctype_
 *(.eh_frame*)
 *fill*         0x0001153e        0x2 
 .eh_frame      0x00011540        0x0 c:/siliconlabs/simplicitystudio/v4/developer/toolchains/gnu_arm/7.2_2017q4/bin/../lib/gcc/arm-none-eabi/7.2.1/thumb/v7e-m/fpv4-sp/softfp/crtbegin.o
 .eh_frame      0x00011540        0x4 c:/siliconlabs/simplicitystudio/v4/developer/toolchains/gnu_arm/7.2_2017q4/bin/../lib/gcc/arm-none-eabi/7.2.1/thumb/v7e-m/fpv4-sp/softfp/crtend.o

.glue_7         0x00011544        0x0
 .glue_7        0x00011544        0x0 linker stubs

.glue_7t        0x00011544        0x0
 .glue_7t       0x00011544        0x0 linker stubs

.vfp11_veneer   0x00011544        0x0
 .vfp11_veneer  0x00011544        0x0 linker stubs

.v4_bx          0x00011544        0x0
 .v4_bx         0x00011544        0x0 linker stubs

.iplt           0x00011544        0x0
 .iplt          0x00011544        0x0 c:/siliconlabs/simplicitystudio/v4/developer/toolchains/gnu_arm/7.2_2017q4/bin/../lib/gcc/arm-none-eabi/7.2.1/thumb/v7e-m/fpv4-sp/softfp/crtbegin.o

.ARM.extab      0x00011544      0x1bc
 *(.ARM.extab* .gnu.linkonce.armextab.*)
 .ARM.extab.text._Z8init_adcv
                0x00011544        0xc ./src/cnc_adc.o
 .ARM.extab.text._Z12handle_stateP16cnc_state_struct
                0x00011550        0xc ./src/cnc_functions.o
 .ARM.extab.text._Z19process_spi_requestP16cnc_state_struct
                0x0001155c        0xc ./src/cnc_functions.o
 .ARM.extab.text._Z17init_instructionsP16cnc_state_struct
                0x00011568        0xc ./src/cnc_instructions.o
 .ARM.extab.text._Z19receive_instructionP16cnc_state_struct
                0x00011574        0xc ./src/cnc_instructions.o
 .ARM.extab.text._Z17parse_instructionP16cnc_state_struct
                0x00011580        0xc ./src/cnc_instructions.o
 .ARM.extab.text._Z20get_next_instructionP16cnc_state_struct
                0x0001158c        0xc ./src/cnc_instructions.o
 .ARM.extab.text._Z22check_instruction_fifoP16cnc_state_struct
                0x00011598        0xc ./src/cnc_instructions.o
 .ARM.extab.text._Z19process_instructionP16cnc_state_struct
                0x000115a4        0xc ./src/cnc_instructions.o
 .ARM.extab.text._Z19handle_instructionsP16cnc_state_struct
                0x000115b0        0xc ./src/cnc_instructions.o
 .ARM.extab.text._Z15set_instructionP16cnc_state_struct
                0x000115bc        0xc ./src/cnc_instructions.o
 .ARM.extab.text._Z21set_motor_instructionP28cnc_motor_instruction_structP16cnc_motor_struct
                0x000115c8        0xc ./src/cnc_instructions.o
 .ARM.extab.text._Z17check_instructionP16cnc_state_struct
                0x000115d4        0xc ./src/cnc_instructions.o
 .ARM.extab.text._Z26handle_instruction_opcodesP16cnc_state_structP22cnc_instruction_struct
                0x000115e0        0xc ./src/cnc_instructions.o
 .ARM.extab.text._Z19handle_motor_opcodeP16cnc_state_structP28cnc_motor_instruction_structP16cnc_motor_struct
                0x000115ec        0xc ./src/cnc_instructions.o
 .ARM.extab.text._Z11init_motorsP21cnc_motor_list_struct
                0x000115f8        0xc ./src/cnc_motors.o
 .ARM.extab.text._Z13handle_motorsP16cnc_state_struct
                0x00011604        0xc ./src/cnc_motors.o
 .ARM.extab.text._Z12check_periodP21cnc_motor_list_struct
                0x00011610        0xc ./src/cnc_motors.o
 .ARM.extab.text._Z15check_directionP16cnc_motor_struct
                0x0001161c        0xc ./src/cnc_motors.o
 .ARM.extab.text._ZL19slave_transfer_doneP17SPIDRV_HandleDatami
                0x00011628        0xc ./src/cnc_spi.o
 .ARM.extab.text._Z17spi_transfer_dataPct
                0x00011634        0xc ./src/cnc_spi.o
 .ARM.extab.text._Z9check_spiP16cnc_state_struct
                0x00011640        0xc ./src/cnc_spi.o
 .ARM.extab.text._Z11init_timersP21cnc_motor_list_struct
                0x0001164c        0xc ./src/cnc_timers.o
 .ARM.extab.text._Z16init_motor_timerv
                0x00011658        0xc ./src/cnc_timers.o
 .ARM.extab.text._ZN16cnc_state_structC2Ev
                0x00011664        0x0 ./src/main.o
 .ARM.extab.text._ZN16cnc_motor_structC2Ev
                0x00011664        0x0 ./src/main.o
 .ARM.extab.text._ZN21cnc_motor_list_structC2Ev
                0x00011664        0x0 ./src/main.o
 .ARM.extab.text.main
                0x00011664        0xc ./src/main.o
 .ARM.extab.text._Z11system_initP21cnc_motor_list_struct
                0x00011670        0xc ./src/main.o
 .ARM.extab.text._Z13variable_initP16cnc_state_structP21cnc_motor_list_struct
                0x0001167c        0xc ./src/main.o
 .ARM.extab.text._Z21spi_set_slave_requestP10spi_struct
                0x00011688        0xc ./src/common_spi.o
 .ARM.extab.text._Z23spi_clear_slave_requestP10spi_struct
                0x00011694        0xc ./src/common_spi.o
 .ARM.extab.text._Z15spi_check_resetP10spi_struct
                0x000116a0        0xc ./src/common_spi.o
 .ARM.extab.text._Z16handle_spi_resetP10spi_struct
                0x000116ac        0xc ./src/common_spi.o
 .ARM.extab.text._Z12send_connectP10spi_struct
                0x000116b8        0xc ./src/common_spi.o
 .ARM.extab.text._Z15handle_transferP10spi_struct
                0x000116c4        0xc ./src/common_spi.o
 .ARM.extab.text._Z20spi_prepare_transferP10spi_struct
                0x000116d0        0xc ./src/common_spi.o
 .ARM.extab.text._Z18spi_parse_transferP10spi_struct
                0x000116dc        0xc ./src/common_spi.o
 .ARM.extab     0x000116e8       0x18 c:/siliconlabs/simplicitystudio/v4/developer/toolchains/gnu_arm/7.2_2017q4/bin/../lib/gcc/arm-none-eabi/7.2.1/thumb/v7e-m/fpv4-sp/softfp\libgcc.a(pr-support.o)
                0x00011700                __exidx_start = .

.ARM.exidx      0x00011700      0x280
 *(.ARM.exidx* .gnu.linkonce.armexidx.*)
 .ARM.exidx     0x00011700        0x8 c:/siliconlabs/simplicitystudio/v4/developer/toolchains/gnu_arm/7.2_2017q4/bin/../lib/gcc/arm-none-eabi/7.2.1/../../../../arm-none-eabi/lib/thumb/v7e-m/fpv4-sp/softfp/crt0.o
 .ARM.exidx.text.NVIC_EnableIRQ
                0x00011708        0x0 ./src/cnc_adc.o
                                  0x8 (size before relaxing)
 .ARM.exidx.text.ADC_DataScanGet
                0x00011708        0x0 ./src/cnc_adc.o
                                  0x8 (size before relaxing)
 .ARM.exidx.text.ADC_IntClear
                0x00011708        0x0 ./src/cnc_adc.o
                                  0x8 (size before relaxing)
 .ARM.exidx.text.ADC_IntEnable
                0x00011708        0x0 ./src/cnc_adc.o
                                  0x8 (size before relaxing)
 .ARM.exidx.text.ADC_Start
                0x00011708        0x0 ./src/cnc_adc.o
                                  0x8 (size before relaxing)
 .ARM.exidx.text._Z8init_adcv
                0x00011708        0x8 ./src/cnc_adc.o
 .ARM.exidx.text.ADC0_IRQHandler
                0x00011710        0x8 ./src/cnc_adc.o
 .ARM.exidx.text._Z8init_cncP16cnc_state_struct
                0x00011718        0x0 ./src/cnc_functions.o
                                  0x8 (size before relaxing)
 .ARM.exidx.text._Z12handle_stateP16cnc_state_struct
                0x00011718        0x8 ./src/cnc_functions.o
 .ARM.exidx.text._Z19process_spi_requestP16cnc_state_struct
                0x00011720        0x8 ./src/cnc_functions.o
 .ARM.exidx.text._Z12parse_statusP16cnc_state_struct
                0x00011728        0x8 ./src/cnc_functions.o
 .ARM.exidx.text._Z11parse_printP16cnc_state_struct
                0x00011730        0x0 ./src/cnc_functions.o
                                  0x8 (size before relaxing)
 .ARM.exidx.text._Z13parse_versionP16cnc_state_struct
                0x00011730        0x0 ./src/cnc_functions.o
                                  0x8 (size before relaxing)
 .ARM.exidx.text._Z10cnc_printfP16cnc_state_structPKcz
                0x00011730        0x0 ./src/cnc_functions.o
                                  0x8 (size before relaxing)
 .ARM.exidx.text._Z9init_gpiov
                0x00011730        0x8 ./src/cnc_gpio.o
 .ARM.exidx.text._Z14handle_heatersP16cnc_state_struct
                0x00011738        0x8 ./src/cnc_heaters.o
 .ARM.exidx.text._Z17init_instructionsP16cnc_state_struct
                0x00011740        0x8 ./src/cnc_instructions.o
 .ARM.exidx.text._Z19receive_instructionP16cnc_state_struct
                0x00011748        0x8 ./src/cnc_instructions.o
 .ARM.exidx.text._Z13clear_programP16cnc_state_struct
                0x00011750        0x8 ./src/cnc_instructions.o
 .ARM.exidx.text._Z17parse_instructionP16cnc_state_struct
                0x00011758        0x8 ./src/cnc_instructions.o
 .ARM.exidx.text._Z20get_next_instructionP16cnc_state_struct
                0x00011760        0x8 ./src/cnc_instructions.o
 .ARM.exidx.text._Z22check_instruction_fifoP16cnc_state_struct
                0x00011768        0x8 ./src/cnc_instructions.o
 .ARM.exidx.text._Z19process_instructionP16cnc_state_struct
                0x00011770        0x8 ./src/cnc_instructions.o
 .ARM.exidx.text._Z19handle_instructionsP16cnc_state_struct
                0x00011778        0x8 ./src/cnc_instructions.o
 .ARM.exidx.text._Z12check_errorsP16cnc_state_struct
                0x00011780        0x8 ./src/cnc_instructions.o
 .ARM.exidx.text._Z15set_instructionP16cnc_state_struct
                0x00011788        0x8 ./src/cnc_instructions.o
 .ARM.exidx.text._Z21set_motor_instructionP28cnc_motor_instruction_structP16cnc_motor_struct
                0x00011790        0x8 ./src/cnc_instructions.o
 .ARM.exidx.text._Z22set_heater_instructionP29cnc_heater_instruction_structP17cnc_heater_struct
                0x00011798        0x8 ./src/cnc_instructions.o
 .ARM.exidx.text._Z23check_motor_instructionP28cnc_motor_instruction_structP16cnc_motor_struct
                0x000117a0        0x0 ./src/cnc_instructions.o
                                  0x8 (size before relaxing)
 .ARM.exidx.text._Z24check_heater_instructionP29cnc_heater_instruction_structP17cnc_heater_struct
                0x000117a0        0x0 ./src/cnc_instructions.o
                                  0x8 (size before relaxing)
 .ARM.exidx.text._Z17check_instructionP16cnc_state_struct
                0x000117a0        0x8 ./src/cnc_instructions.o
 .ARM.exidx.text._Z16copy_instructionP22cnc_instruction_structS0_
                0x000117a8        0x8 ./src/cnc_instructions.o
 .ARM.exidx.text._Z22copy_motor_instructionP28cnc_motor_instruction_structS0_
                0x000117b0        0x0 ./src/cnc_instructions.o
                                  0x8 (size before relaxing)
 .ARM.exidx.text._Z23copy_heater_instructionP29cnc_heater_instruction_structS0_
                0x000117b0        0x0 ./src/cnc_instructions.o
                                  0x8 (size before relaxing)
 .ARM.exidx.text._Z26handle_instruction_opcodesP16cnc_state_structP22cnc_instruction_struct
                0x000117b0        0x8 ./src/cnc_instructions.o
 .ARM.exidx.text._Z19handle_motor_opcodeP16cnc_state_structP28cnc_motor_instruction_structP16cnc_motor_struct
                0x000117b8        0x8 ./src/cnc_instructions.o
 .ARM.exidx.text._Z20handle_heater_opcodeP16cnc_state_structP29cnc_heater_instruction_structP17cnc_heater_struct
                0x000117c0        0x8 ./src/cnc_instructions.o
 .ARM.exidx.text.BUS_RegBitRead
                0x000117c8        0x0 ./src/cnc_motors.o
                                  0x8 (size before relaxing)
 .ARM.exidx.text.BUS_RegMaskedSet
                0x000117c8        0x0 ./src/cnc_motors.o
                                  0x8 (size before relaxing)
 .ARM.exidx.text.BUS_RegMaskedClear
                0x000117c8        0x0 ./src/cnc_motors.o
                                  0x8 (size before relaxing)
 .ARM.exidx.text.GPIO_PinInGet
                0x000117c8        0x0 ./src/cnc_motors.o
                                  0x8 (size before relaxing)
 .ARM.exidx.text.GPIO_PinOutClear
                0x000117c8        0x0 ./src/cnc_motors.o
                                  0x8 (size before relaxing)
 .ARM.exidx.text.GPIO_PinOutSet
                0x000117c8        0x0 ./src/cnc_motors.o
                                  0x8 (size before relaxing)
 .ARM.exidx.text._Z11init_motorsP21cnc_motor_list_struct
                0x000117c8        0x8 ./src/cnc_motors.o
 .ARM.exidx.text._Z10init_motorP16cnc_motor_structPKc
                0x000117d0        0x8 ./src/cnc_motors.o
 .ARM.exidx.text._Z12enable_motorP16cnc_motor_struct
                0x000117d8        0x0 ./src/cnc_motors.o
                                  0x8 (size before relaxing)
 .ARM.exidx.text._Z13disable_motorP16cnc_motor_struct
                0x000117d8        0x0 ./src/cnc_motors.o
                                  0x8 (size before relaxing)
 .ARM.exidx.text._Z19set_motor_directionP16cnc_motor_structa
                0x000117d8        0x0 ./src/cnc_motors.o
                                  0x8 (size before relaxing)
 .ARM.exidx.text._Z13handle_motorsP16cnc_state_struct
                0x000117d8        0x8 ./src/cnc_motors.o
 .ARM.exidx.text._Z13check_endstopP16cnc_motor_struct
                0x000117e0        0x8 ./src/cnc_motors.o
 .ARM.exidx.text._Z14check_endstopsP21cnc_motor_list_struct
                0x000117e8        0x0 ./src/cnc_motors.o
                                  0x8 (size before relaxing)
 .ARM.exidx.text._Z11handle_stepP16cnc_motor_struct
                0x000117e8        0x0 ./src/cnc_motors.o
                                  0x8 (size before relaxing)
 .ARM.exidx.text._Z14process_motorsP21cnc_motor_list_struct
                0x000117e8        0x0 ./src/cnc_motors.o
                                  0x8 (size before relaxing)
 .ARM.exidx.text._Z15step_motor_highP16cnc_motor_struct
                0x000117e8        0x0 ./src/cnc_motors.o
                                  0x8 (size before relaxing)
 .ARM.exidx.text._Z14step_motor_lowP16cnc_motor_struct
                0x000117e8        0x0 ./src/cnc_motors.o
                                  0x8 (size before relaxing)
 .ARM.exidx.text._Z12check_periodP21cnc_motor_list_struct
                0x000117e8        0x8 ./src/cnc_motors.o
 .ARM.exidx.text._Z15check_directionP16cnc_motor_struct
                0x000117f0        0x8 ./src/cnc_motors.o
 .ARM.exidx.text.BUS_RegBitRead
                0x000117f8        0x8 ./src/cnc_spi.o
 .ARM.exidx.text.BUS_RegMaskedSet