Archive member included to satisfy reference by file (symbol)

c:/siliconlabs/simplicitystudio/v4/developer/toolchains/gnu_arm/7.2_2017q4/bin/../lib/gcc/arm-none-eabi/7.2.1/thumb/v7e-m/fpv4-sp/softfp\libgcc.a(_arm_addsubdf3.o)
                              ./src/cnc_heaters.o (__aeabi_dsub)
c:/siliconlabs/simplicitystudio/v4/developer/toolchains/gnu_arm/7.2_2017q4/bin/../lib/gcc/arm-none-eabi/7.2.1/thumb/v7e-m/fpv4-sp/softfp\libgcc.a(_arm_muldivdf3.o)
                              ./src/cnc_heaters.o (__aeabi_dmul)
c:/siliconlabs/simplicitystudio/v4/developer/toolchains/gnu_arm/7.2_2017q4/bin/../lib/gcc/arm-none-eabi/7.2.1/thumb/v7e-m/fpv4-sp/softfp\libgcc.a(_arm_cmpdf2.o)
                              ./src/cnc_heaters.o (__aeabi_dcmpeq)
c:/siliconlabs/simplicitystudio/v4/developer/toolchains/gnu_arm/7.2_2017q4/bin/../lib/gcc/arm-none-eabi/7.2.1/thumb/v7e-m/fpv4-sp/softfp\libgcc.a(_aeabi_uldivmod.o)
                              ./Drivers/rtcdriver.o (__aeabi_uldivmod)
c:/siliconlabs/simplicitystudio/v4/developer/toolchains/gnu_arm/7.2_2017q4/bin/../lib/gcc/arm-none-eabi/7.2.1/thumb/v7e-m/fpv4-sp/softfp\libgcc.a(_udivmoddi4.o)
                              c:/siliconlabs/simplicitystudio/v4/developer/toolchains/gnu_arm/7.2_2017q4/bin/../lib/gcc/arm-none-eabi/7.2.1/thumb/v7e-m/fpv4-sp/softfp\libgcc.a(_aeabi_uldivmod.o) (__udivmoddi4)
c:/siliconlabs/simplicitystudio/v4/developer/toolchains/gnu_arm/7.2_2017q4/bin/../lib/gcc/arm-none-eabi/7.2.1/thumb/v7e-m/fpv4-sp/softfp\libgcc.a(unwind-arm.o)
                              ./src/cnc_gpio.o (__aeabi_unwind_cpp_pr0)
c:/siliconlabs/simplicitystudio/v4/developer/toolchains/gnu_arm/7.2_2017q4/bin/../lib/gcc/arm-none-eabi/7.2.1/thumb/v7e-m/fpv4-sp/softfp\libgcc.a(libunwind.o)
                              c:/siliconlabs/simplicitystudio/v4/developer/toolchains/gnu_arm/7.2_2017q4/bin/../lib/gcc/arm-none-eabi/7.2.1/thumb/v7e-m/fpv4-sp/softfp\libgcc.a(unwind-arm.o) (restore_core_regs)
c:/siliconlabs/simplicitystudio/v4/developer/toolchains/gnu_arm/7.2_2017q4/bin/../lib/gcc/arm-none-eabi/7.2.1/thumb/v7e-m/fpv4-sp/softfp\libgcc.a(pr-support.o)
                              c:/siliconlabs/simplicitystudio/v4/developer/toolchains/gnu_arm/7.2_2017q4/bin/../lib/gcc/arm-none-eabi/7.2.1/thumb/v7e-m/fpv4-sp/softfp\libgcc.a(unwind-arm.o) (__gnu_unwind_execute)
c:/siliconlabs/simplicitystudio/v4/developer/toolchains/gnu_arm/7.2_2017q4/bin/../lib/gcc/arm-none-eabi/7.2.1/thumb/v7e-m/fpv4-sp/softfp\libgcc.a(_dvmd_tls.o)
                              c:/siliconlabs/simplicitystudio/v4/developer/toolchains/gnu_arm/7.2_2017q4/bin/../lib/gcc/arm-none-eabi/7.2.1/thumb/v7e-m/fpv4-sp/softfp\libgcc.a(_aeabi_uldivmod.o) (__aeabi_ldiv0)
c:/siliconlabs/simplicitystudio/v4/developer/toolchains/gnu_arm/7.2_2017q4/bin/../lib/gcc/arm-none-eabi/7.2.1/../../../../arm-none-eabi/lib/thumb/v7e-m/fpv4-sp/softfp\libm.a(lib_a-w_log.o)
                              ./src/cnc_heaters.o (log)
c:/siliconlabs/simplicitystudio/v4/developer/toolchains/gnu_arm/7.2_2017q4/bin/../lib/gcc/arm-none-eabi/7.2.1/../../../../arm-none-eabi/lib/thumb/v7e-m/fpv4-sp/softfp\libm.a(lib_a-e_log.o)
                              c:/siliconlabs/simplicitystudio/v4/developer/toolchains/gnu_arm/7.2_2017q4/bin/../lib/gcc/arm-none-eabi/7.2.1/../../../../arm-none-eabi/lib/thumb/v7e-m/fpv4-sp/softfp\libm.a(lib_a-w_log.o) (__ieee754_log)
c:/siliconlabs/simplicitystudio/v4/developer/toolchains/gnu_arm/7.2_2017q4/bin/../lib/gcc/arm-none-eabi/7.2.1/../../../../arm-none-eabi/lib/thumb/v7e-m/fpv4-sp/softfp\libm.a(lib_a-s_lib_ver.o)
                              c:/siliconlabs/simplicitystudio/v4/developer/toolchains/gnu_arm/7.2_2017q4/bin/../lib/gcc/arm-none-eabi/7.2.1/../../../../arm-none-eabi/lib/thumb/v7e-m/fpv4-sp/softfp\libm.a(lib_a-w_log.o) (__fdlib_version)
c:/siliconlabs/simplicitystudio/v4/developer/toolchains/gnu_arm/7.2_2017q4/bin/../lib/gcc/arm-none-eabi/7.2.1/../../../../arm-none-eabi/lib/thumb/v7e-m/fpv4-sp/softfp\libm.a(lib_a-s_matherr.o)
                              c:/siliconlabs/simplicitystudio/v4/developer/toolchains/gnu_arm/7.2_2017q4/bin/../lib/gcc/arm-none-eabi/7.2.1/../../../../arm-none-eabi/lib/thumb/v7e-m/fpv4-sp/softfp\libm.a(lib_a-w_log.o) (matherr)
c:/siliconlabs/simplicitystudio/v4/developer/toolchains/gnu_arm/7.2_2017q4/bin/../lib/gcc/arm-none-eabi/7.2.1/../../../../arm-none-eabi/lib/thumb/v7e-m/fpv4-sp/softfp\libm.a(lib_a-s_nan.o)
                              c:/siliconlabs/simplicitystudio/v4/developer/toolchains/gnu_arm/7.2_2017q4/bin/../lib/gcc/arm-none-eabi/7.2.1/../../../../arm-none-eabi/lib/thumb/v7e-m/fpv4-sp/softfp\libm.a(lib_a-w_log.o) (nan)
c:/siliconlabs/simplicitystudio/v4/developer/toolchains/gnu_arm/7.2_2017q4/bin/../lib/gcc/arm-none-eabi/7.2.1/../../../../arm-none-eabi/lib/thumb/v7e-m/fpv4-sp/softfp\libc_nano.a(lib_a-abort.o)
[...]
Memory Configuration

Name             Origin             Length             Attributes
FLASH            0x00000000         0x00100000         xr
RAM              0x20000000         0x00040000         xrw
*default*        0x00000000         0xffffffff

Linker script and memory map

LOAD c:/siliconlabs/simplicitystudio/v4/developer/toolchains/gnu_arm/7.2_2017q4/bin/../lib/gcc/arm-none-eabi/7.2.1/thumb/v7e-m/fpv4-sp/softfp/crti.o
LOAD c:/siliconlabs/simplicitystudio/v4/developer/toolchains/gnu_arm/7.2_2017q4/bin/../lib/gcc/arm-none-eabi/7.2.1/thumb/v7e-m/fpv4-sp/softfp/crtbegin.o
LOAD c:/siliconlabs/simplicitystudio/v4/developer/toolchains/gnu_arm/7.2_2017q4/bin/../lib/gcc/arm-none-eabi/7.2.1/../../../../arm-none-eabi/lib/thumb/v7e-m/fpv4-sp/softfp/crt0.o
LOAD ./src/cnc_adc.o
LOAD ./src/cnc_functions.o
LOAD ./src/cnc_gpio.o
LOAD ./src/cnc_heaters.o
LOAD ./src/cnc_instructions.o
LOAD ./src/cnc_motors.o
LOAD ./src/cnc_pid.o
LOAD ./src/cnc_spi.o
LOAD ./src/cnc_timers.o
LOAD ./src/main.o
LOAD ./src/util.o
LOAD ./emlib/em_system.o
LOAD ./Drivers/dmadrv.o
LOAD ./Drivers/gpiointerrupt.o
LOAD ./Drivers/nvm.o
LOAD ./Drivers/nvm3_default.o
LOAD ./Drivers/nvm3_hal_flash.o
LOAD ./Drivers/nvm3_lock.o
LOAD ./Drivers/nvm_hal.o
LOAD ./Drivers/rtcdriver.o
LOAD ./Drivers/sleep.o
LOAD ./Drivers/spidrv.o
LOAD ./Drivers/tempdrv.o
LOAD ./Drivers/uartdrv.o
LOAD ./Drivers/ustimer.o
LOAD ./CMSIS/EFM32PG12B/startup_gcc_efm32pg12b.o
LOAD ./CMSIS/EFM32PG12B/system_efm32pg12b.o
LOAD C:/SiliconLabs/SimplicityStudio/v4/developer/sdks/gecko_sdk_suite/v2.3//platform/emdrv/nvm3/lib/\libnvm3_CM4_gcc.a
LOAD ./emlib/em_adc.o
LOAD ./emlib/em_cmu.o
LOAD ./emlib/em_core.o
LOAD ./emlib/em_emu.o
LOAD ./emlib/em_ldma.o
LOAD ./emlib/em_letimer.o
LOAD ./emlib/em_msc.o
LOAD ./emlib/em_rtc.o
LOAD ./emlib/em_rtcc.o
LOAD ./emlib/em_timer.o
LOAD ./emlib/em_usart.o
LOAD ./Drivers/em_gpio.o
LOAD ./src/common_spi.o
LOAD ./src/common_cnc.o
START GROUP
LOAD c:/siliconlabs/simplicitystudio/v4/developer/toolchains/gnu_arm/7.2_2017q4/bin/../lib/gcc/arm-none-eabi/7.2.1/thumb/v7e-m/fpv4-sp/softfp\libgcc.a
LOAD c:/siliconlabs/simplicitystudio/v4/developer/toolchains/gnu_arm/7.2_2017q4/bin/../lib/gcc/arm-none-eabi/7.2.1/../../../../arm-none-eabi/lib/thumb/v7e-m/fpv4-sp/softfp\libnosys.a
END GROUP
LOAD c:/siliconlabs/simplicitystudio/v4/developer/toolchains/gnu_arm/7.2_2017q4/bin/../lib/gcc/arm-none-eabi/7.2.1/../../../../arm-none-eabi/lib/thumb/v7e-m/fpv4-sp/softfp\libstdc++_nano.a
LOAD c:/siliconlabs/simplicitystudio/v4/developer/toolchains/gnu_arm/7.2_2017q4/bin/../lib/gcc/arm-none-eabi/7.2.1/../../../../arm-none-eabi/lib/thumb/v7e-m/fpv4-sp/softfp\libm.a
LOAD c:/siliconlabs/simplicitystudio/v4/developer/toolchains/gnu_arm/7.2_2017q4/bin/../lib/gcc/arm-none-eabi/7.2.1/../../../../arm-none-eabi/lib/thumb/v7e-m/fpv4-sp/softfp\libc_nano.a
START GROUP
LOAD c:/siliconlabs/simplicitystudio/v4/developer/toolchains/gnu_arm/7.2_2017q4/bin/../lib/gcc/arm-none-eabi/7.2.1/thumb/v7e-m/fpv4-sp/softfp\libgcc.a
LOAD c:/siliconlabs/simplicitystudio/v4/developer/toolchains/gnu_arm/7.2_2017q4/bin/../lib/gcc/arm-none-eabi/7.2.1/../../../../arm-none-eabi/lib/thumb/v7e-m/fpv4-sp/softfp\libg_nano.a
LOAD c:/siliconlabs/simplicitystudio/v4/developer/toolchains/gnu_arm/7.2_2017q4/bin/../lib/gcc/arm-none-eabi/7.2.1/../../../../arm-none-eabi/lib/thumb/v7e-m/fpv4-sp/softfp\libc_nano.a
END GROUP
START GROUP
LOAD c:/siliconlabs/simplicitystudio/v4/developer/toolchains/gnu_arm/7.2_2017q4/bin/../lib/gcc/arm-none-eabi/7.2.1/thumb/v7e-m/fpv4-sp/softfp\libgcc.a
LOAD c:/siliconlabs/simplicitystudio/v4/developer/toolchains/gnu_arm/7.2_2017q4/bin/../lib/gcc/arm-none-eabi/7.2.1/../../../../arm-none-eabi/lib/thumb/v7e-m/fpv4-sp/softfp\libc_nano.a
LOAD c:/siliconlabs/simplicitystudio/v4/developer/toolchains/gnu_arm/7.2_2017q4/bin/../lib/gcc/arm-none-eabi/7.2.1/../../../../arm-none-eabi/lib/thumb/v7e-m/fpv4-sp/softfp\libnosys.a
END GROUP
START GROUP
LOAD c:/siliconlabs/simplicitystudio/v4/developer/toolchains/gnu_arm/7.2_2017q4/bin/../lib/gcc/arm-none-eabi/7.2.1/thumb/v7e-m/fpv4-sp/softfp\libgcc.a
LOAD c:/siliconlabs/simplicitystudio/v4/developer/toolchains/gnu_arm/7.2_2017q4/bin/../lib/gcc/arm-none-eabi/7.2.1/../../../../arm-none-eabi/lib/thumb/v7e-m/fpv4-sp/softfp\libc_nano.a
LOAD c:/siliconlabs/simplicitystudio/v4/developer/toolchains/gnu_arm/7.2_2017q4/bin/../lib/gcc/arm-none-eabi/7.2.1/../../../../arm-none-eabi/lib/thumb/v7e-m/fpv4-sp/softfp\libnosys.a
END GROUP
LOAD c:/siliconlabs/simplicitystudio/v4/developer/toolchains/gnu_arm/7.2_2017q4/bin/../lib/gcc/arm-none-eabi/7.2.1/thumb/v7e-m/fpv4-sp/softfp/crtend.o
LOAD c:/siliconlabs/simplicitystudio/v4/developer/toolchains/gnu_arm/7.2_2017q4/bin/../lib/gcc/arm-none-eabi/7.2.1/thumb/v7e-m/fpv4-sp/softfp/crtn.o

.text           0x00000000     0xf494
 *(.vectors)
 .vectors       0x00000000      0x10c ./CMSIS/EFM32PG12B/startup_gcc_efm32pg12b.o
                0x00000000                __Vectors
                0x0000010c                __Vectors_End = .
                0x0000010c                __Vectors_Size = (__Vectors_End - __Vectors)
                0x0000010c                __end__ = .
 *(.text*)
 .text          0x0000010c       0x40 c:/siliconlabs/simplicitystudio/v4/developer/toolchains/gnu_arm/7.2_2017q4/bin/../lib/gcc/arm-none-eabi/7.2.1/thumb/v7e-m/fpv4-sp/softfp/crtbegin.o
 .text          0x0000014c       0x74 c:/siliconlabs/simplicitystudio/v4/developer/toolchains/gnu_arm/7.2_2017q4/bin/../lib/gcc/arm-none-eabi/7.2.1/../../../../arm-none-eabi/lib/thumb/v7e-m/fpv4-sp/softfp/crt0.o
                0x0000014c                _start
                0x0000014c                _mainCRTStartup
 .text.NVIC_EnableIRQ
                0x000001c0       0x34 ./src/cnc_adc.o
 .text.ADC_DataScanGet
                0x000001f4       0x18 ./src/cnc_adc.o
 .text.ADC_IntClear
                0x0000020c       0x1c ./src/cnc_adc.o
 .text.ADC_IntEnable
                0x00000228       0x22 ./src/cnc_adc.o
 .text.ADC_Start
                0x0000024a       0x1e ./src/cnc_adc.o
 .text._Z8init_adcv
                0x00000268       0xe0 ./src/cnc_adc.o
                0x00000268                init_adc()
 .text.ADC0_IRQHandler
                0x00000348       0x68 ./src/cnc_adc.o
                0x00000348                ADC0_IRQHandler
 .text._Z8init_cncP16cnc_state_struct
                0x000003b0       0xa4 ./src/cnc_functions.o
                0x000003b0                init_cnc(cnc_state_struct*)
 .text._Z12handle_stateP16cnc_state_struct
                0x00000454      0x278 ./src/cnc_functions.o
                0x00000454                handle_state(cnc_state_struct*)
 .text._Z9check_spiP16cnc_state_struct
                0x000006cc       0x54 ./src/cnc_functions.o
                0x000006cc                check_spi(cnc_state_struct*)
 .text._Z19process_spi_requestP16cnc_state_struct
                0x00000720       0x84 ./src/cnc_functions.o
                0x00000720                process_spi_request(cnc_state_struct*)
 .text._Z12parse_statusP16cnc_state_struct
                0x000007a4      0x120 ./src/cnc_functions.o
                0x000007a4                parse_status(cnc_state_struct*)
 .text._Z11parse_printP16cnc_state_struct
                0x000008c4       0xc2 ./src/cnc_functions.o
                0x000008c4                parse_print(cnc_state_struct*)
 *fill*         0x00000986        0x2 
 .text._Z13parse_versionP16cnc_state_struct
                0x00000988       0x4c ./src/cnc_functions.o
                0x00000988                parse_version(cnc_state_struct*)
 .text._Z10cnc_printfP16cnc_state_structPKcz
                0x000009d4       0xbc ./src/cnc_functions.o
                0x000009d4                cnc_printf(cnc_state_struct*, char const*, ...)
 .text._Z9init_gpiov
                0x00000a90      0x29c ./src/cnc_gpio.o
                0x00000a90                init_gpio()
 .text._Z17init_instructionsP16cnc_state_struct
                0x00000d2c       0x6c ./src/cnc_instructions.o
                0x00000d2c                init_instructions(cnc_state_struct*)
 .text._Z17clear_instructionP22cnc_instruction_struct
                0x00000d98       0x2c ./src/cnc_instructions.o
                0x00000d98                clear_instruction(cnc_instruction_struct*)
 .text.BUS_RegBitRead
                0x00000dc4       0x2a ./src/cnc_motors.o
 .text.BUS_RegMaskedSet
                0x00000dee       0x24 ./src/cnc_motors.o
 .text.GPIO_PinInGet
                0x00000e12       0x36 ./src/cnc_motors.o
 .text.GPIO_PinOutSet
                0x00000e48       0x3a ./src/cnc_motors.o
 *fill*         0x00000e82        0x2 
 .text._Z11init_motorsP21cnc_motor_list_struct
                0x00000e84      0x390 ./src/cnc_motors.o
                0x00000e84                init_motors(cnc_motor_list_struct*)
 .text._Z10init_motorP16cnc_motor_structPKc
                0x00001214       0x5e ./src/cnc_motors.o
                0x00001214                init_motor(cnc_motor_struct*, char const*)
 .text._Z13disable_motorP16cnc_motor_struct
                0x00001272       0x2a ./src/cnc_motors.o
                0x00001272                disable_motor(cnc_motor_struct*)
 .text._Z13check_endstopP16cnc_motor_struct
                0x0000129c       0x74 ./src/cnc_motors.o
                0x0000129c                check_endstop(cnc_motor_struct*)
 .text.BUS_RegBitRead
                0x00001310       0x2a ./src/cnc_spi.o
 .text.BUS_RegMaskedSet
                0x0000133a       0x24 ./src/cnc_spi.o
 .text.BUS_RegMaskedClear
                0x0000135e       0x24 ./src/cnc_spi.o
 .text.GPIO_PinInGet
                0x00001382       0x36 ./src/cnc_spi.o
 .text.GPIO_PinOutClear
                0x000013b8       0x3a ./src/cnc_spi.o
 .text.GPIO_PinOutSet
                0x000013f2       0x3a ./src/cnc_spi.o
 .text._ZL19slave_transfer_doneP17SPIDRV_HandleDatami
                0x0000142c       0x24 ./src/cnc_spi.o
 .text._Z26spi_get_master_request_pinv
                0x00001450       0x14 ./src/cnc_spi.o
                0x00001450                spi_get_master_request_pin()
 .text._Z25spi_set_slave_request_pinv
                0x00001464       0x10 ./src/cnc_spi.o
                0x00001464                spi_set_slave_request_pin()
 .text._Z27spi_clear_slave_request_pinv
                0x00001474       0x10 ./src/cnc_spi.o
                0x00001474                spi_clear_slave_request_pin()
 .text._Z17spi_transfer_dataPct
                0x00001484       0x78 ./src/cnc_spi.o
                0x00001484                spi_transfer_data(char*, unsigned short)
 .text._Z15init_spi_driverv
                0x000014fc       0x3c ./src/cnc_spi.o
                0x000014fc                init_spi_driver()
 .text.NVIC_EnableIRQ
                0x00001538       0x34 ./src/cnc_timers.o
 .text.TIMER_MaxCount
                0x0000156c       0x38 ./src/cnc_timers.o
 .text.TIMER_IntClear
                0x000015a4       0x1c ./src/cnc_timers.o
 .text.TIMER_IntEnable
                0x000015c0       0x22 ./src/cnc_timers.o
 .text.TIMER_TopSet
                0x000015e2       0x1e ./src/cnc_timers.o
 .text._Z11init_timersP21cnc_motor_list_struct
                0x00001600       0x14 ./src/cnc_timers.o
                0x00001600                init_timers(cnc_motor_list_struct*)
 .text._Z16init_motor_timerv
                0x00001614       0x50 ./src/cnc_timers.o
                0x00001614                init_motor_timer()
 .text.TIMER1_IRQHandler
                0x00001664       0x20 ./src/cnc_timers.o
                0x00001664                TIMER1_IRQHandler
 .text.SYSTEM_GetProdRev
                0x00001684       0x1c ./src/main.o
 .text.CHIP_Init
                0x000016a0       0x68 ./src/main.o
 .text._ZN16cnc_state_structC2Ev
                0x00001708       0x1c ./src/main.o
                0x00001708                cnc_state_struct::cnc_state_struct()
                0x00001708                cnc_state_struct::cnc_state_struct()
 .text._ZN16cnc_motor_structC2Ev
                0x00001724       0x20 ./src/main.o
                0x00001724                cnc_motor_struct::cnc_motor_struct()
                0x00001724                cnc_motor_struct::cnc_motor_struct()
 .text._ZN21cnc_motor_list_structC2Ev
                0x00001744       0x58 ./src/main.o
                0x00001744                cnc_motor_list_struct::cnc_motor_list_struct()
                0x00001744                cnc_motor_list_struct::cnc_motor_list_struct()
 .text.main     0x0000179c       0x6c ./src/main.o
                0x0000179c                main
 .text._Z11system_initP21cnc_motor_list_struct
                0x00001808       0x26 ./src/main.o
                0x00001808                system_init(cnc_motor_list_struct*)
 *fill*         0x0000182e        0x2 
 .text._Z11init_clocksv
                0x00001830       0x34 ./src/main.o
                0x00001830                init_clocks()
 .text._Z13variable_initP16cnc_state_structP21cnc_motor_list_struct
                0x00001864       0x24 ./src/main.o
                0x00001864                variable_init(cnc_state_struct*, cnc_motor_list_struct*)
 .text._Z41__static_initialization_and_destruction_0ii
                0x00001888       0x2c ./src/main.o
 .text._GLOBAL__sub_I_cnc
                0x000018b4       0x10 ./src/main.o
 .text.DMADRV_AllocateChannel
                0x000018c4       0xa4 ./Drivers/dmadrv.o
                0x000018c4                DMADRV_AllocateChannel
 .text.DMADRV_Init
                0x00001968       0x7c ./Drivers/dmadrv.o
                0x00001968                DMADRV_Init
 .text.DMADRV_MemoryPeripheral
                0x000019e4       0x46 ./Drivers/dmadrv.o
                0x000019e4                DMADRV_MemoryPeripheral
 .text.DMADRV_PeripheralMemory
                0x00001a2a       0x46 ./Drivers/dmadrv.o
                0x00001a2a                DMADRV_PeripheralMemory
 .text.DMADRV_StopTransfer
                0x00001a70       0x64 ./Drivers/dmadrv.o
                0x00001a70                DMADRV_StopTransfer
 .text.DMADRV_TransferActive
                0x00001ad4       0x8c ./Drivers/dmadrv.o
                0x00001ad4                DMADRV_TransferActive
 .text.DMADRV_TransferCompletePending
                0x00001b60       0x8c ./Drivers/dmadrv.o
                0x00001b60                DMADRV_TransferCompletePending
 .text.DMADRV_TransferRemainingCount
                0x00001bec       0x74 ./Drivers/dmadrv.o
                0x00001bec                DMADRV_TransferRemainingCount
 .text.LDMA_IRQHandler
                0x00001c60       0xdc ./Drivers/dmadrv.o
                0x00001c60                LDMA_IRQHandler
 .text.StartTransfer
                0x00001d3c      0x214 ./Drivers/dmadrv.o
 .text.GPIO_IntClear
                0x00001f50       0x20 ./Drivers/gpiointerrupt.o
 .text.GPIO_IntGetEnabled
                0x00001f70       0x28 ./Drivers/gpiointerrupt.o
 .text.SL_CTZ   0x00001f98       0x26 ./Drivers/gpiointerrupt.o
 *fill*         0x00001fbe        0x2 
 .text.GPIOINT_IRQDispatcher
                0x00001fc0       0x50 ./Drivers/gpiointerrupt.o
 .text.GPIO_EVEN_IRQHandler
                0x00002010       0x28 ./Drivers/gpiointerrupt.o
                0x00002010                GPIO_EVEN_IRQHandler
 .text.GPIO_ODD_IRQHandler
                0x00002038       0x28 ./Drivers/gpiointerrupt.o
                0x00002038                GPIO_ODD_IRQHandler
 .text.NVIC_EnableIRQ
                0x00002060       0x34 ./Drivers/rtcdriver.o
 .text.NVIC_ClearPendingIRQ
                0x00002094       0x34 ./Drivers/rtcdriver.o
 .text.CMU_DivToLog2
                0x000020c8       0x30 ./Drivers/rtcdriver.o
 .text.RTCC_ChannelCCVGet
                0x000020f8       0x28 ./Drivers/rtcdriver.o
 .text.RTCC_ChannelCCVSet
                0x00002120       0x2c ./Drivers/rtcdriver.o
 .text.RTCC_CounterGet
                0x0000214c       0x18 ./Drivers/rtcdriver.o
 .text.RTCC_IntClear
                0x00002164       0x20 ./Drivers/rtcdriver.o
 .text.RTCC_IntDisable
                0x00002184       0x28 ./Drivers/rtcdriver.o
 .text.RTCC_IntEnable
                0x000021ac       0x24 ./Drivers/rtcdriver.o
 .text.RTCC_IntGetEnabled
                0x000021d0       0x24 ./Drivers/rtcdriver.o
 .text.RTCDRV_AllocateTimer
                0x000021f4       0x8c ./Drivers/rtcdriver.o
                0x000021f4                RTCDRV_AllocateTimer
 .text.RTCDRV_Init
                0x00002280       0xbc ./Drivers/rtcdriver.o
                0x00002280                RTCDRV_Init
 .text.RTCDRV_StartTimer
                0x0000233c      0x310 ./Drivers/rtcdriver.o
                0x0000233c                RTCDRV_StartTimer
 .text.RTCDRV_StopTimer
                0x0000264c       0x70 ./Drivers/rtcdriver.o
                0x0000264c                RTCDRV_StopTimer
 .text.RTCC_IRQHandler
                0x000026bc       0xa4 ./Drivers/rtcdriver.o
                0x000026bc                RTCC_IRQHandler
 .text.checkAllTimers
                0x00002760      0x2d0 ./Drivers/rtcdriver.o
 .text.executeTimerCallbacks
                0x00002a30       0x64 ./Drivers/rtcdriver.o
 .text.rescheduleRtc
                0x00002a94       0xec ./Drivers/rtcdriver.o
 .text.BUS_RegBitRead
                0x00002b80       0x2a ./Drivers/spidrv.o
 .text.GPIO_PinInGet
                0x00002baa       0x72 ./Drivers/spidrv.o
 .text.SPIDRV_Init
                0x00002c1c      0x2e8 ./Drivers/spidrv.o
                0x00002c1c                SPIDRV_Init
 .text.SPIDRV_STransfer
                0x00002f04       0x94 ./Drivers/spidrv.o
                0x00002f04                SPIDRV_STransfer
 .text.ConfigGPIO
                0x00002f98     0x3544 ./Drivers/spidrv.o
 .text.RxDMAComplete
                0x000064dc       0x62 ./Drivers/spidrv.o
 *fill*         0x0000653e        0x2 
 .text.SlaveTimeout
                0x00006540       0xac ./Drivers/spidrv.o
 .text.StartTransferDMA
                0x000065ec       0xbc ./Drivers/spidrv.o
 .text.TransferApiPrologue
                0x000066a8       0x70 ./Drivers/spidrv.o
 .text.WaitForIdleLine
                0x00006718       0x4a ./Drivers/spidrv.o
 *fill*         0x00006762        0x2 
 .text.EMU_IntClear
                0x00006764       0x20 ./Drivers/tempdrv.o
 .text.EMU_IntDisable
                0x00006784       0x28 ./Drivers/tempdrv.o
 .text.EMU_IntEnable
                0x000067ac       0x24 ./Drivers/tempdrv.o
 .text.EMU_IntGetEnabled
                0x000067d0       0x24 ./Drivers/tempdrv.o
 .text.EMU_IRQHandler
                0x000067f4        0xc ./Drivers/tempdrv.o
                0x000067f4                EMU_IRQHandler
 .text.TEMPDRV_IRQHandler
                0x00006800       0xa4 ./Drivers/tempdrv.o
                0x00006800                TEMPDRV_IRQHandler
 .text.convertToTemp
                0x000068a4       0x54 ./Drivers/tempdrv.o
 .text.updateInterrupts
                0x000068f8      0x144 ./Drivers/tempdrv.o
 .text.TEMPDRV_GetTemp
                0x00006a3c       0x1c ./Drivers/tempdrv.o
                0x00006a3c                TEMPDRV_GetTemp
 .text.TIMER_IntClear
                0x00006a58       0x1c ./Drivers/ustimer.o
 .text.TIMER_IntGet
                0x00006a74       0x18 ./Drivers/ustimer.o
 .text.TIMER0_IRQHandler
                0x00006a8c       0x38 ./Drivers/ustimer.o
                0x00006a8c                TIMER0_IRQHandler
 .text          0x00006ac4       0x30 ./CMSIS/EFM32PG12B/startup_gcc_efm32pg12b.o
                0x00006ac4                Reset_Handler
                0x00006af0                USART0_TX_IRQHandler
                0x00006af0                I2C0_IRQHandler
                0x00006af0                HardFault_Handler
                0x00006af0                SysTick_Handler
                0x00006af0                USART1_RX_IRQHandler
                0x00006af0                PendSV_Handler
                0x00006af0                NMI_Handler
                0x00006af0                I2C1_IRQHandler
                0x00006af0                WTIMER0_IRQHandler
                0x00006af0                CRYPTO0_IRQHandler
                0x00006af0                WDOG0_IRQHandler
                0x00006af0                USART1_TX_IRQHandler
                0x00006af0                SMU_IRQHandler
                0x00006af0                MSC_IRQHandler
                0x00006af0                UsageFault_Handler
                0x00006af0                WDOG1_IRQHandler
                0x00006af0                LEUART0_IRQHandler
                0x00006af0                FPUEH_IRQHandler
                0x00006af0                WTIMER1_IRQHandler
                0x00006af0                VDAC0_IRQHandler
                0x00006af0                CSEN_IRQHandler
                0x00006af0                CRYPTO1_IRQHandler
                0x00006af0                DebugMon_Handler
                0x00006af0                PCNT2_IRQHandler
                0x00006af0                LETIMER0_IRQHandler
                0x00006af0                TRNG0_IRQHandler
                0x00006af0                USART2_RX_IRQHandler
                0x00006af0                Default_Handler
                0x00006af0                CRYOTIMER_IRQHandler
                0x00006af0                PCNT0_IRQHandler
                0x00006af0                PCNT1_IRQHandler
                0x00006af0                ACMP0_IRQHandler
                0x00006af0                USART0_RX_IRQHandler
                0x00006af0                MemManage_Handler
                0x00006af0                SVC_Handler
                0x00006af0                USART3_RX_IRQHandler
                0x00006af0                CMU_IRQHandler
                0x00006af0                LESENSE_IRQHandler
                0x00006af0                USART3_TX_IRQHandler
                0x00006af0                BusFault_Handler
                0x00006af0                USART2_TX_IRQHandler
                0x00006af0                IDAC0_IRQHandler
 .text.SystemCoreClockGet
                0x00006af4       0x40 ./CMSIS/EFM32PG12B/system_efm32pg12b.o
                0x00006af4                SystemCoreClockGet
 .text.SystemMaxCoreClockGet
                0x00006b34       0x14 ./CMSIS/EFM32PG12B/system_efm32pg12b.o
                0x00006b34                SystemMaxCoreClockGet
 .text.SystemHFClockGet
                0x00006b48       0x70 ./CMSIS/EFM32PG12B/system_efm32pg12b.o
                0x00006b48                SystemHFClockGet
 .text.SystemHFXOClockGet
                0x00006bb8       0x18 ./CMSIS/EFM32PG12B/system_efm32pg12b.o
                0x00006bb8                SystemHFXOClockGet
 .text.SystemInit
                0x00006bd0       0x24 ./CMSIS/EFM32PG12B/system_efm32pg12b.o
                0x00006bd0                SystemInit
 .text.SystemLFRCOClockGet
                0x00006bf4       0x12 ./CMSIS/EFM32PG12B/system_efm32pg12b.o
                0x00006bf4                SystemLFRCOClockGet
 .text.SystemULFRCOClockGet
                0x00006c06       0x12 ./CMSIS/EFM32PG12B/system_efm32pg12b.o
                0x00006c06                SystemULFRCOClockGet
 .text.SystemLFXOClockGet
                0x00006c18       0x18 ./CMSIS/EFM32PG12B/system_efm32pg12b.o
                0x00006c18                SystemLFXOClockGet
 .text.BUS_RegBitWrite
                0x00006c30       0x2e ./emlib/em_adc.o
 .text.BUS_RegMaskedSet
                0x00006c5e       0x24 ./emlib/em_adc.o
 .text.BUS_RegMaskedClear
                0x00006c82       0x24 ./emlib/em_adc.o
 .text.BUS_RegMaskedWrite
                0x00006ca6       0x24 ./emlib/em_adc.o
 *fill*         0x00006cca        0x2 
 .text.ADC_LoadDevinfoCal
                0x00006ccc      0x1dc ./emlib/em_adc.o
 .text.ADC_Init
                0x00006ea8       0xc4 ./emlib/em_adc.o
                0x00006ea8                ADC_Init
 .text.ADC_ScanSingleEndedInputAdd
                0x00006f6c       0x98 ./emlib/em_adc.o
                0x00006f6c                ADC_ScanSingleEndedInputAdd
 .text.ADC_InitScan
                0x00007004      0x10a ./emlib/em_adc.o
                0x00007004                ADC_InitScan
 *fill*         0x0000710e        0x2 
 .text.ADC_PrescaleCalc
                0x00007110       0x70 ./emlib/em_adc.o
                0x00007110                ADC_PrescaleCalc
 .text.ADC_TimebaseCalc
                0x00007180       0x50 ./emlib/em_adc.o
                0x00007180                ADC_TimebaseCalc
 .text.BUS_RegBitWrite
                0x000071d0       0x2e ./emlib/em_cmu.o
 .text.BUS_RegBitRead
                0x000071fe       0x2a ./emlib/em_cmu.o
 .text.CMU_Log2ToDiv
                0x00007228       0x1c ./emlib/em_cmu.o
 .text.EMU_VScaleWait
                0x00007244       0x1c ./emlib/em_cmu.o
 .text.EMU_VScaleGet
                0x00007260       0x1c ./emlib/em_cmu.o
 .text.setHfLeConfig
                0x0000727c       0x64 ./emlib/em_cmu.o
 .text.auxClkGet
                0x000072e0       0x20 ./emlib/em_cmu.o
 .text.hfSrcClkGet
                0x00007300       0x2c ./emlib/em_cmu.o
 .text.dbgClkGet
                0x0000732c       0x40 ./emlib/em_cmu.o
 .text.adcAsyncClkGet
                0x0000736c       0x80 ./emlib/em_cmu.o
 .text.flashWaitStateControl
                0x000073ec       0x8c ./emlib/em_cmu.o
 .text.flashWaitStateMax
                0x00007478       0x44 ./emlib/em_cmu.o
 .text.CMU_UpdateWaitStates
                0x000074bc       0x40 ./emlib/em_cmu.o
                0x000074bc                CMU_UpdateWaitStates
 .text.getRegIshUpperVal
                0x000074fc       0x36 ./emlib/em_cmu.o
 *fill*         0x00007532        0x2 
 .text.getHfxoTuningMode
                0x00007534       0x1c ./emlib/em_cmu.o
 .text.setHfxoTuningMode
                0x00007550       0x2c ./emlib/em_cmu.o
 .text.lfClkGet
                0x0000757c       0xf4 ./emlib/em_cmu.o
 .text.syncReg  0x00007670       0x38 ./emlib/em_cmu.o
 .text.hfperClkSafePrescaler
                0x000076a8        0xe ./emlib/em_cmu.o
 .text.hfperClkOptimizedPrescaler
                0x000076b6        0xe ./emlib/em_cmu.o
 .text.CMU_ClockEnable
                0x000076c4       0xcc ./emlib/em_cmu.o
                0x000076c4                CMU_ClockEnable
 .text.CMU_ClockFreqGet
                0x00007790      0x1f4 ./emlib/em_cmu.o
                0x00007790                CMU_ClockFreqGet
 .text.CMU_ClockSelectGet
                0x00007984      0x19c ./emlib/em_cmu.o
                0x00007984                CMU_ClockSelectGet
 .text.CMU_ClockSelectSet
                0x00007b20      0x2d4 ./emlib/em_cmu.o
                0x00007b20                CMU_ClockSelectSet
 .text.CMU_HFRCOBandGet
                0x00007df4       0x18 ./emlib/em_cmu.o
                0x00007df4                CMU_HFRCOBandGet
 .text.CMU_OscillatorEnable
                0x00007e0c      0x17c ./emlib/em_cmu.o
                0x00007e0c                CMU_OscillatorEnable
 .text.CMU_OscillatorTuningGet
                0x00007f88       0x74 ./emlib/em_cmu.o
                0x00007f88                CMU_OscillatorTuningGet
 .text.CMU_OscillatorTuningSet
                0x00007ffc      0x100 ./emlib/em_cmu.o
                0x00007ffc                CMU_OscillatorTuningSet
 .text.CMU_OscillatorTuningWait
                0x000080fc       0x94 ./emlib/em_cmu.o
                0x000080fc                CMU_OscillatorTuningWait
 .text.CMU_OscillatorTuningOptimize
                0x00008190       0x58 ./emlib/em_cmu.o
                0x00008190                CMU_OscillatorTuningOptimize
 .text.CORE_EnterAtomic
                0x000081e8       0x20 ./emlib/em_core.o
                0x000081e8                CORE_EnterAtomic
 .text.CORE_ExitAtomic
                0x00008208       0x1c ./emlib/em_core.o
                0x00008208                CORE_ExitAtomic
 .text.BUS_RegBitRead
                0x00008224       0x2a ./emlib/em_emu.o
 *fill*         0x0000824e        0x2 
 .text.EMU_VScaleWait
                0x00008250       0x1c ./emlib/em_emu.o
 .text.EMU_VScaleGet
                0x0000826c       0x1c ./emlib/em_emu.o
 .text.vScaleEM01Cmd
                0x00008288       0x22 ./emlib/em_emu.o
 *fill*         0x000082aa        0x2 
 .text.EMU_VScaleEM01ByClock
                0x000082ac       0x70 ./emlib/em_emu.o
                0x000082ac                EMU_VScaleEM01ByClock
 .text.EMU_VScaleEM01
                0x0000831c       0x88 ./emlib/em_emu.o
                0x0000831c                EMU_VScaleEM01
 .text.NVIC_EnableIRQ
                0x000083a4       0x34 ./emlib/em_ldma.o
 .text.NVIC_ClearPendingIRQ
                0x000083d8       0x34 ./emlib/em_ldma.o
 .text.NVIC_SetPriority
                0x0000840c       0x54 ./emlib/em_ldma.o
 .text.BUS_RegMaskedClear
                0x00008460       0x24 ./emlib/em_ldma.o
 .text.LDMA_Init
                0x00008484       0x74 ./emlib/em_ldma.o
                0x00008484                LDMA_Init
 .text.LDMA_StartTransfer
                0x000084f8      0x154 ./emlib/em_ldma.o
                0x000084f8                LDMA_StartTransfer
 .text.LDMA_StopTransfer
                0x0000864c       0x48 ./emlib/em_ldma.o
                0x0000864c                LDMA_StopTransfer
 .text.LDMA_TransferRemainingCount
                0x00008694       0x80 ./emlib/em_ldma.o
                0x00008694                LDMA_TransferRemainingCount
 .text.RTCC_ChannelInit
                0x00008714       0x5c ./emlib/em_rtcc.o
                0x00008714                RTCC_ChannelInit
 .text.RTCC_Init
                0x00008770       0x98 ./emlib/em_rtcc.o
                0x00008770                RTCC_Init
 .text.TIMER_Valid
                0x00008808       0x50 ./emlib/em_timer.o
 .text.TIMER_Init
                0x00008858       0xdc ./emlib/em_timer.o
                0x00008858                TIMER_Init
 .text.USART_BaudrateSyncSet
                0x00008934       0x40 ./emlib/em_usart.o
                0x00008934                USART_BaudrateSyncSet
 .text.USART_InitSync
                0x00008974      0x104 ./emlib/em_usart.o
                0x00008974                USART_InitSync
 .text.USART_Reset
                0x00008a78       0xcc ./emlib/em_usart.o
                0x00008a78                USART_Reset
 .text.BUS_RegMaskedSet
                0x00008b44       0x24 ./Drivers/em_gpio.o
 .text.BUS_RegMaskedClear
                0x00008b68       0x24 ./Drivers/em_gpio.o
 .text.GPIO_PinOutClear
                0x00008b8c       0x78 ./Drivers/em_gpio.o
 .text.GPIO_PinOutSet
                0x00008c04       0x78 ./Drivers/em_gpio.o
 .text.GPIO_PinModeSet
                0x00008c7c      0x138 ./Drivers/em_gpio.o
                0x00008c7c                GPIO_PinModeSet
 .text._Z21spi_set_slave_requestP10spi_struct
                0x00008db4       0x3c ./src/common_spi.o
                0x00008db4                spi_set_slave_request(spi_struct*)
 .text._Z23spi_clear_slave_requestP10spi_struct
                0x00008df0       0x14 ./src/common_spi.o
                0x00008df0                spi_clear_slave_request(spi_struct*)
 .text._Z15spi_check_resetP10spi_struct
                0x00008e04       0x7a ./src/common_spi.o
                0x00008e04                spi_check_reset(spi_struct*)
 .text._Z24spi_set_pending_transferP10spi_struct
                0x00008e7e       0x1a ./src/common_spi.o
                0x00008e7e                spi_set_pending_transfer(spi_struct*)
 .text._Z26spi_clear_pending_transferP10spi_struct
                0x00008e98       0x1a ./src/common_spi.o
                0x00008e98                spi_clear_pending_transfer(spi_struct*)
 .text._Z27spi_clear_finished_transferP10spi_struct
                0x00008eb2       0x1a ./src/common_spi.o
                0x00008eb2                spi_clear_finished_transfer(spi_struct*)
 .text._Z19spi_finish_transferPct
                0x00008ecc       0x40 ./src/common_spi.o
                0x00008ecc                spi_finish_transfer(char*, unsigned short)
 .text._Z12spi_set_readv
                0x00008f0c       0x28 ./src/common_spi.o
                0x00008f0c                spi_set_read()
 .text._Z13spi_set_writePct
                0x00008f34       0x4c ./src/common_spi.o
                0x00008f34                spi_set_write(char*, unsigned short)
 .text._Z14spi_check_readPc
                0x00008f80       0x74 ./src/common_spi.o
                0x00008f80                spi_check_read(char*)
 .text._Z15spi_check_writev
                0x00008ff4       0x4c ./src/common_spi.o
                0x00008ff4                spi_check_write()
 .text._Z15init_spi_structP10spi_struct
                0x00009040       0x9a ./src/common_spi.o
                0x00009040                init_spi_struct(spi_struct*)
 *fill*         0x000090da        0x2 
 .text._Z10handle_spiv
                0x000090dc       0x4c ./src/common_spi.o
                0x000090dc                handle_spi()
 .text._Z16handle_spi_resetP10spi_struct
                0x00009128       0xe8 ./src/common_spi.o
                0x00009128                handle_spi_reset(spi_struct*)
 .text._Z12send_connectP10spi_struct
                0x00009210       0xc4 ./src/common_spi.o
                0x00009210                send_connect(spi_struct*)
 .text._Z16get_new_transferP10spi_struct
                0x000092d4       0x56 ./src/common_spi.o
                0x000092d4                get_new_transfer(spi_struct*)
 .text._Z15handle_transferP10spi_struct
                0x0000932a       0x6c ./src/common_spi.o
                0x0000932a                handle_transfer(spi_struct*)
 .text._Z20spi_prepare_transferP10spi_struct
                0x00009396      0x1ac ./src/common_spi.o
                0x00009396                spi_prepare_transfer(spi_struct*)
 .text._Z18spi_parse_transferP10spi_struct
                0x00009542      0x18c ./src/common_spi.o
                0x00009542                spi_parse_transfer(spi_struct*)
 .text._Z16spi_parse_opcodePc
                0x000096ce       0x1e ./src/common_spi.o
                0x000096ce                spi_parse_opcode(char*)
 .text._Z19spi_string_to_int32Pch
                0x000096ec       0x76 ./src/common_spi.o
                0x000096ec                spi_string_to_int32(char*, unsigned char)
 *fill*         0x00009762        0x2 
 .text          0x00009764      0x378 c:/siliconlabs/simplicitystudio/v4/developer/toolchains/gnu_arm/7.2_2017q4/bin/../lib/gcc/arm-none-eabi/7.2.1/thumb/v7e-m/fpv4-sp/softfp\libgcc.a(_arm_addsubdf3.o)
                0x00009764                __aeabi_drsub
                0x0000976c                __aeabi_dsub
                0x0000976c                __subdf3
                0x00009770                __aeabi_dadd
                0x00009770                __adddf3
                0x000099e8                __floatunsidf
                0x000099e8                __aeabi_ui2d
                0x00009a08                __floatsidf
                0x00009a08                __aeabi_i2d
                0x00009a2c                __aeabi_f2d
                0x00009a2c                __extendsfdf2
                0x00009a70                __floatundidf
                0x00009a70                __aeabi_ul2d
                0x00009a80                __floatdidf
                0x00009a80                __aeabi_l2d
 .text          0x00009adc      0x424 c:/siliconlabs/simplicitystudio/v4/developer/toolchains/gnu_arm/7.2_2017q4/bin/../lib/gcc/arm-none-eabi/7.2.1/thumb/v7e-m/fpv4-sp/softfp\libgcc.a(_arm_muldivdf3.o)
                0x00009adc                __aeabi_dmul
                0x00009adc                __muldf3
                0x00009d30                __divdf3
                0x00009d30                __aeabi_ddiv
 .text          0x00009f00      0x110 c:/siliconlabs/simplicitystudio/v4/developer/toolchains/gnu_arm/7.2_2017q4/bin/../lib/gcc/arm-none-eabi/7.2.1/thumb/v7e-m/fpv4-sp/softfp\libgcc.a(_arm_cmpdf2.o)
                0x00009f00                __gtdf2
                0x00009f00                __gedf2
                0x00009f08                __ltdf2
                0x00009f08                __ledf2
                0x00009f10                __nedf2
                0x00009f10                __eqdf2
                0x00009f10                __cmpdf2
                0x00009f8c                __aeabi_cdrcmple
                0x00009f9c                __aeabi_cdcmpeq
                0x00009f9c                __aeabi_cdcmple
                0x00009fac                __aeabi_dcmpeq
                0x00009fc0                __aeabi_dcmplt
                0x00009fd4                __aeabi_dcmple
                0x00009fe8                __aeabi_dcmpge
                0x00009ffc                __aeabi_dcmpgt
 .text          0x0000a010       0x30 c:/siliconlabs/simplicitystudio/v4/developer/toolchains/gnu_arm/7.2_2017q4/bin/../lib/gcc/arm-none-eabi/7.2.1/thumb/v7e-m/fpv4-sp/softfp\libgcc.a(_aeabi_uldivmod.o)
                0x0000a010                __aeabi_uldivmod
 .text          0x0000a040      0x2cc c:/siliconlabs/simplicitystudio/v4/developer/toolchains/gnu_arm/7.2_2017q4/bin/../lib/gcc/arm-none-eabi/7.2.1/thumb/v7e-m/fpv4-sp/softfp\libgcc.a(_udivmoddi4.o)
                0x0000a040                __udivmoddi4
 .text          0x0000a30c      0x9ec c:/siliconlabs/simplicitystudio/v4/developer/toolchains/gnu_arm/7.2_2017q4/bin/../lib/gcc/arm-none-eabi/7.2.1/thumb/v7e-m/fpv4-sp/softfp\libgcc.a(unwind-arm.o)
                0x0000a5c0                _Unwind_GetCFA
                0x0000a5c4                __gnu_Unwind_RaiseException
                0x0000a624                __gnu_Unwind_ForcedUnwind
                0x0000a638                __gnu_Unwind_Resume
                0x0000a67c                __gnu_Unwind_Resume_or_Rethrow
                0x0000a68c                _Unwind_Complete
                0x0000a690                _Unwind_DeleteException
                0x0000a69c                _Unwind_VRS_Get
                0x0000a6e0                _Unwind_VRS_Set
                0x0000a728                __gnu_Unwind_Backtrace
                0x0000aa6c                __aeabi_unwind_cpp_pr0
                0x0000aa70                __aeabi_unwind_cpp_pr1
                0x0000aa74                __aeabi_unwind_cpp_pr2
                0x0000aa78                _Unwind_VRS_Pop
 .text          0x0000acf8      0x1ac c:/siliconlabs/simplicitystudio/v4/developer/toolchains/gnu_arm/7.2_2017q4/bin/../lib/gcc/arm-none-eabi/7.2.1/thumb/v7e-m/fpv4-sp/softfp\libgcc.a(libunwind.o)
                0x0000acf8                __restore_core_regs
                0x0000acf8                restore_core_regs
                0x0000ad10                __gnu_Unwind_Restore_VFP
                0x0000ad18                __gnu_Unwind_Save_VFP
                0x0000ad20                __gnu_Unwind_Restore_VFP_D
                0x0000ad28                __gnu_Unwind_Save_VFP_D
                0x0000ad30                __gnu_Unwind_Restore_VFP_D_16_to_31
                0x0000ad38                __gnu_Unwind_Save_VFP_D_16_to_31
                0x0000ad40                __gnu_Unwind_Restore_WMMXD
                0x0000ad84                __gnu_Unwind_Save_WMMXD
                0x0000adc8                __gnu_Unwind_Restore_WMMXC
                0x0000addc                __gnu_Unwind_Save_WMMXC
                0x0000adf0                ___Unwind_RaiseException
                0x0000adf0                _Unwind_RaiseException
                0x0000ae14                _Unwind_Resume
                0x0000ae14                ___Unwind_Resume
                0x0000ae38                _Unwind_Resume_or_Rethrow
                0x0000ae38                ___Unwind_Resume_or_Rethrow
                0x0000ae5c                _Unwind_ForcedUnwind
                0x0000ae5c                ___Unwind_ForcedUnwind
                0x0000ae80                ___Unwind_Backtrace
                0x0000ae80                _Unwind_Backtrace
 .text          0x0000aea4      0x374 c:/siliconlabs/simplicitystudio/v4/developer/toolchains/gnu_arm/7.2_2017q4/bin/../lib/gcc/arm-none-eabi/7.2.1/thumb/v7e-m/fpv4-sp/softfp\libgcc.a(pr-support.o)
                0x0000aefc                __gnu_unwind_execute
                0x0000b1c0                __gnu_unwind_frame
                0x0000b1e8                _Unwind_GetRegionStart
                0x0000b1f4                _Unwind_GetLanguageSpecificData
                0x0000b208                _Unwind_GetDataRelBase
                0x0000b210                _Unwind_GetTextRelBase
 .text          0x0000b218        0x4 c:/siliconlabs/simplicitystudio/v4/developer/toolchains/gnu_arm/7.2_2017q4/bin/../lib/gcc/arm-none-eabi/7.2.1/thumb/v7e-m/fpv4-sp/softfp\libgcc.a(_dvmd_tls.o)
                0x0000b218                __aeabi_idiv0
                0x0000b218                __aeabi_ldiv0
 .text.abort    0x0000b21c        0xe c:/siliconlabs/simplicitystudio/v4/developer/toolchains/gnu_arm/7.2_2017q4/bin/../lib/gcc/arm-none-eabi/7.2.1/../../../../arm-none-eabi/lib/thumb/v7e-m/fpv4-sp/softfp\libc_nano.a(lib_a-abort.o)
                0x0000b21c                abort
 *fill*         0x0000b22a        0x2 
 .text.exit     0x0000b22c       0x28 c:/siliconlabs/simplicitystudio/v4/developer/toolchains/gnu_arm/7.2_2017q4/bin/../lib/gcc/arm-none-eabi/7.2.1/../../../../arm-none-eabi/lib/thumb/v7e-m/fpv4-sp/softfp\libc_nano.a(lib_a-exit.o)
                0x0000b22c                exit
 .text.__libc_init_array
                0x0000b254       0x48 c:/siliconlabs/simplicitystudio/v4/developer/toolchains/gnu_arm/7.2_2017q4/bin/../lib/gcc/arm-none-eabi/7.2.1/../../../../arm-none-eabi/lib/thumb/v7e-m/fpv4-sp/softfp\libc_nano.a(lib_a-init.o)
                0x0000b254                __libc_init_array
 .text.memcpy   0x0000b29c       0x16 c:/siliconlabs/simplicitystudio/v4/developer/toolchains/gnu_arm/7.2_2017q4/bin/../lib/gcc/arm-none-eabi/7.2.1/../../../../arm-none-eabi/lib/thumb/v7e-m/fpv4-sp/softfp\libc_nano.a(lib_a-memcpy-stub.o)
                0x0000b29c                memcpy
 .text.memset   0x0000b2b2       0x10 c:/siliconlabs/simplicitystudio/v4/developer/toolchains/gnu_arm/7.2_2017q4/bin/../lib/gcc/arm-none-eabi/7.2.1/../../../../arm-none-eabi/lib/thumb/v7e-m/fpv4-sp/softfp\libc_nano.a(lib_a-memset.o)
                0x0000b2b2                memset
 .text.__cvt    0x0000b2c2       0xbc c:/siliconlabs/simplicitystudio/v4/developer/toolchains/gnu_arm/7.2_2017q4/bin/../lib/gcc/arm-none-eabi/7.2.1/../../../../arm-none-eabi/lib/thumb/v7e-m/fpv4-sp/softfp\libc_nano.a(lib_a-nano-vfprintf_float.o)
                0x0000b2c2                __cvt
 .text.__exponent
                0x0000b37e       0x66 c:/siliconlabs/simplicitystudio/v4/developer/toolchains/gnu_arm/7.2_2017q4/bin/../lib/gcc/arm-none-eabi/7.2.1/../../../../arm-none-eabi/lib/thumb/v7e-m/fpv4-sp/softfp\libc_nano.a(lib_a-nano-vfprintf_float.o)
                0x0000b37e                __exponent
 .text._printf_float
                0x0000b3e4      0x48c c:/siliconlabs/simplicitystudio/v4/developer/toolchains/gnu_arm/7.2_2017q4/bin/../lib/gcc/arm-none-eabi/7.2.1/../../../../arm-none-eabi/lib/thumb/v7e-m/fpv4-sp/softfp\libc_nano.a(lib_a-nano-vfprintf_float.o)
                0x0000b3e4                _printf_float
 .text._printf_common
                0x0000b870       0xea c:/siliconlabs/simplicitystudio/v4/developer/toolchains/gnu_arm/7.2_2017q4/bin/../lib/gcc/arm-none-eabi/7.2.1/../../../../arm-none-eabi/lib/thumb/v7e-m/fpv4-sp/softfp\libc_nano.a(lib_a-nano-vfprintf_i.o)
                0x0000b870                _printf_common
 *fill*         0x0000b95a        0x2 
 .text._printf_i
                0x0000b95c      0x224 c:/siliconlabs/simplicitystudio/v4/developer/toolchains/gnu_arm/7.2_2017q4/bin/../lib/gcc/arm-none-eabi/7.2.1/../../../../arm-none-eabi/lib/thumb/v7e-m/fpv4-sp/softfp\libc_nano.a(lib_a-nano-vfprintf_i.o)
                0x0000b95c                _printf_i
 .text._scanf_float
                0x0000bb80      0x3bc c:/siliconlabs/simplicitystudio/v4/developer/toolchains/gnu_arm/7.2_2017q4/bin/../lib/gcc/arm-none-eabi/7.2.1/../../../../arm-none-eabi/lib/thumb/v7e-m/fpv4-sp/softfp\libc_nano.a(lib_a-nano-vfscanf_float.o)
                0x0000bb80                _scanf_float
 .text.nanf     0x0000bf3c        0x8 c:/siliconlabs/simplicitystudio/v4/developer/toolchains/gnu_arm/7.2_2017q4/bin/../lib/gcc/arm-none-eabi/7.2.1/../../../../arm-none-eabi/lib/thumb/v7e-m/fpv4-sp/softfp\libc_nano.a(lib_a-sf_nan.o)
                0x0000bf3c                nanf
 .text._raise_r
                0x0000bf44       0x50 c:/siliconlabs/simplicitystudio/v4/developer/toolchains/gnu_arm/7.2_2017q4/bin/../lib/gcc/arm-none-eabi/7.2.1/../../../../arm-none-eabi/lib/thumb/v7e-m/fpv4-sp/softfp\libc_nano.a(lib_a-signal.o)
                0x0000bf44                _raise_r
 .text.raise    0x0000bf94       0x10 c:/siliconlabs/simplicitystudio/v4/developer/toolchains/gnu_arm/7.2_2017q4/bin/../lib/gcc/arm-none-eabi/7.2.1/../../../../arm-none-eabi/lib/thumb/v7e-m/fpv4-sp/softfp\libc_nano.a(lib_a-signal.o)
                0x0000bf94                raise
 .text._kill_r  0x0000bfa4       0x24 c:/siliconlabs/simplicitystudio/v4/developer/toolchains/gnu_arm/7.2_2017q4/bin/../lib/gcc/arm-none-eabi/7.2.1/../../../../arm-none-eabi/lib/thumb/v7e-m/fpv4-sp/softfp\libc_nano.a(lib_a-signalr.o)
                0x0000bfa4                _kill_r
 .text._getpid_r
                0x0000bfc8        0x4 c:/siliconlabs/simplicitystudio/v4/developer/toolchains/gnu_arm/7.2_2017q4/bin/../lib/gcc/arm-none-eabi/7.2.1/../../../../arm-none-eabi/lib/thumb/v7e-m/fpv4-sp/softfp\libc_nano.a(lib_a-signalr.o)
                0x0000bfc8                _getpid_r
 .text.sprintf  0x0000bfcc       0x40 c:/siliconlabs/simplicitystudio/v4/developer/toolchains/gnu_arm/7.2_2017q4/bin/../lib/gcc/arm-none-eabi/7.2.1/../../../../arm-none-eabi/lib/thumb/v7e-m/fpv4-sp/softfp\libc_nano.a(lib_a-sprintf.o)
                0x0000bfcc                siprintf
                0x0000bfcc                sprintf
 .text          0x0000c00c       0x14 c:/siliconlabs/simplicitystudio/v4/developer/toolchains/gnu_arm/7.2_2017q4/bin/../lib/gcc/arm-none-eabi/7.2.1/../../../../arm-none-eabi/lib/thumb/v7e-m/fpv4-sp/softfp\libc_nano.a(lib_a-strcmp.o)
                0x0000c00c                strcmp
 .text.strcpy   0x0000c020       0x10 c:/siliconlabs/simplicitystudio/v4/developer/toolchains/gnu_arm/7.2_2017q4/bin/../lib/gcc/arm-none-eabi/7.2.1/../../../../arm-none-eabi/lib/thumb/v7e-m/fpv4-sp/softfp\libc_nano.a(lib_a-strcpy.o)
                0x0000c020                strcpy
 .text          0x0000c030       0x10 c:/siliconlabs/simplicitystudio/v4/developer/toolchains/gnu_arm/7.2_2017q4/bin/../lib/gcc/arm-none-eabi/7.2.1/../../../../arm-none-eabi/lib/thumb/v7e-m/fpv4-sp/softfp\libc_nano.a(lib_a-strlen.o)
                0x0000c030                strlen
 .text.unlikely.sulp
                0x0000c040       0x42 c:/siliconlabs/simplicitystudio/v4/developer/toolchains/gnu_arm/7.2_2017q4/bin/../lib/gcc/arm-none-eabi/7.2.1/../../../../arm-none-eabi/lib/thumb/v7e-m/fpv4-sp/softfp\libc_nano.a(lib_a-strtod.o)
 *fill*         0x0000c082        0x6 
 .text._strtod_l
                0x0000c088      0xbe0 c:/siliconlabs/simplicitystudio/v4/developer/toolchains/gnu_arm/7.2_2017q4/bin/../lib/gcc/arm-none-eabi/7.2.1/../../../../arm-none-eabi/lib/thumb/v7e-m/fpv4-sp/softfp\libc_nano.a(lib_a-strtod.o)
                0x0000c088                _strtod_l
 .text._strtod_r
                0x0000cc68       0x20 c:/siliconlabs/simplicitystudio/v4/developer/toolchains/gnu_arm/7.2_2017q4/bin/../lib/gcc/arm-none-eabi/7.2.1/../../../../arm-none-eabi/lib/thumb/v7e-m/fpv4-sp/softfp\libc_nano.a(lib_a-strtod.o)
                0x0000cc68                _strtod_r
 .text._strtol_l.isra.0
                0x0000cc88       0xf6 c:/siliconlabs/simplicitystudio/v4/developer/toolchains/gnu_arm/7.2_2017q4/bin/../lib/gcc/arm-none-eabi/7.2.1/../../../../arm-none-eabi/lib/thumb/v7e-m/fpv4-sp/softfp\libc_nano.a(lib_a-strtol.o)
 *fill*         0x0000cd7e        0x2 
 .text._strtol_r
                0x0000cd80       0x24 c:/siliconlabs/simplicitystudio/v4/developer/toolchains/gnu_arm/7.2_2017q4/bin/../lib/gcc/arm-none-eabi/7.2.1/../../../../arm-none-eabi/lib/thumb/v7e-m/fpv4-sp/softfp\libc_nano.a(lib_a-strtol.o)
                0x0000cd80                _strtol_r
 .text._vsnprintf_r
                0x0000cda4       0x58 c:/siliconlabs/simplicitystudio/v4/developer/toolchains/gnu_arm/7.2_2017q4/bin/../lib/gcc/arm-none-eabi/7.2.1/../../../../arm-none-eabi/lib/thumb/v7e-m/fpv4-sp/softfp\libc_nano.a(lib_a-vsnprintf.o)
                0x0000cda4                _vsniprintf_r
                0x0000cda4                _vsnprintf_r
 .text.vsnprintf
                0x0000cdfc       0x1c c:/siliconlabs/simplicitystudio/v4/developer/toolchains/gnu_arm/7.2_2017q4/bin/../lib/gcc/arm-none-eabi/7.2.1/../../../../arm-none-eabi/lib/thumb/v7e-m/fpv4-sp/softfp\libc_nano.a(lib_a-vsnprintf.o)
                0x0000cdfc                vsniprintf
                0x0000cdfc                vsnprintf
 .text.quorem   0x0000ce18      0x118 c:/siliconlabs/simplicitystudio/v4/developer/toolchains/gnu_arm/7.2_2017q4/bin/../lib/gcc/arm-none-eabi/7.2.1/../../../../arm-none-eabi/lib/thumb/v7e-m/fpv4-sp/softfp\libc_nano.a(lib_a-dtoa.o)
 .text._dtoa_r  0x0000cf30      0xb7c c:/siliconlabs/simplicitystudio/v4/developer/toolchains/gnu_arm/7.2_2017q4/bin/../lib/gcc/arm-none-eabi/7.2.1/../../../../arm-none-eabi/lib/thumb/v7e-m/fpv4-sp/softfp\libc_nano.a(lib_a-dtoa.o)
                0x0000cf30                _dtoa_r
 .text.rshift   0x0000daac       0x74 c:/siliconlabs/simplicitystudio/v4/developer/toolchains/gnu_arm/7.2_2017q4/bin/../lib/gcc/arm-none-eabi/7.2.1/../../../../arm-none-eabi/lib/thumb/v7e-m/fpv4-sp/softfp\libc_nano.a(lib_a-gdtoa-gethex.o)
 .text.__hexdig_fun
                0x0000db20       0x2a c:/siliconlabs/simplicitystudio/v4/developer/toolchains/gnu_arm/7.2_2017q4/bin/../lib/gcc/arm-none-eabi/7.2.1/../../../../arm-none-eabi/lib/thumb/v7e-m/fpv4-sp/softfp\libc_nano.a(lib_a-gdtoa-gethex.o)
                0x0000db20                __hexdig_fun
 .text.__gethex
                0x0000db4a      0x442 c:/siliconlabs/simplicitystudio/v4/developer/toolchains/gnu_arm/7.2_2017q4/bin/../lib/gcc/arm-none-eabi/7.2.1/../../../../arm-none-eabi/lib/thumb/v7e-m/fpv4-sp/softfp\libc_nano.a(lib_a-gdtoa-gethex.o)
                0x0000db4a                __gethex
 .text.L_shift  0x0000df8c       0x24 c:/siliconlabs/simplicitystudio/v4/developer/toolchains/gnu_arm/7.2_2017q4/bin/../lib/gcc/arm-none-eabi/7.2.1/../../../../arm-none-eabi/lib/thumb/v7e-m/fpv4-sp/softfp\libc_nano.a(lib_a-gdtoa-hexnan.o)
 .text.__match  0x0000dfb0       0x28 c:/siliconlabs/simplicitystudio/v4/developer/toolchains/gnu_arm/7.2_2017q4/bin/../lib/gcc/arm-none-eabi/7.2.1/../../../../arm-none-eabi/lib/thumb/v7e-m/fpv4-sp/softfp\libc_nano.a(lib_a-gdtoa-hexnan.o)
                0x0000dfb0                __match
 .text.__hexnan
                0x0000dfd8      0x120 c:/siliconlabs/simplicitystudio/v4/developer/toolchains/gnu_arm/7.2_2017q4/bin/../lib/gcc/arm-none-eabi/7.2.1/../../../../arm-none-eabi/lib/thumb/v7e-m/fpv4-sp/softfp\libc_nano.a(lib_a-gdtoa-hexnan.o)
                0x0000dfd8                __hexnan
 .text.__locale_ctype_ptr_l
                0x0000e0f8        0x6 c:/siliconlabs/simplicitystudio/v4/developer/toolchains/gnu_arm/7.2_2017q4/bin/../lib/gcc/arm-none-eabi/7.2.1/../../../../arm-none-eabi/lib/thumb/v7e-m/fpv4-sp/softfp\libc_nano.a(lib_a-locale.o)
                0x0000e0f8                __locale_ctype_ptr_l
 .text.__localeconv_l
                0x0000e0fe        0x4 c:/siliconlabs/simplicitystudio/v4/developer/toolchains/gnu_arm/7.2_2017q4/bin/../lib/gcc/arm-none-eabi/7.2.1/../../../../arm-none-eabi/lib/thumb/v7e-m/fpv4-sp/softfp\libc_nano.a(lib_a-localeconv.o)
                0x0000e0fe                __localeconv_l
 *fill*         0x0000e102        0x2 
 .text._localeconv_r
                0x0000e104       0x1c c:/siliconlabs/simplicitystudio/v4/developer/toolchains/gnu_arm/7.2_2017q4/bin/../lib/gcc/arm-none-eabi/7.2.1/../../../../arm-none-eabi/lib/thumb/v7e-m/fpv4-sp/softfp\libc_nano.a(lib_a-localeconv.o)
                0x0000e104                _localeconv_r
 .text.malloc   0x0000e120       0x10 c:/siliconlabs/simplicitystudio/v4/developer/toolchains/gnu_arm/7.2_2017q4/bin/../lib/gcc/arm-none-eabi/7.2.1/../../../../arm-none-eabi/lib/thumb/v7e-m/fpv4-sp/softfp\libc_nano.a(lib_a-malloc.o)
                0x0000e120                malloc
 .text.__ascii_mbtowc
                0x0000e130       0x24 c:/siliconlabs/simplicitystudio/v4/developer/toolchains/gnu_arm/7.2_2017q4/bin/../lib/gcc/arm-none-eabi/7.2.1/../../../../arm-none-eabi/lib/thumb/v7e-m/fpv4-sp/softfp\libc_nano.a(lib_a-mbtowc_r.o)
                0x0000e130                __ascii_mbtowc
 *fill*         0x0000e154        0xc 
 .text          0x0000e160       0xa0 c:/siliconlabs/simplicitystudio/v4/developer/toolchains/gnu_arm/7.2_2017q4/bin/../lib/gcc/arm-none-eabi/7.2.1/../../../../arm-none-eabi/lib/thumb/v7e-m/fpv4-sp/softfp\libc_nano.a(lib_a-memchr.o)
                0x0000e160                memchr
 .text._Balloc  0x0000e200       0x68 c:/siliconlabs/simplicitystudio/v4/developer/toolchains/gnu_arm/7.2_2017q4/bin/../lib/gcc/arm-none-eabi/7.2.1/../../../../arm-none-eabi/lib/thumb/v7e-m/fpv4-sp/softfp\libc_nano.a(lib_a-mprec.o)
                0x0000e200                _Balloc
 .text._Bfree   0x0000e268       0x2e c:/siliconlabs/simplicitystudio/v4/developer/toolchains/gnu_arm/7.2_2017q4/bin/../lib/gcc/arm-none-eabi/7.2.1/../../../../arm-none-eabi/lib/thumb/v7e-m/fpv4-sp/softfp\libc_nano.a(lib_a-mprec.o)
                0x0000e268                _Bfree
 .text.__multadd
                0x0000e296       0x76 c:/siliconlabs/simplicitystudio/v4/developer/toolchains/gnu_arm/7.2_2017q4/bin/../lib/gcc/arm-none-eabi/7.2.1/../../../../arm-none-eabi/lib/thumb/v7e-m/fpv4-sp/softfp\libc_nano.a(lib_a-mprec.o)
                0x0000e296                __multadd
 .text.__s2b    0x0000e30c       0x7c c:/siliconlabs/simplicitystudio/v4/developer/toolchains/gnu_arm/7.2_2017q4/bin/../lib/gcc/arm-none-eabi/7.2.1/../../../../arm-none-eabi/lib/thumb/v7e-m/fpv4-sp/softfp\libc_nano.a(lib_a-mprec.o)
                0x0000e30c                __s2b
 .text.__hi0bits
                0x0000e388       0x3e c:/siliconlabs/simplicitystudio/v4/developer/toolchains/gnu_arm/7.2_2017q4/bin/../lib/gcc/arm-none-eabi/7.2.1/../../../../arm-none-eabi/lib/thumb/v7e-m/fpv4-sp/softfp\libc_nano.a(lib_a-mprec.o)
                0x0000e388                __hi0bits
 .text.__lo0bits
                0x0000e3c6       0x5e c:/siliconlabs/simplicitystudio/v4/developer/toolchains/gnu_arm/7.2_2017q4/bin/../lib/gcc/arm-none-eabi/7.2.1/../../../../arm-none-eabi/lib/thumb/v7e-m/fpv4-sp/softfp\libc_nano.a(lib_a-mprec.o)
                0x0000e3c6                __lo0bits
 .text.__i2b    0x0000e424       0x12 c:/siliconlabs/simplicitystudio/v4/developer/toolchains/gnu_arm/7.2_2017q4/bin/../lib/gcc/arm-none-eabi/7.2.1/../../../../arm-none-eabi/lib/thumb/v7e-m/fpv4-sp/softfp\libc_nano.a(lib_a-mprec.o)
                0x0000e424                __i2b
 .text.__multiply
                0x0000e436      0x12c c:/siliconlabs/simplicitystudio/v4/developer/toolchains/gnu_arm/7.2_2017q4/bin/../lib/gcc/arm-none-eabi/7.2.1/../../../../arm-none-eabi/lib/thumb/v7e-m/fpv4-sp/softfp\libc_nano.a(lib_a-mprec.o)
                0x0000e436                __multiply
 *fill*         0x0000e562        0x2 
 .text.__pow5mult
                0x0000e564       0x9c c:/siliconlabs/simplicitystudio/v4/developer/toolchains/gnu_arm/7.2_2017q4/bin/../lib/gcc/arm-none-eabi/7.2.1/../../../../arm-none-eabi/lib/thumb/v7e-m/fpv4-sp/softfp\libc_nano.a(lib_a-mprec.o)
                0x0000e564                __pow5mult
 .text.__lshift
                0x0000e600       0xa8 c:/siliconlabs/simplicitystudio/v4/developer/toolchains/gnu_arm/7.2_2017q4/bin/../lib/gcc/arm-none-eabi/7.2.1/../../../../arm-none-eabi/lib/thumb/v7e-m/fpv4-sp/softfp\libc_nano.a(lib_a-mprec.o)
                0x0000e600                __lshift
 .text.__mcmp   0x0000e6a8       0x34 c:/siliconlabs/simplicitystudio/v4/developer/toolchains/gnu_arm/7.2_2017q4/bin/../lib/gcc/arm-none-eabi/7.2.1/../../../../arm-none-eabi/lib/thumb/v7e-m/fpv4-sp/softfp\libc_nano.a(lib_a-mprec.o)
                0x0000e6a8                __mcmp
 .text.__mdiff  0x0000e6dc       0xba c:/siliconlabs/simplicitystudio/v4/developer/toolchains/gnu_arm/7.2_2017q4/bin/../lib/gcc/arm-none-eabi/7.2.1/../../../../arm-none-eabi/lib/thumb/v7e-m/fpv4-sp/softfp\libc_nano.a(lib_a-mprec.o)
                0x0000e6dc                __mdiff
 *fill*         0x0000e796        0x2 
 .text.__ulp    0x0000e798       0x48 c:/siliconlabs/simplicitystudio/v4/developer/toolchains/gnu_arm/7.2_2017q4/bin/../lib/gcc/arm-none-eabi/7.2.1/../../../../arm-none-eabi/lib/thumb/v7e-m/fpv4-sp/softfp\libc_nano.a(lib_a-mprec.o)
                0x0000e798                __ulp
 .text.__b2d    0x0000e7e0       0xa4 c:/siliconlabs/simplicitystudio/v4/developer/toolchains/gnu_arm/7.2_2017q4/bin/../lib/gcc/arm-none-eabi/7.2.1/../../../../arm-none-eabi/lib/thumb/v7e-m/fpv4-sp/softfp\libc_nano.a(lib_a-mprec.o)
                0x0000e7e0                __b2d
 .text.__d2b    0x0000e884       0x9e c:/siliconlabs/simplicitystudio/v4/developer/toolchains/gnu_arm/7.2_2017q4/bin/../lib/gcc/arm-none-eabi/7.2.1/../../../../arm-none-eabi/lib/thumb/v7e-m/fpv4-sp/softfp\libc_nano.a(lib_a-mprec.o)
                0x0000e884                __d2b
 .text.__ratio  0x0000e922       0x5c c:/siliconlabs/simplicitystudio/v4/developer/toolchains/gnu_arm/7.2_2017q4/bin/../lib/gcc/arm-none-eabi/7.2.1/../../../../arm-none-eabi/lib/thumb/v7e-m/fpv4-sp/softfp\libc_nano.a(lib_a-mprec.o)
                0x0000e922                __ratio
 .text.__copybits
                0x0000e97e       0x34 c:/siliconlabs/simplicitystudio/v4/developer/toolchains/gnu_arm/7.2_2017q4/bin/../lib/gcc/arm-none-eabi/7.2.1/../../../../arm-none-eabi/lib/thumb/v7e-m/fpv4-sp/softfp\libc_nano.a(lib_a-mprec.o)
                0x0000e97e                __copybits
 .text.__any_on
                0x0000e9b2       0x42 c:/siliconlabs/simplicitystudio/v4/developer/toolchains/gnu_arm/7.2_2017q4/bin/../lib/gcc/arm-none-eabi/7.2.1/../../../../arm-none-eabi/lib/thumb/v7e-m/fpv4-sp/softfp\libc_nano.a(lib_a-mprec.o)
                0x0000e9b2                __any_on
 .text._calloc_r
                0x0000e9f4       0x1c c:/siliconlabs/simplicitystudio/v4/developer/toolchains/gnu_arm/7.2_2017q4/bin/../lib/gcc/arm-none-eabi/7.2.1/../../../../arm-none-eabi/lib/thumb/v7e-m/fpv4-sp/softfp\libc_nano.a(lib_a-nano-callocr.o)
                0x0000e9f4                _calloc_r
 .text._free_r  0x0000ea10       0x9c c:/siliconlabs/simplicitystudio/v4/developer/toolchains/gnu_arm/7.2_2017q4/bin/../lib/gcc/arm-none-eabi/7.2.1/../../../../arm-none-eabi/lib/thumb/v7e-m/fpv4-sp/softfp\libc_nano.a(lib_a-nano-freer.o)
                0x0000ea10                _free_r
 .text._malloc_r
                0x0000eaac       0xb4 c:/siliconlabs/simplicitystudio/v4/developer/toolchains/gnu_arm/7.2_2017q4/bin/../lib/gcc/arm-none-eabi/7.2.1/../../../../arm-none-eabi/lib/thumb/v7e-m/fpv4-sp/softfp\libc_nano.a(lib_a-nano-mallocr.o)
                0x0000eaac                _malloc_r
 .text.__ssputs_r
                0x0000eb60       0xb4 c:/siliconlabs/simplicitystudio/v4/developer/toolchains/gnu_arm/7.2_2017q4/bin/../lib/gcc/arm-none-eabi/7.2.1/../../../../arm-none-eabi/lib/thumb/v7e-m/fpv4-sp/softfp\libc_nano.a(lib_a-nano-svfprintf.o)
                0x0000eb60                __ssputs_r
 .text._svfprintf_r
                0x0000ec14      0x1ec c:/siliconlabs/simplicitystudio/v4/developer/toolchains/gnu_arm/7.2_2017q4/bin/../lib/gcc/arm-none-eabi/7.2.1/../../../../arm-none-eabi/lib/thumb/v7e-m/fpv4-sp/softfp\libc_nano.a(lib_a-nano-svfprintf.o)
                0x0000ec14                _svfiprintf_r
                0x0000ec14                _svfprintf_r
 .text._sbrk_r  0x0000ee00       0x20 c:/siliconlabs/simplicitystudio/v4/developer/toolchains/gnu_arm/7.2_2017q4/bin/../lib/gcc/arm-none-eabi/7.2.1/../../../../arm-none-eabi/lib/thumb/v7e-m/fpv4-sp/softfp\libc_nano.a(lib_a-sbrkr.o)
                0x0000ee00                _sbrk_r
 .text.strncmp  0x0000ee20       0x24 c:/siliconlabs/simplicitystudio/v4/developer/toolchains/gnu_arm/7.2_2017q4/bin/../lib/gcc/arm-none-eabi/7.2.1/../../../../arm-none-eabi/lib/thumb/v7e-m/fpv4-sp/softfp\libc_nano.a(lib_a-strncmp.o)
                0x0000ee20                strncmp
 .text.__ascii_wctomb
                0x0000ee44       0x1a c:/siliconlabs/simplicitystudio/v4/developer/toolchains/gnu_arm/7.2_2017q4/bin/../lib/gcc/arm-none-eabi/7.2.1/../../../../arm-none-eabi/lib/thumb/v7e-m/fpv4-sp/softfp\libc_nano.a(lib_a-wctomb_r.o)
                0x0000ee44                __ascii_wctomb
 .text.memmove  0x0000ee5e       0x32 c:/siliconlabs/simplicitystudio/v4/developer/toolchains/gnu_arm/7.2_2017q4/bin/../lib/gcc/arm-none-eabi/7.2.1/../../../../arm-none-eabi/lib/thumb/v7e-m/fpv4-sp/softfp\libc_nano.a(lib_a-memmove.o)
                0x0000ee5e                memmove
 .text.__malloc_lock
                0x0000ee90        0x2 c:/siliconlabs/simplicitystudio/v4/developer/toolchains/gnu_arm/7.2_2017q4/bin/../lib/gcc/arm-none-eabi/7.2.1/../../../../arm-none-eabi/lib/thumb/v7e-m/fpv4-sp/softfp\libc_nano.a(lib_a-mlock.o)
                0x0000ee90                __malloc_lock
 .text.__malloc_unlock
                0x0000ee92        0x2 c:/siliconlabs/simplicitystudio/v4/developer/toolchains/gnu_arm/7.2_2017q4/bin/../lib/gcc/arm-none-eabi/7.2.1/../../../../arm-none-eabi/lib/thumb/v7e-m/fpv4-sp/softfp\libc_nano.a(lib_a-mlock.o)
                0x0000ee92                __malloc_unlock
 .text._realloc_r
                0x0000ee94       0x4c c:/siliconlabs/simplicitystudio/v4/developer/toolchains/gnu_arm/7.2_2017q4/bin/../lib/gcc/arm-none-eabi/7.2.1/../../../../arm-none-eabi/lib/thumb/v7e-m/fpv4-sp/softfp\libc_nano.a(lib_a-nano-reallocr.o)
                0x0000ee94                _realloc_r
 .text._malloc_usable_size_r
                0x0000eee0       0x10 c:/siliconlabs/simplicitystudio/v4/developer/toolchains/gnu_arm/7.2_2017q4/bin/../lib/gcc/arm-none-eabi/7.2.1/../../../../arm-none-eabi/lib/thumb/v7e-m/fpv4-sp/softfp\libc_nano.a(lib_a-nano-msizer.o)
                0x0000eee0                _malloc_usable_size_r
 .text          0x0000eef0       0x2c c:/siliconlabs/simplicitystudio/v4/developer/toolchains/gnu_arm/7.2_2017q4/bin/../lib/gcc/arm-none-eabi/7.2.1/thumb/v7e-m/fpv4-sp/softfp\libgcc.a(_arm_unorddf2.o)
                0x0000eef0                __unorddf2
                0x0000eef0                __aeabi_dcmpun
 .text          0x0000ef1c       0x50 c:/siliconlabs/simplicitystudio/v4/developer/toolchains/gnu_arm/7.2_2017q4/bin/../lib/gcc/arm-none-eabi/7.2.1/thumb/v7e-m/fpv4-sp/softfp\libgcc.a(_arm_fixdfsi.o)
                0x0000ef1c                __aeabi_d2iz
                0x0000ef1c                __fixdfsi
 .text          0x0000ef6c       0x40 c:/siliconlabs/simplicitystudio/v4/developer/toolchains/gnu_arm/7.2_2017q4/bin/../lib/gcc/arm-none-eabi/7.2.1/thumb/v7e-m/fpv4-sp/softfp\libgcc.a(_arm_fixunsdfsi.o)
                0x0000ef6c                __aeabi_d2uiz
                0x0000ef6c                __fixunsdfsi
 .text          0x0000efac       0xa0 c:/siliconlabs/simplicitystudio/v4/developer/toolchains/gnu_arm/7.2_2017q4/bin/../lib/gcc/arm-none-eabi/7.2.1/thumb/v7e-m/fpv4-sp/softfp\libgcc.a(_arm_truncdfsf2.o)
                0x0000efac                __truncdfsf2
                0x0000efac                __aeabi_d2f
 .text._getpid  0x0000f04c       0x10 c:/siliconlabs/simplicitystudio/v4/developer/toolchains/gnu_arm/7.2_2017q4/bin/../lib/gcc/arm-none-eabi/7.2.1/../../../../arm-none-eabi/lib/thumb/v7e-m/fpv4-sp/softfp\libnosys.a(getpid.o)
                0x0000f04c                _getpid
 .text._kill    0x0000f05c       0x10 c:/siliconlabs/simplicitystudio/v4/developer/toolchains/gnu_arm/7.2_2017q4/bin/../lib/gcc/arm-none-eabi/7.2.1/../../../../arm-none-eabi/lib/thumb/v7e-m/fpv4-sp/softfp\libnosys.a(kill.o)
                0x0000f05c                _kill
 .text._sbrk    0x0000f06c       0x1c c:/siliconlabs/simplicitystudio/v4/developer/toolchains/gnu_arm/7.2_2017q4/bin/../lib/gcc/arm-none-eabi/7.2.1/../../../../arm-none-eabi/lib/thumb/v7e-m/fpv4-sp/softfp\libnosys.a(sbrk.o)
                0x0000f06c                _sbrk
 .text._exit    0x0000f088        0x4 c:/siliconlabs/simplicitystudio/v4/developer/toolchains/gnu_arm/7.2_2017q4/bin/../lib/gcc/arm-none-eabi/7.2.1/../../../../arm-none-eabi/lib/thumb/v7e-m/fpv4-sp/softfp\libnosys.a(_exit.o)
                0x0000f088                _exit
 *(.init)
 .init          0x0000f08c        0x4 c:/siliconlabs/simplicitystudio/v4/developer/toolchains/gnu_arm/7.2_2017q4/bin/../lib/gcc/arm-none-eabi/7.2.1/thumb/v7e-m/fpv4-sp/softfp/crti.o
                0x0000f08c                _init
 .init          0x0000f090        0x8 c:/siliconlabs/simplicitystudio/v4/developer/toolchains/gnu_arm/7.2_2017q4/bin/../lib/gcc/arm-none-eabi/7.2.1/thumb/v7e-m/fpv4-sp/softfp/crtn.o
 *(.fini)
 .fini          0x0000f098        0x4 c:/siliconlabs/simplicitystudio/v4/developer/toolchains/gnu_arm/7.2_2017q4/bin/../lib/gcc/arm-none-eabi/7.2.1/thumb/v7e-m/fpv4-sp/softfp/crti.o
                0x0000f098                _fini
 .fini          0x0000f09c        0x8 c:/siliconlabs/simplicitystudio/v4/developer/toolchains/gnu_arm/7.2_2017q4/bin/../lib/gcc/arm-none-eabi/7.2.1/thumb/v7e-m/fpv4-sp/softfp/crtn.o
 *crtbegin.o(.ctors)
 *crtbegin?.o(.ctors)
 *(EXCLUDE_FILE(*crtend.o *crtend?.o) .ctors)
 *(SORT_BY_NAME(.ctors.*))
 *(.ctors)
 *crtbegin.o(.dtors)
 *crtbegin?.o(.dtors)
 *(EXCLUDE_FILE(*crtend.o *crtend?.o) .dtors)
 *(SORT_BY_NAME(.dtors.*))
 *(.dtors)
 *(.rodata*)
 .rodata        0x0000f0a4       0x62 ./src/cnc_functions.o
 *fill*         0x0000f106        0x2 
 .rodata        0x0000f108       0x5a ./src/cnc_motors.o
 *fill*         0x0000f162        0x2 
 .rodata        0x0000f164       0x13 ./src/main.o
 *fill*         0x0000f177        0x1 
 .rodata        0x0000f178        0x4 ./Drivers/dmadrv.o
 .rodata        0x0000f17c       0x18 ./Drivers/spidrv.o
 .rodata.flashWsTable
                0x0000f194       0x28 ./emlib/em_cmu.o
 .rodata        0x0000f1bc       0x16 ./src/common_spi.o
 *fill*         0x0000f1d2        0x2 
 .rodata._global_impure_ptr
                0x0000f1d4        0x4 c:/siliconlabs/simplicitystudio/v4/developer/toolchains/gnu_arm/7.2_2017q4/bin/../lib/gcc/arm-none-eabi/7.2.1/../../../../arm-none-eabi/lib/thumb/v7e-m/fpv4-sp/softfp\libc_nano.a(lib_a-impure.o)
                0x0000f1d4                _global_impure_ptr
 .rodata._printf_float.str1.1
                0x0000f1d8       0x12 c:/siliconlabs/simplicitystudio/v4/developer/toolchains/gnu_arm/7.2_2017q4/bin/../lib/gcc/arm-none-eabi/7.2.1/../../../../arm-none-eabi/lib/thumb/v7e-m/fpv4-sp/softfp\libc_nano.a(lib_a-nano-vfprintf_float.o)
 .rodata._printf_i.str1.1
                0x0000f1ea       0x22 c:/siliconlabs/simplicitystudio/v4/developer/toolchains/gnu_arm/7.2_2017q4/bin/../lib/gcc/arm-none-eabi/7.2.1/../../../../arm-none-eabi/lib/thumb/v7e-m/fpv4-sp/softfp\libc_nano.a(lib_a-nano-vfprintf_i.o)
 .rodata._scanf_float.str1.1
                0x0000f20c        0x5 c:/siliconlabs/simplicitystudio/v4/developer/toolchains/gnu_arm/7.2_2017q4/bin/../lib/gcc/arm-none-eabi/7.2.1/../../../../arm-none-eabi/lib/thumb/v7e-m/fpv4-sp/softfp\libc_nano.a(lib_a-nano-vfscanf_float.o)
 .rodata._strtod_l.str1.1
                0x0000f211        0x5 c:/siliconlabs/simplicitystudio/v4/developer/toolchains/gnu_arm/7.2_2017q4/bin/../lib/gcc/arm-none-eabi/7.2.1/../../../../arm-none-eabi/lib/thumb/v7e-m/fpv4-sp/softfp\libc_nano.a(lib_a-strtod.o)
                                  0xc (size before relaxing)
 *fill*         0x0000f211        0x3 
 .rodata.fpi.7431
                0x0000f214       0x14 c:/siliconlabs/simplicitystudio/v4/developer/toolchains/gnu_arm/7.2_2017q4/bin/../lib/gcc/arm-none-eabi/7.2.1/../../../../arm-none-eabi/lib/thumb/v7e-m/fpv4-sp/softfp\libc_nano.a(lib_a-strtod.o)
 .rodata.fpinan.7467
                0x0000f228       0x14 c:/siliconlabs/simplicitystudio/v4/developer/toolchains/gnu_arm/7.2_2017q4/bin/../lib/gcc/arm-none-eabi/7.2.1/../../../../arm-none-eabi/lib/thumb/v7e-m/fpv4-sp/softfp\libc_nano.a(lib_a-strtod.o)
 *fill*         0x0000f23c        0x4 
 .rodata.tinytens
                0x0000f240       0x28 c:/siliconlabs/simplicitystudio/v4/developer/toolchains/gnu_arm/7.2_2017q4/bin/../lib/gcc/arm-none-eabi/7.2.1/../../../../arm-none-eabi/lib/thumb/v7e-m/fpv4-sp/softfp\libc_nano.a(lib_a-strtod.o)
 .rodata._dtoa_r.str1.1
                0x0000f268        0xd c:/siliconlabs/simplicitystudio/v4/developer/toolchains/gnu_arm/7.2_2017q4/bin/../lib/gcc/arm-none-eabi/7.2.1/../../../../arm-none-eabi/lib/thumb/v7e-m/fpv4-sp/softfp\libc_nano.a(lib_a-dtoa.o)
                                  0xf (size before relaxing)
 .rodata._setlocale_r.str1.1
                0x0000f275        0x8 c:/siliconlabs/simplicitystudio/v4/developer/toolchains/gnu_arm/7.2_2017q4/bin/../lib/gcc/arm-none-eabi/7.2.1/../../../../arm-none-eabi/lib/thumb/v7e-m/fpv4-sp/softfp\libc_nano.a(lib_a-locale.o)
                                  0x9 (size before relaxing)
 .rodata.str1.1
                0x0000f27d        0x2 c:/siliconlabs/simplicitystudio/v4/developer/toolchains/gnu_arm/7.2_2017q4/bin/../lib/gcc/arm-none-eabi/7.2.1/../../../../arm-none-eabi/lib/thumb/v7e-m/fpv4-sp/softfp\libc_nano.a(lib_a-locale.o)
 *fill*         0x0000f27f        0x1 
 .rodata.__mprec_bigtens
                0x0000f280       0x28 c:/siliconlabs/simplicitystudio/v4/developer/toolchains/gnu_arm/7.2_2017q4/bin/../lib/gcc/arm-none-eabi/7.2.1/../../../../arm-none-eabi/lib/thumb/v7e-m/fpv4-sp/softfp\libc_nano.a(lib_a-mprec.o)
                0x0000f280                __mprec_bigtens
 .rodata.__mprec_tens
                0x0000f2a8       0xc8 c:/siliconlabs/simplicitystudio/v4/developer/toolchains/gnu_arm/7.2_2017q4/bin/../lib/gcc/arm-none-eabi/7.2.1/../../../../arm-none-eabi/lib/thumb/v7e-m/fpv4-sp/softfp\libc_nano.a(lib_a-mprec.o)
                0x0000f2a8                __mprec_tens
 .rodata.p05.7359
                0x0000f370        0xc c:/siliconlabs/simplicitystudio/v4/developer/toolchains/gnu_arm/7.2_2017q4/bin/../lib/gcc/arm-none-eabi/7.2.1/../../../../arm-none-eabi/lib/thumb/v7e-m/fpv4-sp/softfp\libc_nano.a(lib_a-mprec.o)
 .rodata._svfprintf_r.str1.1
                0x0000f37c       0x11 c:/siliconlabs/simplicitystudio/v4/developer/toolchains/gnu_arm/7.2_2017q4/bin/../lib/gcc/arm-none-eabi/7.2.1/../../../../arm-none-eabi/lib/thumb/v7e-m/fpv4-sp/softfp\libc_nano.a(lib_a-nano-svfprintf.o)
 .rodata._ctype_
                0x0000f38d      0x101 c:/siliconlabs/simplicitystudio/v4/developer/toolchains/gnu_arm/7.2_2017q4/bin/../lib/gcc/arm-none-eabi/7.2.1/../../../../arm-none-eabi/lib/thumb/v7e-m/fpv4-sp/softfp\libc_nano.a(lib_a-ctype_.o)
                0x0000f38d                _ctype_
 *(.eh_frame*)
 *fill*         0x0000f48e        0x2 
 .eh_frame      0x0000f490        0x0 c:/siliconlabs/simplicitystudio/v4/developer/toolchains/gnu_arm/7.2_2017q4/bin/../lib/gcc/arm-none-eabi/7.2.1/thumb/v7e-m/fpv4-sp/softfp/crtbegin.o
 .eh_frame      0x0000f490        0x4 c:/siliconlabs/simplicitystudio/v4/developer/toolchains/gnu_arm/7.2_2017q4/bin/../lib/gcc/arm-none-eabi/7.2.1/thumb/v7e-m/fpv4-sp/softfp/crtend.o

.glue_7         0x0000f494        0x0
 .glue_7        0x0000f494        0x0 linker stubs

.glue_7t        0x0000f494        0x0
 .glue_7t       0x0000f494        0x0 linker stubs

.vfp11_veneer   0x0000f494        0x0
 .vfp11_veneer  0x0000f494        0x0 linker stubs

.v4_bx          0x0000f494        0x0
 .v4_bx         0x0000f494        0x0 linker stubs

.iplt           0x0000f494        0x0
 .iplt          0x0000f494        0x0 c:/siliconlabs/simplicitystudio/v4/developer/toolchains/gnu_arm/7.2_2017q4/bin/../lib/gcc/arm-none-eabi/7.2.1/thumb/v7e-m/fpv4-sp/softfp/crtbegin.o

.ARM.extab      0x0000f494       0xfc
 *(.ARM.extab* .gnu.linkonce.armextab.*)
 .ARM.extab.text._Z8init_adcv
                0x0000f494        0xc ./src/cnc_adc.o
 .ARM.extab.text._Z12handle_stateP16cnc_state_struct
                0x0000f4a0        0xc ./src/cnc_functions.o
 .ARM.extab.text._Z9check_spiP16cnc_state_struct
                0x0000f4ac        0xc ./src/cnc_functions.o
 .ARM.extab.text._Z11init_motorsP21cnc_motor_list_struct
                0x0000f4b8        0xc ./src/cnc_motors.o
 .ARM.extab.text._ZL19slave_transfer_doneP17SPIDRV_HandleDatami
                0x0000f4c4        0xc ./src/cnc_spi.o
 .ARM.extab.text._Z17spi_transfer_dataPct
                0x0000f4d0        0xc ./src/cnc_spi.o
 .ARM.extab.text._Z11init_timersP21cnc_motor_list_struct
                0x0000f4dc        0xc ./src/cnc_timers.o
 .ARM.extab.text._Z16init_motor_timerv
                0x0000f4e8        0xc ./src/cnc_timers.o
 .ARM.extab.text._ZN16cnc_state_structC2Ev
                0x0000f4f4        0x0 ./src/main.o
 .ARM.extab.text._ZN16cnc_motor_structC2Ev
                0x0000f4f4        0x0 ./src/main.o
 .ARM.extab.text._ZN21cnc_motor_list_structC2Ev
                0x0000f4f4        0x0 ./src/main.o
 .ARM.extab.text.main
                0x0000f4f4        0xc ./src/main.o
 .ARM.extab.text._Z11system_initP21cnc_motor_list_struct
                0x0000f500        0xc ./src/main.o
 .ARM.extab.text._Z13variable_initP16cnc_state_structP21cnc_motor_list_struct
                0x0000f50c        0xc ./src/main.o
 .ARM.extab.text._Z21spi_set_slave_requestP10spi_struct
                0x0000f518        0xc ./src/common_spi.o
 .ARM.extab.text._Z23spi_clear_slave_requestP10spi_struct
                0x0000f524        0xc ./src/common_spi.o
 .ARM.extab.text._Z15spi_check_resetP10spi_struct
                0x0000f530        0xc ./src/common_spi.o
 .ARM.extab.text._Z16handle_spi_resetP10spi_struct
                0x0000f53c        0xc ./src/common_spi.o
 .ARM.extab.text._Z12send_connectP10spi_struct
                0x0000f548        0xc ./src/common_spi.o
 .ARM.extab.text._Z15handle_transferP10spi_struct
                0x0000f554        0xc ./src/common_spi.o
 .ARM.extab.text._Z20spi_prepare_transferP10spi_struct
                0x0000f560        0xc ./src/common_spi.o
 .ARM.extab.text._Z18spi_parse_transferP10spi_struct
                0x0000f56c        0xc ./src/common_spi.o
 .ARM.extab     0x0000f578       0x18 c:/siliconlabs/simplicitystudio/v4/developer/toolchains/gnu_arm/7.2_2017q4/bin/../lib/gcc/arm-none-eabi/7.2.1/thumb/v7e-m/fpv4-sp/softfp\libgcc.a(pr-support.o)
                0x0000f590                __exidx_start = .

.ARM.exidx      0x0000f590      0x1c8
 *(.ARM.exidx* .gnu.linkonce.armexidx.*)
 .ARM.exidx     0x0000f590        0x8 c:/siliconlabs/simplicitystudio/v4/developer/toolchains/gnu_arm/7.2_2017q4/bin/../lib/gcc/arm-none-eabi/7.2.1/../../../../arm-none-eabi/lib/thumb/v7e-m/fpv4-sp/softfp/crt0.o
 .ARM.exidx.text.NVIC_EnableIRQ
                0x0000f598        0x0 ./src/cnc_adc.o
                                  0x8 (size before relaxing)
 .ARM.exidx.text.ADC_DataScanGet
                0x0000f598        0x0 ./src/cnc_adc.o
                                  0x8 (size before relaxing)
 .ARM.exidx.text.ADC_IntClear
                0x0000f598        0x0 ./src/cnc_adc.o
                                  0x8 (size before relaxing)
 .ARM.exidx.text.ADC_IntEnable
                0x0000f598        0x0 ./src/cnc_adc.o
                                  0x8 (size before relaxing)
 .ARM.exidx.text.ADC_Start
                0x0000f598        0x0 ./src/cnc_adc.o
                                  0x8 (size before relaxing)
 .ARM.exidx.text._Z8init_adcv
                0x0000f598        0x8 ./src/cnc_adc.o
 .ARM.exidx.text.ADC0_IRQHandler
                0x0000f5a0        0x8 ./src/cnc_adc.o
 .ARM.exidx.text._Z8init_cncP16cnc_state_struct
                0x0000f5a8        0x0 ./src/cnc_functions.o
                                  0x8 (size before relaxing)
 .ARM.exidx.text._Z12handle_stateP16cnc_state_struct
                0x0000f5a8        0x8 ./src/cnc_functions.o
 .ARM.exidx.text._Z9check_spiP16cnc_state_struct
                0x0000f5b0        0x8 ./src/cnc_functions.o
 .ARM.exidx.text._Z19process_spi_requestP16cnc_state_struct
                0x0000f5b8        0x8 ./src/cnc_functions.o
 .ARM.exidx.text._Z12parse_statusP16cnc_state_struct
                0x0000f5c0        0x0 ./src/cnc_functions.o
                                  0x8 (size before relaxing)
 .ARM.exidx.text._Z11parse_printP16cnc_state_struct
                0x0000f5c0        0x0 ./src/cnc_functions.o
                                  0x8 (size before relaxing)
 .ARM.exidx.text._Z13parse_versionP16cnc_state_struct
                0x0000f5c0        0x0 ./src/cnc_functions.o
                                  0x8 (size before relaxing)
 .ARM.exidx.text._Z10cnc_printfP16cnc_state_structPKcz
                0x0000f5c0        0x0 ./src/cnc_functions.o
                                  0x8 (size before relaxing)
 .ARM.exidx.text._Z9init_gpiov
                0x0000f5c0        0x8 ./src/cnc_gpio.o
 .ARM.exidx.text._Z17init_instructionsP16cnc_state_struct
                0x0000f5c8        0x8 ./src/cnc_instructions.o
 .ARM.exidx.text._Z17clear_instructionP22cnc_instruction_struct
                0x0000f5d0        0x0 ./src/cnc_instructions.o
                                  0x8 (size before relaxing)
 .ARM.exidx.text.BUS_RegBitRead
                0x0000f5d0        0x0 ./src/cnc_motors.o
                                  0x8 (size before relaxing)
 .ARM.exidx.text.BUS_RegMaskedSet
                0x0000f5d0        0x0 ./src/cnc_motors.o
                                  0x8 (size before relaxing)
 .ARM.exidx.text.GPIO_PinInGet
                0x0000f5d0        0x0 ./src/cnc_motors.o
                                  0x8 (size before relaxing)
 .ARM.exidx.text.GPIO_PinOutSet
                0x0000f5d0        0x0 ./src/cnc_motors.o
                                  0x8 (size before relaxing)
 .ARM.exidx.text._Z11init_motorsP21cnc_motor_list_struct
                0x0000f5d0        0x8 ./src/cnc_motors.o
 .ARM.exidx.text._Z10init_motorP16cnc_motor_structPKc
                0x0000f5d8        0x8 ./src/cnc_motors.o
 .ARM.exidx.text._Z13disable_motorP16cnc_motor_struct
                0x0000f5e0        0x0 ./src/cnc_motors.o
                                  0x8 (size before relaxing)
 .ARM.exidx.text._Z13check_endstopP16cnc_motor_struct
                0x0000f5e0        0x0 ./src/cnc_motors.o
                                  0x8 (size before relaxing)
 .ARM.exidx.text.BUS_RegBitRead
                0x0000f5e0        0x0 ./src/cnc_spi.o
                                  0x8 (size before relaxing)
 .ARM.exidx.text.BUS_RegMaskedSet
                0x0000f5e0        0x0 ./src/cnc_spi.o
                                  0x8 (size before relaxing)
 .ARM.exidx.text.BUS_RegMaskedClear
                0x0000f5e0        0x0 ./src/cnc_spi.o
                                  0x8 (size before relaxing)
 .ARM.exidx.text.GPIO_PinInGet
                0x0000f5e0        0x0 ./src/cnc_spi.o
                                  0x8 (size before relaxing)
 .ARM.exidx.text.GPIO_PinOutClear
                0x0000f5e0        0x0 ./src/cnc_spi.o
                                  0x8 (size before relaxing)
 .ARM.exidx.text.GPIO_PinOutSet
                0x0000f5e0        0x0 ./src/cnc_spi.o
                                  0x8 (size before relaxing)
 .ARM.exidx.text._ZL19slave_transfer_doneP17SPIDRV_HandleDatami
                0x0000f5e0        0x8 ./src/cnc_spi.o
 .ARM.exidx.text._Z26spi_get_master_request_pinv
                0x0000f5e8        0x8 ./src/cnc_spi.o
 .ARM.exidx.text._Z25spi_set_slave_request_pinv
                0x0000f5f0        0x0 ./src/cnc_spi.o
                                  0x8 (size before relaxing)
 .ARM.exidx.text._Z27spi_clear_slave_request_pinv
                0x0000f5f0        0x0 ./src/cnc_spi.o
                                  0x8 (size before relaxing)
 .ARM.exidx.text._Z17spi_transfer_dataPct
                0x0000f5f0        0x8 ./src/cnc_spi.o
 .ARM.exidx.text._Z15init_spi_driverv
                0x0000f5f8        0x8 ./src/cnc_spi.o
 .ARM.exidx.text.NVIC_EnableIRQ
                0x0000f600        0x8 ./src/cnc_timers.o
 .ARM.exidx.text.TIMER_MaxCount
                0x0000f608        0x0 ./src/cnc_timers.o
                                  0x8 (size before relaxing)
 .ARM.exidx.text.TIMER_IntClear
                0x0000f608        0x0 ./src/cnc_timers.o
                                  0x8 (size before relaxing)
 .ARM.exidx.text.TIMER_IntEnable
                0x0000f608        0x0 ./src/cnc_timers.o
                                  0x8 (size before relaxing)
 .ARM.exidx.text.TIMER_TopSet
                0x0000f608        0x0 ./src/cnc_timers.o
                                  0x8 (size before relaxing)
 .ARM.exidx.text._Z11init_timersP21cnc_motor_list_struct
                0x0000f608        0x8 ./src/cnc_timers.o
 .ARM.exidx.text._Z16init_motor_timerv
                0x0000f610        0x8 ./src/cnc_timers.o
 .ARM.exidx.text.TIMER1_IRQHandler
                0x0000f618        0x8 ./src/cnc_timers.o
 .ARM.exidx.text.SYSTEM_GetProdRev
                0x0000f620        0x0 ./src/main.o
                                  0x8 (size before relaxing)
 .ARM.exidx.text.CHIP_Init
                0x0000f620        0x0 ./src/main.o
                                  0x8 (size before relaxing)
 .ARM.exidx.text._ZN16cnc_state_structC2Ev
                0x0000f620        0x0 ./src/main.o
                                  0x8 (size before relaxing)
 .ARM.exidx.text._ZN16cnc_motor_structC2Ev
                0x0000f620        0x0 ./src/main.o
                                  0x8 (size before relaxing)
 .ARM.exidx.text._ZN21cnc_motor_list_structC2Ev
                0x0000f620        0x0 ./src/main.o
                                  0x8 (size before relaxing)
 .ARM.exidx.text.main
                0x0000f620        0x8 ./src/main.o
 .ARM.exidx.text._Z11system_initP21cnc_motor_list_struct
                0x0000f628        0x8 ./src/main.o
 .ARM.exidx.text._Z11init_clocksv
                0x0000f630        0x8 ./src/main.o
 .ARM.exidx.text._Z13variable_initP16cnc_state_structP21cnc_motor_list_struct
                0x0000f638        0x8 ./src/main.o
 .ARM.exidx.text._Z41__static_initialization_and_destruction_0ii
                0x0000f640        0x8 ./src/main.o
 .ARM.exidx.text._GLOBAL__sub_I_cnc
                0x0000f648        0x0 ./src/main.o
                                  0x8 (size before relaxing)
 .ARM.exidx.text._Z21spi_set_slave_requestP10spi_struct
                0x0000f648        0x8 ./src/common_spi.o
 .ARM.exidx.text._Z23spi_clear_slave_requestP10spi_struct
                0x0000f650        0x8 ./src/common_spi.o
 .ARM.exidx.text._Z15spi_check_resetP10spi_struct
                0x0000f658        0x8 ./src/common_spi.o
 .ARM.exidx.text._Z24spi_set_pending_transferP10spi_struct
                0x0000f660        0x8 ./src/common_spi.o
 .ARM.exidx.text._Z26spi_clear_pending_transferP10spi_struct
                0x0000f668        0x0 ./src/common_spi.o
                                  0x8 (size before relaxing)
 .ARM.exidx.text._Z27spi_clear_finished_transferP10spi_struct
                0x0000f668        0x0 ./src/common_spi.o
                                  0x8 (size before relaxing)
 .ARM.exidx.text._Z19spi_finish_transferPct
                0x0000f668        0x0 ./src/common_spi.o
                                  0x8 (size before relaxing)
 .ARM.exidx.text._Z12spi_set_readv
                0x0000f668        0x0 ./src/common_spi.o
                                  0x8 (size before relaxing)
 .ARM.exidx.text._Z13spi_set_writePct
                0x0000f668        0x0 ./src/common_spi.o
                                  0x8 (size before relaxing)
 .ARM.exidx.text._Z14spi_check_readPc
                0x0000f668        0x0 ./src/common_spi.o
                                  0x8 (size before relaxing)
 .ARM.exidx.text._Z15spi_check_writev
                0x0000f668        0x0 ./src/common_spi.o
                                  0x8 (size before relaxing)
 .ARM.exidx.text._Z15init_spi_structP10spi_struct
                0x0000f668        0x0 ./src/common_spi.o
                                  0x8 (size before relaxing)
 .ARM.exidx.text._Z10handle_spiv
                0x0000f668        0x8 ./src/common_spi.o
 .ARM.exidx.text._Z16handle_spi_resetP10spi_struct
                0x0000f670        0x8 ./src/common_spi.o
 .ARM.exidx.text._Z12send_connectP10spi_struct
                0x0000f678        0x8 ./src/common_spi.o
 .ARM.exidx.text._Z16get_new_transferP10spi_struct
                0x0000f680        0x8 ./src/common_spi.o
 .ARM.exidx.text._Z15handle_transferP10spi_struct
                0x0000f688        0x8 ./src/common_spi.o
 .ARM.exidx.text._Z20spi_prepare_transferP10spi_struct
                0x0000f690        0x8 ./src/common_spi.o
 .ARM.exidx.text._Z18spi_parse_transferP10spi_struct
                0x0000f698        0x8 ./src/common_spi.o
 .ARM.exidx.text._Z16spi_parse_opcodePc
                0x0000f6a0        0x8 ./src/common_spi.o
 .ARM.exidx.text._Z19spi_string_to_int32Pch
                0x0000f6a8        0x0 ./src/common_spi.o
                                  0x8 (size before relaxing)
 .ARM.exidx     0x0000f6a8        0x0 c:/siliconlabs/simplicitystudio/v4/developer/toolchains/gnu_arm/7.2_2017q4/bin/../lib/gcc/arm-none-eabi/7.2.1/thumb/v7e-m/fpv4-sp/softfp\libgcc.a(_udivmoddi4.o)
                                  0x8 (size before relaxing)
 .ARM.exidx     0x0000f6a8       0x78 c:/siliconlabs/simplicitystudio/v4/developer/toolchains/gnu_arm/7.2_2017q4/bin/../lib/gcc/arm-none-eabi/7.2.1/thumb/v7e-m/fpv4-sp/softfp\libgcc.a(unwind-arm.o)
                                 0xd8 (size before relaxing)
 .ARM.exidx     0x0000f720       0x38 c:/siliconlabs/simplicitystudio/v4/developer/toolchains/gnu_arm/7.2_2017q4/bin/../lib/gcc/arm-none-eabi/7.2.1/thumb/v7e-m/fpv4-sp/softfp\libgcc.a(pr-support.o)
                                 0x48 (size before relaxing)
                0x0000f758                __exidx_end = .
                0x0000f758                __etext = .

.rel.dyn        0x0000f758        0x0
 .rel.iplt      0x0000f758        0x0 c:/siliconlabs/simplicitystudio/v4/developer/toolchains/gnu_arm/7.2_2017q4/bin/../lib/gcc/arm-none-eabi/7.2.1/thumb/v7e-m/fpv4-sp/softfp/crtbegin.o

.data           0x20000000      0x224 load address 0x0000f758
                0x20000000                __data_start__ = .
 *(vtable)
 *(.data*)
 .data.handle   0x20000000        0x4 ./src/cnc_spi.o
                0x20000000                handle
 .data.initData
                0x20000004       0x1c ./src/cnc_spi.o
                0x20000004                initData
 .data.initRTCC
                0x20000020        0x9 ./Drivers/rtcdriver.o
 *fill*         0x20000029        0x3 
 .data.initRTCCCompareChannel
                0x2000002c        0x7 ./Drivers/rtcdriver.o
 *fill*         0x20000033        0x1 
 .data.SystemHFXOClock
                0x20000034        0x4 ./CMSIS/EFM32PG12B/system_efm32pg12b.o
 .data.SystemLFXOClock
                0x20000038        0x4 ./CMSIS/EFM32PG12B/system_efm32pg12b.o
 .data.SystemCoreClock
                0x2000003c        0x4 ./CMSIS/EFM32PG12B/system_efm32pg12b.o
                0x2000003c                SystemCoreClock
 .data.SystemHfrcoFreq
                0x20000040        0x4 ./CMSIS/EFM32PG12B/system_efm32pg12b.o
                0x20000040                SystemHfrcoFreq
 .data.auxHfrcoFreq
                0x20000044        0x4 ./emlib/em_cmu.o
 .data._impure_ptr
                0x20000048        0x4 c:/siliconlabs/simplicitystudio/v4/developer/toolchains/gnu_arm/7.2_2017q4/bin/../lib/gcc/arm-none-eabi/7.2.1/../../../../arm-none-eabi/lib/thumb/v7e-m/fpv4-sp/softfp\libc_nano.a(lib_a-impure.o)
                0x20000048                _impure_ptr
 .data.impure_data
                0x2000004c       0x60 c:/siliconlabs/simplicitystudio/v4/developer/toolchains/gnu_arm/7.2_2017q4/bin/../lib/gcc/arm-none-eabi/7.2.1/../../../../arm-none-eabi/lib/thumb/v7e-m/fpv4-sp/softfp\libc_nano.a(lib_a-impure.o)
 .data.__global_locale
                0x200000ac      0x16c c:/siliconlabs/simplicitystudio/v4/developer/toolchains/gnu_arm/7.2_2017q4/bin/../lib/gcc/arm-none-eabi/7.2.1/../../../../arm-none-eabi/lib/thumb/v7e-m/fpv4-sp/softfp\libc_nano.a(lib_a-locale.o)
                0x200000ac                __global_locale
                0x20000218                . = ALIGN (0x4)
 *(.ram)
                0x20000218                . = ALIGN (0x4)
                0x20000218                PROVIDE (__preinit_array_start, .)
 *(.preinit_array)
                0x20000218                PROVIDE (__preinit_array_end, .)
                0x20000218                . = ALIGN (0x4)
                0x20000218                PROVIDE (__init_array_start, .)
 *(SORT_BY_NAME(.init_array.*))
 *(.init_array)
 .init_array    0x20000218        0x4 c:/siliconlabs/simplicitystudio/v4/developer/toolchains/gnu_arm/7.2_2017q4/bin/../lib/gcc/arm-none-eabi/7.2.1/thumb/v7e-m/fpv4-sp/softfp/crtbegin.o
 .init_array    0x2000021c        0x4 ./src/main.o
                0x20000220                PROVIDE (__init_array_end, .)
                0x20000220                . = ALIGN (0x4)
                [!provide]                PROVIDE (__fini_array_start, .)
 *(SORT_BY_NAME(.fini_array.*))
 *(.fini_array)
 .fini_array    0x20000220        0x4 c:/siliconlabs/simplicitystudio/v4/developer/toolchains/gnu_arm/7.2_2017q4/bin/../lib/gcc/arm-none-eabi/7.2.1/thumb/v7e-m/fpv4-sp/softfp/crtbegin.o
                [!provide]                PROVIDE (__fini_array_end, .)
 *(.jcr*)
                0x20000224                . = ALIGN (0x4)
                0x20000224                __data_end__ = .

.igot.plt       0x20000224        0x0 load address 0x0000f97c
 .igot.plt      0x20000224        0x0 c:/siliconlabs/simplicitystudio/v4/developer/toolchains/gnu_arm/7.2_2017q4/bin/../lib/gcc/arm-none-eabi/7.2.1/thumb/v7e-m/fpv4-sp/softfp/crtbegin.o

.bss            0x20000228    0x3d5a4 load address 0x0000f980
                0x20000228                . = ALIGN (0x4)
                0x20000228                __bss_start__ = .
 *(.bss*)
 .bss           0x20000228       0x1c c:/siliconlabs/simplicitystudio/v4/developer/toolchains/gnu_arm/7.2_2017q4/bin/../lib/gcc/arm-none-eabi/7.2.1/thumb/v7e-m/fpv4-sp/softfp/crtbegin.o
 .bss.adc_channel_select
                0x20000244        0x1 ./src/cnc_adc.o
                0x20000244                adc_channel_select
 *fill*         0x20000245        0x3 
 .bss.adc_channel_valid
                0x20000248        0x4 ./src/cnc_adc.o
                0x20000248                adc_channel_valid
 .bss.adc_channel_data
                0x2000024c       0x10 ./src/cnc_adc.o
                0x2000024c                adc_channel_data
 .bss.update_motors
                0x2000025c        0x1 ./src/cnc_motors.o
                0x2000025c                update_motors
 .bss.update_pid
                0x2000025d        0x1 ./src/cnc_motors.o
                0x2000025d                update_pid
 *fill*         0x2000025e        0x2 
 .bss.handleData
                0x20000260       0x58 ./src/cnc_spi.o
                0x20000260                handleData
 .bss.spi_read_data
                0x200002b8      0x100 ./src/cnc_spi.o
                0x200002b8                spi_read_data
 .bss.spi_write_data
                0x200003b8      0x100 ./src/cnc_spi.o
                0x200003b8                spi_write_data
 .bss.cnc       0x200004b8    0x3af00 ./src/main.o
                0x200004b8                cnc
 .bss.initialized
                0x2003b3b8        0x1 ./Drivers/dmadrv.o
 *fill*         0x2003b3b9        0x3 
 .bss.chTable   0x2003b3bc       0x80 ./Drivers/dmadrv.o
 .bss.dmaXfer   0x2003b43c      0x100 ./Drivers/dmadrv.o
 .bss.gpioCallbacks
                0x2003b53c       0x40 ./Drivers/gpiointerrupt.o
 *fill*         0x2003b57c        0x4 
 .bss.timer     0x2003b580       0xa0 ./Drivers/rtcdriver.o
 .bss.lastStart
                0x2003b620        0x4 ./Drivers/rtcdriver.o
 .bss.startTimerNestingLevel
                0x2003b624        0x4 ./Drivers/rtcdriver.o
 .bss.inTimerIRQ
                0x2003b628        0x1 ./Drivers/rtcdriver.o
 .bss.rtcRunning
                0x2003b629        0x1 ./Drivers/rtcdriver.o
 .bss.rtcdrvIsInitialized
                0x2003b62a        0x1 ./Drivers/rtcdriver.o
 .bss.spidrvIsInitialized
                0x2003b62b        0x1 ./Drivers/spidrv.o
 .bss.tempdrvHighCallbacks
                0x2003b62c       0x28 ./Drivers/tempdrv.o
 .bss.tempdrvLowCallbacks
                0x2003b654       0x28 ./Drivers/tempdrv.o
 .bss.highCallback
                0x2003b67c        0x4 ./Drivers/tempdrv.o
 .bss.lowCallback
                0x2003b680        0x4 ./Drivers/tempdrv.o
 .bss.calibrationTEMP
                0x2003b684        0x4 ./Drivers/tempdrv.o
 .bss.timeElapsed
                0x2003b688        0x1 ./Drivers/ustimer.o
 *fill*         0x2003b689        0x3 
 .bss.vScaleEM01Config
                0x2003b68c        0x1 ./emlib/em_emu.o
 *fill*         0x2003b68d        0x3 
 .bss.spi       0x2003b690     0x212c ./src/common_spi.o
                0x2003b690                spi
 .bss.__malloc_free_list
                0x2003d7bc        0x4 c:/siliconlabs/simplicitystudio/v4/developer/toolchains/gnu_arm/7.2_2017q4/bin/../lib/gcc/arm-none-eabi/7.2.1/../../../../arm-none-eabi/lib/thumb/v7e-m/fpv4-sp/softfp\libc_nano.a(lib_a-nano-mallocr.o)
                0x2003d7bc                __malloc_free_list
 .bss.__malloc_sbrk_start
                0x2003d7c0        0x4 c:/siliconlabs/simplicitystudio/v4/developer/toolchains/gnu_arm/7.2_2017q4/bin/../lib/gcc/arm-none-eabi/7.2.1/../../../../arm-none-eabi/lib/thumb/v7e-m/fpv4-sp/softfp\libc_nano.a(lib_a-nano-mallocr.o)
                0x2003d7c0                __malloc_sbrk_start
 .bss.heap_end.5377
                0x2003d7c4        0x4 c:/siliconlabs/simplicitystudio/v4/developer/toolchains/gnu_arm/7.2_2017q4/bin/../lib/gcc/arm-none-eabi/7.2.1/../../../../arm-none-eabi/lib/thumb/v7e-m/fpv4-sp/softfp\libnosys.a(sbrk.o)
 *(COMMON)