Archive member included because of file (symbol)

c:/siliconlabs/simplicitystudio/v4/developer/toolchains/gnu_arm/4.9_2015q3/bin/../lib/gcc/arm-none-eabi/4.9.3/armv7-m\libgcc.a(_aeabi_uldivmod.o)
                              release/efm32pg_driver/efm32pg_sys_timer.o (__aeabi_uldivmod)
c:/siliconlabs/simplicitystudio/v4/developer/toolchains/gnu_arm/4.9_2015q3/bin/../lib/gcc/arm-none-eabi/4.9.3/armv7-m\libgcc.a(bpabi.o)
                              c:/siliconlabs/simplicitystudio/v4/developer/toolchains/gnu_arm/4.9_2015q3/bin/../lib/gcc/arm-none-eabi/4.9.3/armv7-m\libgcc.a(_aeabi_uldivmod.o) (__gnu_uldivmod_helper)
c:/siliconlabs/simplicitystudio/v4/developer/toolchains/gnu_arm/4.9_2015q3/bin/../lib/gcc/arm-none-eabi/4.9.3/armv7-m\libgcc.a(_dvmd_tls.o)
                              c:/siliconlabs/simplicitystudio/v4/developer/toolchains/gnu_arm/4.9_2015q3/bin/../lib/gcc/arm-none-eabi/4.9.3/armv7-m\libgcc.a(_aeabi_uldivmod.o) (__aeabi_ldiv0)
c:/siliconlabs/simplicitystudio/v4/developer/toolchains/gnu_arm/4.9_2015q3/bin/../lib/gcc/arm-none-eabi/4.9.3/armv7-m\libgcc.a(_divdi3.o)
                              c:/siliconlabs/simplicitystudio/v4/developer/toolchains/gnu_arm/4.9_2015q3/bin/../lib/gcc/arm-none-eabi/4.9.3/armv7-m\libgcc.a(bpabi.o) (__divdi3)
c:/siliconlabs/simplicitystudio/v4/developer/toolchains/gnu_arm/4.9_2015q3/bin/../lib/gcc/arm-none-eabi/4.9.3/armv7-m\libgcc.a(_udivdi3.o)
                              c:/siliconlabs/simplicitystudio/v4/developer/toolchains/gnu_arm/4.9_2015q3/bin/../lib/gcc/arm-none-eabi/4.9.3/armv7-m\libgcc.a(bpabi.o) (__udivdi3)
c:/siliconlabs/simplicitystudio/v4/developer/toolchains/gnu_arm/4.9_2015q3/bin/../lib/gcc/arm-none-eabi/4.9.3/../../../../arm-none-eabi/lib/armv7-m\libc_nano.a(lib_a-exit.o)
                              c:/siliconlabs/simplicitystudio/v4/developer/toolchains/gnu_arm/4.9_2015q3/bin/../lib/gcc/arm-none-eabi/4.9.3/../../../../arm-none-eabi/lib/armv7-m/crt0.o (exit)
c:/siliconlabs/simplicitystudio/v4/developer/toolchains/gnu_arm/4.9_2015q3/bin/../lib/gcc/arm-none-eabi/4.9.3/../../../../arm-none-eabi/lib/armv7-m\libc_nano.a(lib_a-impure.o)
                              c:/siliconlabs/simplicitystudio/v4/developer/toolchains/gnu_arm/4.9_2015q3/bin/../lib/gcc/arm-none-eabi/4.9.3/../../../../arm-none-eabi/lib/armv7-m\libc_nano.a(lib_a-exit.o) (_global_impure_ptr)
c:/siliconlabs/simplicitystudio/v4/developer/toolchains/gnu_arm/4.9_2015q3/bin/../lib/gcc/arm-none-eabi/4.9.3/../../../../arm-none-eabi/lib/armv7-m\libc_nano.a(lib_a-init.o)
                              c:/siliconlabs/simplicitystudio/v4/developer/toolchains/gnu_arm/4.9_2015q3/bin/../lib/gcc/arm-none-eabi/4.9.3/../../../../arm-none-eabi/lib/armv7-m/crt0.o (__libc_init_array)
c:/siliconlabs/simplicitystudio/v4/developer/toolchains/gnu_arm/4.9_2015q3/bin/../lib/gcc/arm-none-eabi/4.9.3/../../../../arm-none-eabi/lib/armv7-m\libc_nano.a(lib_a-memcpy.o)
                              release/cnc_control/main.o (memcpy)
c:/siliconlabs/simplicitystudio/v4/developer/toolchains/gnu_arm/4.9_2015q3/bin/../lib/gcc/arm-none-eabi/4.9.3/../../../../arm-none-eabi/lib/armv7-m\libc_nano.a(lib_a-memset.o)
                              c:/siliconlabs/simplicitystudio/v4/developer/toolchains/gnu_arm/4.9_2015q3/bin/../lib/gcc/arm-none-eabi/4.9.3/../../../../arm-none-eabi/lib/armv7-m/crt0.o (memset)
c:/siliconlabs/simplicitystudio/v4/developer/toolchains/gnu_arm/4.9_2015q3/bin/../lib/gcc/arm-none-eabi/4.9.3/../../../../arm-none-eabi/lib/armv7-m\libnosys.a(_exit.o)
                              c:/siliconlabs/simplicitystudio/v4/developer/toolchains/gnu_arm/4.9_2015q3/bin/../lib/gcc/arm-none-eabi/4.9.3/../../../../arm-none-eabi/lib/armv7-m\libc_nano.a(lib_a-exit.o) (_exit)

Allocating common symbols
Common symbol       size              file

fSysTimerConfig     0x8               release/efm32pg_driver/efm32pg_sys_timer.o

Discarded input sections

 .text          0x00000000        0x0 c:/siliconlabs/simplicitystudio/v4/developer/toolchains/gnu_arm/4.9_2015q3/bin/../lib/gcc/arm-none-eabi/4.9.3/armv7-m/crti.o
 .data          0x00000000        0x0 c:/siliconlabs/simplicitystudio/v4/developer/toolchains/gnu_arm/4.9_2015q3/bin/../lib/gcc/arm-none-eabi/4.9.3/armv7-m/crti.o
 .bss           0x00000000        0x0 c:/siliconlabs/simplicitystudio/v4/developer/toolchains/gnu_arm/4.9_2015q3/bin/../lib/gcc/arm-none-eabi/4.9.3/armv7-m/crti.o
 .data          0x00000000        0x4 c:/siliconlabs/simplicitystudio/v4/developer/toolchains/gnu_arm/4.9_2015q3/bin/../lib/gcc/arm-none-eabi/4.9.3/armv7-m/crtbegin.o
 .data          0x00000000        0x0 c:/siliconlabs/simplicitystudio/v4/developer/toolchains/gnu_arm/4.9_2015q3/bin/../lib/gcc/arm-none-eabi/4.9.3/../../../../arm-none-eabi/lib/armv7-m/crt0.o
 .bss           0x00000000        0x0 c:/siliconlabs/simplicitystudio/v4/developer/toolchains/gnu_arm/4.9_2015q3/bin/../lib/gcc/arm-none-eabi/4.9.3/../../../../arm-none-eabi/lib/armv7-m/crt0.o
 .ARM.extab     0x00000000        0x0 c:/siliconlabs/simplicitystudio/v4/developer/toolchains/gnu_arm/4.9_2015q3/bin/../lib/gcc/arm-none-eabi/4.9.3/../../../../arm-none-eabi/lib/armv7-m/crt0.o
 .text          0x00000000        0x0 release/cnc_control/main.o
 .data          0x00000000        0x0 release/cnc_control/main.o
 .bss           0x00000000        0x0 release/cnc_control/main.o
 .bss.RxDataBuffer
                0x00000000      0x100 release/cnc_control/main.o
 .data.sysTimerConfig
                0x00000000        0x8 release/cnc_control/main.o
 .text          0x00000000        0x0 release/cnc_control/motor_control.o
 .data          0x00000000        0x0 release/cnc_control/motor_control.o
 .bss           0x00000000        0x0 release/cnc_control/motor_control.o
 .debug_info    0x00000000       0x9b release/cnc_control/motor_control.o
 .debug_abbrev  0x00000000       0x4b release/cnc_control/motor_control.o
 .debug_aranges
                0x00000000       0x18 release/cnc_control/motor_control.o
 .debug_line    0x00000000      0x139 release/cnc_control/motor_control.o
 .debug_str     0x00000000      0x1b4 release/cnc_control/motor_control.o
 .comment       0x00000000       0x71 release/cnc_control/motor_control.o
 .ARM.attributes
                0x00000000       0x33 release/cnc_control/motor_control.o
 .text          0x00000000        0x0 release/efm32pg_driver/efm32pg_cmu.o
 .data          0x00000000        0x0 release/efm32pg_driver/efm32pg_cmu.o
 .bss           0x00000000        0x0 release/efm32pg_driver/efm32pg_cmu.o
 .text          0x00000000        0x0 release/efm32pg_driver/efm32pg_dma.o
 .data          0x00000000        0x0 release/efm32pg_driver/efm32pg_dma.o
 .bss           0x00000000        0x0 release/efm32pg_driver/efm32pg_dma.o
 .debug_info    0x00000000       0x9b release/efm32pg_driver/efm32pg_dma.o
 .debug_abbrev  0x00000000       0x4b release/efm32pg_driver/efm32pg_dma.o
 .debug_aranges
                0x00000000       0x18 release/efm32pg_driver/efm32pg_dma.o
 .debug_line    0x00000000      0x139 release/efm32pg_driver/efm32pg_dma.o
 .debug_str     0x00000000      0x1b4 release/efm32pg_driver/efm32pg_dma.o
 .comment       0x00000000       0x71 release/efm32pg_driver/efm32pg_dma.o
 .ARM.attributes
                0x00000000       0x33 release/efm32pg_driver/efm32pg_dma.o
 .text          0x00000000        0x0 release/efm32pg_driver/efm32pg_gpio.o
 .data          0x00000000        0x0 release/efm32pg_driver/efm32pg_gpio.o
 .bss           0x00000000        0x0 release/efm32pg_driver/efm32pg_gpio.o
 .text.GPIO_SetInterruptHandler
                0x00000000       0x60 release/efm32pg_driver/efm32pg_gpio.o
 .text.GPIO_IntEnable
                0x00000000       0x24 release/efm32pg_driver/efm32pg_gpio.o
 .text.GPIO_IntDisable
                0x00000000       0x24 release/efm32pg_driver/efm32pg_gpio.o
 .text.GPIO_IntRise
                0x00000000       0x34 release/efm32pg_driver/efm32pg_gpio.o
 .text.GPIO_IntFall
                0x00000000       0x34 release/efm32pg_driver/efm32pg_gpio.o
 .text.GPIO_IntRiseFall
                0x00000000       0x3c release/efm32pg_driver/efm32pg_gpio.o
 .text          0x00000000        0x0 release/efm32pg_driver/efm32pg_sys_timer.o
 .data          0x00000000        0x0 release/efm32pg_driver/efm32pg_sys_timer.o
 .bss           0x00000000        0x0 release/efm32pg_driver/efm32pg_sys_timer.o
 .text.SystemTimerInit
                0x00000000       0x38 release/efm32pg_driver/efm32pg_sys_timer.o
 .text.GetMsTicks
                0x00000000        0xc release/efm32pg_driver/efm32pg_sys_timer.o
 .text          0x00000000        0x0 release/efm32pg_driver/efm32pg_hal/efm32pg/startup_efm32pg12b.o
 .data          0x00000000        0x0 release/efm32pg_driver/efm32pg_hal/efm32pg/startup_efm32pg12b.o
 .bss           0x00000000        0x0 release/efm32pg_driver/efm32pg_hal/efm32pg/startup_efm32pg12b.o
 .data          0x00000000        0x0 c:/siliconlabs/simplicitystudio/v4/developer/toolchains/gnu_arm/4.9_2015q3/bin/../lib/gcc/arm-none-eabi/4.9.3/armv7-m\libgcc.a(_aeabi_uldivmod.o)
 .bss           0x00000000        0x0 c:/siliconlabs/simplicitystudio/v4/developer/toolchains/gnu_arm/4.9_2015q3/bin/../lib/gcc/arm-none-eabi/4.9.3/armv7-m\libgcc.a(_aeabi_uldivmod.o)
 .data          0x00000000        0x0 c:/siliconlabs/simplicitystudio/v4/developer/toolchains/gnu_arm/4.9_2015q3/bin/../lib/gcc/arm-none-eabi/4.9.3/armv7-m\libgcc.a(bpabi.o)
 .bss           0x00000000        0x0 c:/siliconlabs/simplicitystudio/v4/developer/toolchains/gnu_arm/4.9_2015q3/bin/../lib/gcc/arm-none-eabi/4.9.3/armv7-m\libgcc.a(bpabi.o)
 .data          0x00000000        0x0 c:/siliconlabs/simplicitystudio/v4/developer/toolchains/gnu_arm/4.9_2015q3/bin/../lib/gcc/arm-none-eabi/4.9.3/armv7-m\libgcc.a(_dvmd_tls.o)
 .bss           0x00000000        0x0 c:/siliconlabs/simplicitystudio/v4/developer/toolchains/gnu_arm/4.9_2015q3/bin/../lib/gcc/arm-none-eabi/4.9.3/armv7-m\libgcc.a(_dvmd_tls.o)
 .data          0x00000000        0x0 c:/siliconlabs/simplicitystudio/v4/developer/toolchains/gnu_arm/4.9_2015q3/bin/../lib/gcc/arm-none-eabi/4.9.3/armv7-m\libgcc.a(_divdi3.o)
 .bss           0x00000000        0x0 c:/siliconlabs/simplicitystudio/v4/developer/toolchains/gnu_arm/4.9_2015q3/bin/../lib/gcc/arm-none-eabi/4.9.3/armv7-m\libgcc.a(_divdi3.o)
 .ARM.extab     0x00000000        0x0 c:/siliconlabs/simplicitystudio/v4/developer/toolchains/gnu_arm/4.9_2015q3/bin/../lib/gcc/arm-none-eabi/4.9.3/armv7-m\libgcc.a(_divdi3.o)
 .data          0x00000000        0x0 c:/siliconlabs/simplicitystudio/v4/developer/toolchains/gnu_arm/4.9_2015q3/bin/../lib/gcc/arm-none-eabi/4.9.3/armv7-m\libgcc.a(_udivdi3.o)
 .bss           0x00000000        0x0 c:/siliconlabs/simplicitystudio/v4/developer/toolchains/gnu_arm/4.9_2015q3/bin/../lib/gcc/arm-none-eabi/4.9.3/armv7-m\libgcc.a(_udivdi3.o)
 .ARM.extab     0x00000000        0x0 c:/siliconlabs/simplicitystudio/v4/developer/toolchains/gnu_arm/4.9_2015q3/bin/../lib/gcc/arm-none-eabi/4.9.3/armv7-m\libgcc.a(_udivdi3.o)
 .text          0x00000000        0x0 c:/siliconlabs/simplicitystudio/v4/developer/toolchains/gnu_arm/4.9_2015q3/bin/../lib/gcc/arm-none-eabi/4.9.3/../../../../arm-none-eabi/lib/armv7-m\libc_nano.a(lib_a-exit.o)
 .data          0x00000000        0x0 c:/siliconlabs/simplicitystudio/v4/developer/toolchains/gnu_arm/4.9_2015q3/bin/../lib/gcc/arm-none-eabi/4.9.3/../../../../arm-none-eabi/lib/armv7-m\libc_nano.a(lib_a-exit.o)
 .bss           0x00000000        0x0 c:/siliconlabs/simplicitystudio/v4/developer/toolchains/gnu_arm/4.9_2015q3/bin/../lib/gcc/arm-none-eabi/4.9.3/../../../../arm-none-eabi/lib/armv7-m\libc_nano.a(lib_a-exit.o)
 .text          0x00000000        0x0 c:/siliconlabs/simplicitystudio/v4/developer/toolchains/gnu_arm/4.9_2015q3/bin/../lib/gcc/arm-none-eabi/4.9.3/../../../../arm-none-eabi/lib/armv7-m\libc_nano.a(lib_a-impure.o)
 .data          0x00000000        0x0 c:/siliconlabs/simplicitystudio/v4/developer/toolchains/gnu_arm/4.9_2015q3/bin/../lib/gcc/arm-none-eabi/4.9.3/../../../../arm-none-eabi/lib/armv7-m\libc_nano.a(lib_a-impure.o)
 .bss           0x00000000        0x0 c:/siliconlabs/simplicitystudio/v4/developer/toolchains/gnu_arm/4.9_2015q3/bin/../lib/gcc/arm-none-eabi/4.9.3/../../../../arm-none-eabi/lib/armv7-m\libc_nano.a(lib_a-impure.o)
 .data._impure_ptr
                0x00000000        0x4 c:/siliconlabs/simplicitystudio/v4/developer/toolchains/gnu_arm/4.9_2015q3/bin/../lib/gcc/arm-none-eabi/4.9.3/../../../../arm-none-eabi/lib/armv7-m\libc_nano.a(lib_a-impure.o)
 .text          0x00000000        0x0 c:/siliconlabs/simplicitystudio/v4/developer/toolchains/gnu_arm/4.9_2015q3/bin/../lib/gcc/arm-none-eabi/4.9.3/../../../../arm-none-eabi/lib/armv7-m\libc_nano.a(lib_a-init.o)
 .data          0x00000000        0x0 c:/siliconlabs/simplicitystudio/v4/developer/toolchains/gnu_arm/4.9_2015q3/bin/../lib/gcc/arm-none-eabi/4.9.3/../../../../arm-none-eabi/lib/armv7-m\libc_nano.a(lib_a-init.o)
 .bss           0x00000000        0x0 c:/siliconlabs/simplicitystudio/v4/developer/toolchains/gnu_arm/4.9_2015q3/bin/../lib/gcc/arm-none-eabi/4.9.3/../../../../arm-none-eabi/lib/armv7-m\libc_nano.a(lib_a-init.o)
 .text          0x00000000        0x0 c:/siliconlabs/simplicitystudio/v4/developer/toolchains/gnu_arm/4.9_2015q3/bin/../lib/gcc/arm-none-eabi/4.9.3/../../../../arm-none-eabi/lib/armv7-m\libc_nano.a(lib_a-memcpy.o)
 .data          0x00000000        0x0 c:/siliconlabs/simplicitystudio/v4/developer/toolchains/gnu_arm/4.9_2015q3/bin/../lib/gcc/arm-none-eabi/4.9.3/../../../../arm-none-eabi/lib/armv7-m\libc_nano.a(lib_a-memcpy.o)
 .bss           0x00000000        0x0 c:/siliconlabs/simplicitystudio/v4/developer/toolchains/gnu_arm/4.9_2015q3/bin/../lib/gcc/arm-none-eabi/4.9.3/../../../../arm-none-eabi/lib/armv7-m\libc_nano.a(lib_a-memcpy.o)
 .text          0x00000000        0x0 c:/siliconlabs/simplicitystudio/v4/developer/toolchains/gnu_arm/4.9_2015q3/bin/../lib/gcc/arm-none-eabi/4.9.3/../../../../arm-none-eabi/lib/armv7-m\libc_nano.a(lib_a-memset.o)
 .data          0x00000000        0x0 c:/siliconlabs/simplicitystudio/v4/developer/toolchains/gnu_arm/4.9_2015q3/bin/../lib/gcc/arm-none-eabi/4.9.3/../../../../arm-none-eabi/lib/armv7-m\libc_nano.a(lib_a-memset.o)
 .bss           0x00000000        0x0 c:/siliconlabs/simplicitystudio/v4/developer/toolchains/gnu_arm/4.9_2015q3/bin/../lib/gcc/arm-none-eabi/4.9.3/../../../../arm-none-eabi/lib/armv7-m\libc_nano.a(lib_a-memset.o)
 .text          0x00000000        0x0 c:/siliconlabs/simplicitystudio/v4/developer/toolchains/gnu_arm/4.9_2015q3/bin/../lib/gcc/arm-none-eabi/4.9.3/../../../../arm-none-eabi/lib/armv7-m\libnosys.a(_exit.o)
 .data          0x00000000        0x0 c:/siliconlabs/simplicitystudio/v4/developer/toolchains/gnu_arm/4.9_2015q3/bin/../lib/gcc/arm-none-eabi/4.9.3/../../../../arm-none-eabi/lib/armv7-m\libnosys.a(_exit.o)
 .bss           0x00000000        0x0 c:/siliconlabs/simplicitystudio/v4/developer/toolchains/gnu_arm/4.9_2015q3/bin/../lib/gcc/arm-none-eabi/4.9.3/../../../../arm-none-eabi/lib/armv7-m\libnosys.a(_exit.o)
 .text          0x00000000        0x0 c:/siliconlabs/simplicitystudio/v4/developer/toolchains/gnu_arm/4.9_2015q3/bin/../lib/gcc/arm-none-eabi/4.9.3/armv7-m/crtend.o
 .data          0x00000000        0x0 c:/siliconlabs/simplicitystudio/v4/developer/toolchains/gnu_arm/4.9_2015q3/bin/../lib/gcc/arm-none-eabi/4.9.3/armv7-m/crtend.o
 .bss           0x00000000        0x0 c:/siliconlabs/simplicitystudio/v4/developer/toolchains/gnu_arm/4.9_2015q3/bin/../lib/gcc/arm-none-eabi/4.9.3/armv7-m/crtend.o
 .text          0x00000000        0x0 c:/siliconlabs/simplicitystudio/v4/developer/toolchains/gnu_arm/4.9_2015q3/bin/../lib/gcc/arm-none-eabi/4.9.3/armv7-m/crtn.o
 .data          0x00000000        0x0 c:/siliconlabs/simplicitystudio/v4/developer/toolchains/gnu_arm/4.9_2015q3/bin/../lib/gcc/arm-none-eabi/4.9.3/armv7-m/crtn.o
 .bss           0x00000000        0x0 c:/siliconlabs/simplicitystudio/v4/developer/toolchains/gnu_arm/4.9_2015q3/bin/../lib/gcc/arm-none-eabi/4.9.3/armv7-m/crtn.o

Memory Configuration

Name             Origin             Length             Attributes
Application      0x00000000         0x00100000         xr
Flasher          0x00038000         0x00002000         xr
FileSystem       0x0003b000         0x00005000         xr
StandardRam128   0x20000000         0x00020000         xrw
*default*        0x00000000         0xffffffff

Linker script and memory map

LOAD c:/siliconlabs/simplicitystudio/v4/developer/toolchains/gnu_arm/4.9_2015q3/bin/../lib/gcc/arm-none-eabi/4.9.3/armv7-m/crti.o
LOAD c:/siliconlabs/simplicitystudio/v4/developer/toolchains/gnu_arm/4.9_2015q3/bin/../lib/gcc/arm-none-eabi/4.9.3/armv7-m/crtbegin.o
LOAD c:/siliconlabs/simplicitystudio/v4/developer/toolchains/gnu_arm/4.9_2015q3/bin/../lib/gcc/arm-none-eabi/4.9.3/../../../../arm-none-eabi/lib/armv7-m/crt0.o
LOAD release/cnc_control/main.o
LOAD release/cnc_control/motor_control.o
LOAD release/efm32pg_driver/efm32pg_cmu.o
LOAD release/efm32pg_driver/efm32pg_dma.o
LOAD release/efm32pg_driver/efm32pg_gpio.o
LOAD release/efm32pg_driver/efm32pg_sys_timer.o
LOAD release/efm32pg_driver/efm32pg_hal/efm32pg/startup_efm32pg12b.o
START GROUP
LOAD c:/siliconlabs/simplicitystudio/v4/developer/toolchains/gnu_arm/4.9_2015q3/bin/../lib/gcc/arm-none-eabi/4.9.3/armv7-m\libgcc.a
LOAD c:/siliconlabs/simplicitystudio/v4/developer/toolchains/gnu_arm/4.9_2015q3/bin/../lib/gcc/arm-none-eabi/4.9.3/../../../../arm-none-eabi/lib/armv7-m\libc_nano.a
LOAD c:/siliconlabs/simplicitystudio/v4/developer/toolchains/gnu_arm/4.9_2015q3/bin/../lib/gcc/arm-none-eabi/4.9.3/../../../../arm-none-eabi/lib/armv7-m\libnosys.a
END GROUP
START GROUP
LOAD c:/siliconlabs/simplicitystudio/v4/developer/toolchains/gnu_arm/4.9_2015q3/bin/../lib/gcc/arm-none-eabi/4.9.3/armv7-m\libgcc.a
LOAD c:/siliconlabs/simplicitystudio/v4/developer/toolchains/gnu_arm/4.9_2015q3/bin/../lib/gcc/arm-none-eabi/4.9.3/../../../../arm-none-eabi/lib/armv7-m\libg_nano.a
LOAD c:/siliconlabs/simplicitystudio/v4/developer/toolchains/gnu_arm/4.9_2015q3/bin/../lib/gcc/arm-none-eabi/4.9.3/../../../../arm-none-eabi/lib/armv7-m\libc_nano.a
END GROUP
START GROUP
LOAD c:/siliconlabs/simplicitystudio/v4/developer/toolchains/gnu_arm/4.9_2015q3/bin/../lib/gcc/arm-none-eabi/4.9.3/armv7-m\libgcc.a
LOAD c:/siliconlabs/simplicitystudio/v4/developer/toolchains/gnu_arm/4.9_2015q3/bin/../lib/gcc/arm-none-eabi/4.9.3/../../../../arm-none-eabi/lib/armv7-m\libc_nano.a
END GROUP
LOAD c:/siliconlabs/simplicitystudio/v4/developer/toolchains/gnu_arm/4.9_2015q3/bin/../lib/gcc/arm-none-eabi/4.9.3/armv7-m/crtend.o
LOAD c:/siliconlabs/simplicitystudio/v4/developer/toolchains/gnu_arm/4.9_2015q3/bin/../lib/gcc/arm-none-eabi/4.9.3/armv7-m/crtn.o
                0x00100000                __top_MFlash1024 = 0x100000
                0x20020000                __top_StandardRam128 = 0x20020000
                0x00000000                __Application = ORIGIN (Application)
                0x00100000                __top_Application = (ORIGIN (Application) + 0x100000)
                0x00038000                __Flasher = ORIGIN (Flasher)
                0x0003a000                __top_Flasher = (ORIGIN (Flasher) + 0x2000)
                0x0003b000                __FileSystem = ORIGIN (FileSystem)
                0x00040000                __top_FileSystem = (ORIGIN (FileSystem) + 0x5000)

.text           0x00000000      0x984
 FILL mask 0xff
 *(.vectors)
 .vectors       0x00000000      0x10c release/efm32pg_driver/efm32pg_hal/efm32pg/startup_efm32pg12b.o
                0x00000000                __Vectors
                0x0000010c                __Vectors_End = .
                0x0000010c                __Vectors_Size = (__Vectors_End - __Vectors)
                0x0000010c                __end__ = .
 *(.flexnet_device_type)
 *(.flexnet_product_type)
 *(.fw_version)
 *(.text*)
 .text          0x0000010c       0x5c c:/siliconlabs/simplicitystudio/v4/developer/toolchains/gnu_arm/4.9_2015q3/bin/../lib/gcc/arm-none-eabi/4.9.3/armv7-m/crtbegin.o
 .text          0x00000168       0x74 c:/siliconlabs/simplicitystudio/v4/developer/toolchains/gnu_arm/4.9_2015q3/bin/../lib/gcc/arm-none-eabi/4.9.3/../../../../arm-none-eabi/lib/armv7-m/crt0.o
                0x00000168                _start
                0x00000168                _mainCRTStartup
 .text.startup.main
                0x000001dc       0x1c release/cnc_control/main.o
                0x000001dc                main
 .text.Efm32pg_CmuInit
                0x000001f8       0x5c release/efm32pg_driver/efm32pg_cmu.o
                0x000001f8                Efm32pg_CmuInit
 .text.GPIO_IRQHandler
                0x00000254       0x44 release/efm32pg_driver/efm32pg_gpio.o
                0x00000254                GPIO_IRQHandler
 .text.GPIO_ODD_IRQHandler
                0x00000298        0x4 release/efm32pg_driver/efm32pg_gpio.o
                0x00000298                GPIO_ODD_IRQHandler
 .text.GPIO_EVEN_IRQHandler
                0x0000029c        0x4 release/efm32pg_driver/efm32pg_gpio.o
                0x0000029c                GPIO_EVEN_IRQHandler
 .text.SysTick_Handler
                0x000002a0       0x3c release/efm32pg_driver/efm32pg_sys_timer.o
                0x000002a0                SysTick_Handler
 .text.Default_Handler
                0x000002dc        0x2 release/efm32pg_driver/efm32pg_hal/efm32pg/startup_efm32pg12b.o
                0x000002dc                DebugMon_Handler
                0x000002dc                USART0_TX_IRQHandler
                0x000002dc                I2C0_IRQHandler
                0x000002dc                HardFault_Handler
                0x000002dc                USART1_RX_IRQHandler
                0x000002dc                PendSV_Handler
                0x000002dc                NMI_Handler
                0x000002dc                I2C1_IRQHandler
                0x000002dc                WTIMER0_IRQHandler
                0x000002dc                CRYPTO0_IRQHandler
                0x000002dc                WDOG0_IRQHandler
                0x000002dc                USART1_TX_IRQHandler
                0x000002dc                SMU_IRQHandler
                0x000002dc                MSC_IRQHandler
                0x000002dc                ADC0_IRQHandler
                0x000002dc                UsageFault_Handler
                0x000002dc                WDOG1_IRQHandler
                0x000002dc                LEUART0_IRQHandler
                0x000002dc                FPUEH_IRQHandler
                0x000002dc                WTIMER1_IRQHandler
                0x000002dc                VDAC0_IRQHandler
                0x000002dc                LDMA_IRQHandler
                0x000002dc                CSEN_IRQHandler
                0x000002dc                CRYPTO1_IRQHandler
                0x000002dc                TIMER0_IRQHandler
                0x000002dc                PCNT2_IRQHandler
                0x000002dc                LETIMER0_IRQHandler
                0x000002dc                TIMER1_IRQHandler
                0x000002dc                TRNG0_IRQHandler
                0x000002dc                USART2_RX_IRQHandler
                0x000002dc                Default_Handler
                0x000002dc                EMU_IRQHandler
                0x000002dc                CRYOTIMER_IRQHandler
                0x000002dc                PCNT0_IRQHandler
                0x000002dc                PCNT1_IRQHandler
                0x000002dc                ACMP0_IRQHandler
                0x000002dc                USART0_RX_IRQHandler
                0x000002dc                MemManage_Handler
                0x000002dc                SVC_Handler
                0x000002dc                USART3_RX_IRQHandler
                0x000002dc                RTCC_IRQHandler
                0x000002dc                CMU_IRQHandler
                0x000002dc                LESENSE_IRQHandler
                0x000002dc                USART3_TX_IRQHandler
                0x000002dc                BusFault_Handler
                0x000002dc                USART2_TX_IRQHandler
                0x000002dc                IDAC0_IRQHandler
 *fill*         0x000002de        0x2 
 .text.Reset_Handler
                0x000002e0       0x28 release/efm32pg_driver/efm32pg_hal/efm32pg/startup_efm32pg12b.o
                0x000002e0                Reset_Handler
 .text          0x00000308       0x30 c:/siliconlabs/simplicitystudio/v4/developer/toolchains/gnu_arm/4.9_2015q3/bin/../lib/gcc/arm-none-eabi/4.9.3/armv7-m\libgcc.a(_aeabi_uldivmod.o)
                0x00000308                __aeabi_uldivmod
 .text          0x00000338       0x60 c:/siliconlabs/simplicitystudio/v4/developer/toolchains/gnu_arm/4.9_2015q3/bin/../lib/gcc/arm-none-eabi/4.9.3/armv7-m\libgcc.a(bpabi.o)
                0x00000338                __gnu_ldivmod_helper
                0x00000368                __gnu_uldivmod_helper
 .text          0x00000398        0x4 c:/siliconlabs/simplicitystudio/v4/developer/toolchains/gnu_arm/4.9_2015q3/bin/../lib/gcc/arm-none-eabi/4.9.3/armv7-m\libgcc.a(_dvmd_tls.o)
                0x00000398                __aeabi_idiv0
                0x00000398                __aeabi_ldiv0
 .text          0x0000039c      0x2ac c:/siliconlabs/simplicitystudio/v4/developer/toolchains/gnu_arm/4.9_2015q3/bin/../lib/gcc/arm-none-eabi/4.9.3/armv7-m\libgcc.a(_divdi3.o)
                0x0000039c                __divdi3
 .text          0x00000648      0x270 c:/siliconlabs/simplicitystudio/v4/developer/toolchains/gnu_arm/4.9_2015q3/bin/../lib/gcc/arm-none-eabi/4.9.3/armv7-m\libgcc.a(_udivdi3.o)
                0x00000648                __udivdi3
 .text.exit     0x000008b8       0x28 c:/siliconlabs/simplicitystudio/v4/developer/toolchains/gnu_arm/4.9_2015q3/bin/../lib/gcc/arm-none-eabi/4.9.3/../../../../arm-none-eabi/lib/armv7-m\libc_nano.a(lib_a-exit.o)
                0x000008b8                exit
 .text.__libc_init_array
                0x000008e0       0x4c c:/siliconlabs/simplicitystudio/v4/developer/toolchains/gnu_arm/4.9_2015q3/bin/../lib/gcc/arm-none-eabi/4.9.3/../../../../arm-none-eabi/lib/armv7-m\libc_nano.a(lib_a-init.o)
                0x000008e0                __libc_init_array
 .text.memcpy   0x0000092c       0x16 c:/siliconlabs/simplicitystudio/v4/developer/toolchains/gnu_arm/4.9_2015q3/bin/../lib/gcc/arm-none-eabi/4.9.3/../../../../arm-none-eabi/lib/armv7-m\libc_nano.a(lib_a-memcpy.o)
                0x0000092c                memcpy
 .text.memset   0x00000942       0x10 c:/siliconlabs/simplicitystudio/v4/developer/toolchains/gnu_arm/4.9_2015q3/bin/../lib/gcc/arm-none-eabi/4.9.3/../../../../arm-none-eabi/lib/armv7-m\libc_nano.a(lib_a-memset.o)
                0x00000942                memset
 *fill*         0x00000952        0x2 
 .text._exit    0x00000954        0x4 c:/siliconlabs/simplicitystudio/v4/developer/toolchains/gnu_arm/4.9_2015q3/bin/../lib/gcc/arm-none-eabi/4.9.3/../../../../arm-none-eabi/lib/armv7-m\libnosys.a(_exit.o)
                0x00000954                _exit
 *(.init)
 .init          0x00000958        0x4 c:/siliconlabs/simplicitystudio/v4/developer/toolchains/gnu_arm/4.9_2015q3/bin/../lib/gcc/arm-none-eabi/4.9.3/armv7-m/crti.o
                0x00000958                _init
 .init          0x0000095c        0x8 c:/siliconlabs/simplicitystudio/v4/developer/toolchains/gnu_arm/4.9_2015q3/bin/../lib/gcc/arm-none-eabi/4.9.3/armv7-m/crtn.o
 *(.fini)
 .fini          0x00000964        0x4 c:/siliconlabs/simplicitystudio/v4/developer/toolchains/gnu_arm/4.9_2015q3/bin/../lib/gcc/arm-none-eabi/4.9.3/armv7-m/crti.o
                0x00000964                _fini
 .fini          0x00000968        0x8 c:/siliconlabs/simplicitystudio/v4/developer/toolchains/gnu_arm/4.9_2015q3/bin/../lib/gcc/arm-none-eabi/4.9.3/armv7-m/crtn.o
 *crtbegin.o(.ctors)
 *crtbegin?.o(.ctors)
 *(EXCLUDE_FILE(*crtend.o *crtend?.o) .ctors)
 *(SORT(.ctors.*))
 *(.ctors)
 *crtbegin.o(.dtors)
 *crtbegin?.o(.dtors)
 *(EXCLUDE_FILE(*crtend.o *crtend?.o) .dtors)
 *(SORT(.dtors.*))
 *(.dtors)
 *(.rodata*)
 .rodata.str1.1
                0x00000970        0xa release/cnc_control/main.o
 .rodata.str1.1
                0x0000097a        0x2 c:/siliconlabs/simplicitystudio/v4/developer/toolchains/gnu_arm/4.9_2015q3/bin/../lib/gcc/arm-none-eabi/4.9.3/../../../../arm-none-eabi/lib/armv7-m\libc_nano.a(lib_a-impure.o)
 .rodata._global_impure_ptr
                0x0000097c        0x4 c:/siliconlabs/simplicitystudio/v4/developer/toolchains/gnu_arm/4.9_2015q3/bin/../lib/gcc/arm-none-eabi/4.9.3/../../../../arm-none-eabi/lib/armv7-m\libc_nano.a(lib_a-impure.o)
                0x0000097c                _global_impure_ptr
 *(.eh_frame*)
 .eh_frame      0x00000980        0x0 c:/siliconlabs/simplicitystudio/v4/developer/toolchains/gnu_arm/4.9_2015q3/bin/../lib/gcc/arm-none-eabi/4.9.3/armv7-m/crtbegin.o
 .eh_frame      0x00000980        0x4 c:/siliconlabs/simplicitystudio/v4/developer/toolchains/gnu_arm/4.9_2015q3/bin/../lib/gcc/arm-none-eabi/4.9.3/armv7-m/crtend.o

.glue_7         0x00000984        0x0
 .glue_7        0x00000000        0x0 linker stubs

.glue_7t        0x00000984        0x0
 .glue_7t       0x00000000        0x0 linker stubs

.vfp11_veneer   0x00000984        0x0
 .vfp11_veneer  0x00000000        0x0 linker stubs

.v4_bx          0x00000984        0x0
 .v4_bx         0x00000000        0x0 linker stubs

.iplt           0x00000984        0x0
 .iplt          0x00000000        0x0 c:/siliconlabs/simplicitystudio/v4/developer/toolchains/gnu_arm/4.9_2015q3/bin/../lib/gcc/arm-none-eabi/4.9.3/armv7-m/crtbegin.o

.flasher_section
                0x00038000     0x2000
 *(.flasher_section*)
                0x00039ffe                . = ((ORIGIN (Flasher) + 0x2000) - 0x2)
 *fill*         0x00038000     0x1ffe 00000000
                0x00039ffe                flasherVersionNumber = .
                0x0003a000                . = (ORIGIN (Flasher) + 0x2000)
 *fill*         0x00039ffe        0x2 00000000

.file_system_section
                0x0003b000     0x5000
 *(.file_system_section*)
                0x00040000                . = (ORIGIN (FileSystem) + 0x5000)
 *fill*         0x0003b000     0x5000 ffffffff

.ARM.extab
 *(.ARM.extab* .gnu.linkonce.armextab.*)
                0x00040000                __exidx_start = .

.ARM.exidx      0x00000984        0x8
 *(.ARM.exidx* .gnu.linkonce.armexidx.*)
 .ARM.exidx     0x00000984        0x8 c:/siliconlabs/simplicitystudio/v4/developer/toolchains/gnu_arm/4.9_2015q3/bin/../lib/gcc/arm-none-eabi/4.9.3/../../../../arm-none-eabi/lib/armv7-m/crt0.o
 .ARM.exidx     0x0000098c        0x0 c:/siliconlabs/simplicitystudio/v4/developer/toolchains/gnu_arm/4.9_2015q3/bin/../lib/gcc/arm-none-eabi/4.9.3/armv7-m\libgcc.a(_divdi3.o)
                                  0x8 (size before relaxing)
 .ARM.exidx     0x0000098c        0x0 c:/siliconlabs/simplicitystudio/v4/developer/toolchains/gnu_arm/4.9_2015q3/bin/../lib/gcc/arm-none-eabi/4.9.3/armv7-m\libgcc.a(_udivdi3.o)
                                  0x8 (size before relaxing)
                0x0000098c                __exidx_end = .
                0x0000098c                __etext = .

.rel.dyn        0x0000098c        0x0
 .rel.iplt      0x00000000        0x0 c:/siliconlabs/simplicitystudio/v4/developer/toolchains/gnu_arm/4.9_2015q3/bin/../lib/gcc/arm-none-eabi/4.9.3/armv7-m/crtbegin.o

.data           0x20000000       0x6c load address 0x0000098c
                0x20000000                __data_start__ = .
 *(vtable)
 *(.data*)
 .data.impure_data
                0x20000000       0x60 c:/siliconlabs/simplicitystudio/v4/developer/toolchains/gnu_arm/4.9_2015q3/bin/../lib/gcc/arm-none-eabi/4.9.3/../../../../arm-none-eabi/lib/armv7-m\libc_nano.a(lib_a-impure.o)
                0x20000060                . = ALIGN (0x4)
 *(.ram)
                0x20000060                . = ALIGN (0x4)
                0x20000060                PROVIDE (__preinit_array_start, .)
 *(.preinit_array)
                0x20000060                PROVIDE (__preinit_array_end, .)
                0x20000060                . = ALIGN (0x4)
                0x20000060                PROVIDE (__init_array_start, .)
 *(SORT(.init_array.*))
 *(.init_array)
 .init_array    0x20000060        0x4 c:/siliconlabs/simplicitystudio/v4/developer/toolchains/gnu_arm/4.9_2015q3/bin/../lib/gcc/arm-none-eabi/4.9.3/armv7-m/crtbegin.o
                0x20000064                PROVIDE (__init_array_end, .)
                0x20000064                . = ALIGN (0x4)
                0x20000064                PROVIDE (__fini_array_start, .)
 *(SORT(.fini_array.*))
 *(.fini_array)
 .fini_array    0x20000064        0x4 c:/siliconlabs/simplicitystudio/v4/developer/toolchains/gnu_arm/4.9_2015q3/bin/../lib/gcc/arm-none-eabi/4.9.3/armv7-m/crtbegin.o
                0x20000068                PROVIDE (__fini_array_end, .)
 *(.jcr*)
 .jcr           0x20000068        0x0 c:/siliconlabs/simplicitystudio/v4/developer/toolchains/gnu_arm/4.9_2015q3/bin/../lib/gcc/arm-none-eabi/4.9.3/armv7-m/crtbegin.o
 .jcr           0x20000068        0x4 c:/siliconlabs/simplicitystudio/v4/developer/toolchains/gnu_arm/4.9_2015q3/bin/../lib/gcc/arm-none-eabi/4.9.3/armv7-m/crtend.o
                0x2000006c                . = ALIGN (0x4)
                0x2000006c                __data_end__ = .

.igot.plt       0x2000006c        0x0 load address 0x000009f8
 .igot.plt      0x00000000        0x0 c:/siliconlabs/simplicitystudio/v4/developer/toolchains/gnu_arm/4.9_2015q3/bin/../lib/gcc/arm-none-eabi/4.9.3/armv7-m/crtbegin.o

.bss            0x20000070      0x170 load address 0x00000a00
                0x20000070                . = ALIGN (0x4)
                0x20000070                __bss_start__ = .
 *(.bss*)
 .bss           0x20000070       0x1c c:/siliconlabs/simplicitystudio/v4/developer/toolchains/gnu_arm/4.9_2015q3/bin/../lib/gcc/arm-none-eabi/4.9.3/armv7-m/crtbegin.o
 .bss.TxDataBuffer
                0x2000008c      0x100 release/cnc_control/main.o
                0x2000008c                TxDataBuffer
 .bss.fInterruptHandler
                0x2000018c       0x40 release/efm32pg_driver/efm32pg_gpio.o
 *fill*         0x200001cc        0x4 
 .bss.fmsTicks  0x200001d0        0x8 release/efm32pg_driver/efm32pg_sys_timer.o
 *(COMMON)
 COMMON         0x200001d8        0x8 release/efm32pg_driver/efm32pg_sys_timer.o
                0x200001d8                fSysTimerConfig
                0x200001e0                . = ALIGN (0x4)
                0x200001e0                __bss_end__ = .

.heap           0x200001e0      0xc00
                0x200001e0                __HeapBase = .
                0x200001e0                __end__ = .
                0x200001e0                end = __end__
                0x200001e0                _end = __end__
 *(.heap*)
 .heap          0x200001e0      0xc00 release/efm32pg_driver/efm32pg_hal/efm32pg/startup_efm32pg12b.o
                0x20000de0                __HeapLimit = .

.stack_dummy    0x20000de0      0x400
 *(.stack*)
 .stack         0x20000de0      0x400 release/efm32pg_driver/efm32pg_hal/efm32pg/startup_efm32pg12b.o
                0x20020000                __StackTop = (ORIGIN (StandardRam128) + 0x20000)
                0x2001fc00                __StackLimit = (__StackTop - SIZEOF (.stack_dummy))
                0x20020000                PROVIDE (__stack, __StackTop)
                0x00000001                ASSERT ((__StackLimit >= __HeapLimit), region RAM overflowed with stack)
                0x00000001                ASSERT ((0x100000 >= (__etext + SIZEOF (.data))), FLASH memory overflowed !)
OUTPUT(release/cnc_control.axf elf32-littlearm)

.ARM.attributes
                0x00000000       0x29
 .ARM.attributes
                0x00000000       0x1d c:/siliconlabs/simplicitystudio/v4/developer/toolchains/gnu_arm/4.9_2015q3/bin/../lib/gcc/arm-none-eabi/4.9.3/armv7-m/crti.o
 .ARM.attributes
                0x0000001d       0x2d c:/siliconlabs/simplicitystudio/v4/developer/toolchains/gnu_arm/4.9_2015q3/bin/../lib/gcc/arm-none-eabi/4.9.3/armv7-m/crtbegin.o
 .ARM.attributes
                0x0000004a       0x1b c:/siliconlabs/simplicitystudio/v4/developer/toolchains/gnu_arm/4.9_2015q3/bin/../lib/gcc/arm-none-eabi/4.9.3/../../../../arm-none-eabi/lib/armv7-m/crt0.o
 .ARM.attributes
                0x00000065       0x33 release/cnc_control/main.o
 .ARM.attributes
                0x00000098       0x33 release/efm32pg_driver/efm32pg_cmu.o
 .ARM.attributes
                0x000000cb       0x33 release/efm32pg_driver/efm32pg_gpio.o
 .ARM.attributes
                0x000000fe       0x33 release/efm32pg_driver/efm32pg_sys_timer.o
 .ARM.attributes
                0x00000131       0x33 release/efm32pg_driver/efm32pg_hal/efm32pg/startup_efm32pg12b.o
 .ARM.attributes
                0x00000164       0x1d c:/siliconlabs/simplicitystudio/v4/developer/toolchains/gnu_arm/4.9_2015q3/bin/../lib/gcc/arm-none-eabi/4.9.3/armv7-m\libgcc.a(_aeabi_uldivmod.o)
 .ARM.attributes
                0x00000181       0x2d c:/siliconlabs/simplicitystudio/v4/developer/toolchains/gnu_arm/4.9_2015q3/bin/../lib/gcc/arm-none-eabi/4.9.3/armv7-m\libgcc.a(bpabi.o)
 .ARM.attributes
                0x000001ae       0x1d c:/siliconlabs/simplicitystudio/v4/developer/toolchains/gnu_arm/4.9_2015q3/bin/../lib/gcc/arm-none-eabi/4.9.3/armv7-m\libgcc.a(_dvmd_tls.o)
 .ARM.attributes
                0x000001cb       0x2d c:/siliconlabs/simplicitystudio/v4/developer/toolchains/gnu_arm/4.9_2015q3/bin/../lib/gcc/arm-none-eabi/4.9.3/armv7-m\libgcc.a(_divdi3.o)
 .ARM.attributes
                0x000001f8       0x2d c:/siliconlabs/simplicitystudio/v4/developer/toolchains/gnu_arm/4.9_2015q3/bin/../lib/gcc/arm-none-eabi/4.9.3/armv7-m\libgcc.a(_udivdi3.o)
 .ARM.attributes
                0x00000225       0x2d c:/siliconlabs/simplicitystudio/v4/developer/toolchains/gnu_arm/4.9_2015q3/bin/../lib/gcc/arm-none-eabi/4.9.3/../../../../arm-none-eabi/lib/armv7-m\libc_nano.a(lib_a-exit.o)
 .ARM.attributes
                0x00000252       0x2d c:/siliconlabs/simplicitystudio/v4/developer/toolchains/gnu_arm/4.9_2015q3/bin/../lib/gcc/arm-none-eabi/4.9.3/../../../../arm-none-eabi/lib/armv7-m\libc_nano.a(lib_a-impure.o)
 .ARM.attributes
                0x0000027f       0x2d c:/siliconlabs/simplicitystudio/v4/developer/toolchains/gnu_arm/4.9_2015q3/bin/../lib/gcc/arm-none-eabi/4.9.3/../../../../arm-none-eabi/lib/armv7-m\libc_nano.a(lib_a-init.o)
 .ARM.attributes
                0x000002ac       0x2d c:/siliconlabs/simplicitystudio/v4/developer/toolchains/gnu_arm/4.9_2015q3/bin/../lib/gcc/arm-none-eabi/4.9.3/../../../../arm-none-eabi/lib/armv7-m\libc_nano.a(lib_a-memcpy.o)
 .ARM.attributes
                0x000002d9       0x2d c:/siliconlabs/simplicitystudio/v4/developer/toolchains/gnu_arm/4.9_2015q3/bin/../lib/gcc/arm-none-eabi/4.9.3/../../../../arm-none-eabi/lib/armv7-m\libc_nano.a(lib_a-memset.o)
 .ARM.attributes
                0x00000306       0x2d c:/siliconlabs/simplicitystudio/v4/developer/toolchains/gnu_arm/4.9_2015q3/bin/../lib/gcc/arm-none-eabi/4.9.3/../../../../arm-none-eabi/lib/armv7-m\libnosys.a(_exit.o)
 .ARM.attributes
                0x00000333       0x2d c:/siliconlabs/simplicitystudio/v4/developer/toolchains/gnu_arm/4.9_2015q3/bin/../lib/gcc/arm-none-eabi/4.9.3/armv7-m/crtend.o
 .ARM.attributes
                0x00000360       0x1d c:/siliconlabs/simplicitystudio/v4/developer/toolchains/gnu_arm/4.9_2015q3/bin/../lib/gcc/arm-none-eabi/4.9.3/armv7-m/crtn.o

.comment        0x00000000       0x70
 .comment       0x00000000       0x70 release/cnc_control/main.o
                                 0x71 (size before relaxing)
 .comment       0x00000000       0x71 release/efm32pg_driver/efm32pg_cmu.o
 .comment       0x00000000       0x71 release/efm32pg_driver/efm32pg_gpio.o
 .comment       0x00000000       0x71 release/efm32pg_driver/efm32pg_sys_timer.o
 .comment       0x00000000       0x71 release/efm32pg_driver/efm32pg_hal/efm32pg/startup_efm32pg12b.o

.debug_info     0x00000000     0x1796
 .debug_info    0x00000000      0x1da release/cnc_control/main.o
 .debug_info    0x000001da      0x7e3 release/efm32pg_driver/efm32pg_cmu.o
 .debug_info    0x000009bd      0x54b release/efm32pg_driver/efm32pg_gpio.o
 .debug_info    0x00000f08      0x684 release/efm32pg_driver/efm32pg_sys_timer.o
 .debug_info    0x0000158c      0x20a release/efm32pg_driver/efm32pg_hal/efm32pg/startup_efm32pg12b.o

.debug_abbrev   0x00000000      0x647
 .debug_abbrev  0x00000000      0x119 release/cnc_control/main.o
 .debug_abbrev  0x00000119       0xba release/efm32pg_driver/efm32pg_cmu.o
 .debug_abbrev  0x000001d3      0x18d release/efm32pg_driver/efm32pg_gpio.o
 .debug_abbrev  0x00000360      0x1b3 release/efm32pg_driver/efm32pg_sys_timer.o
 .debug_abbrev  0x00000513      0x134 release/efm32pg_driver/efm32pg_hal/efm32pg/startup_efm32pg12b.o

.debug_loc      0x00000000      0x316
 .debug_loc     0x00000000       0x20 release/cnc_control/main.o
 .debug_loc     0x00000020      0x234 release/efm32pg_driver/efm32pg_gpio.o
 .debug_loc     0x00000254       0x64 release/efm32pg_driver/efm32pg_sys_timer.o
 .debug_loc     0x000002b8       0x5e release/efm32pg_driver/efm32pg_hal/efm32pg/startup_efm32pg12b.o

.debug_aranges  0x00000000       0xf8
 .debug_aranges
                0x00000000       0x20 release/cnc_control/main.o
 .debug_aranges
                0x00000020       0x20 release/efm32pg_driver/efm32pg_cmu.o
 .debug_aranges
                0x00000040       0x60 release/efm32pg_driver/efm32pg_gpio.o
 .debug_aranges
                0x000000a0       0x30 release/efm32pg_driver/efm32pg_sys_timer.o
 .debug_aranges
                0x000000d0       0x28 release/efm32pg_driver/efm32pg_hal/efm32pg/startup_efm32pg12b.o

.debug_ranges   0x00000000       0xc0
 .debug_ranges  0x00000000       0x10 release/cnc_control/main.o
 .debug_ranges  0x00000010       0x10 release/efm32pg_driver/efm32pg_cmu.o
 .debug_ranges  0x00000020       0x50 release/efm32pg_driver/efm32pg_gpio.o
 .debug_ranges  0x00000070       0x38 release/efm32pg_driver/efm32pg_sys_timer.o
 .debug_ranges  0x000000a8       0x18 release/efm32pg_driver/efm32pg_hal/efm32pg/startup_efm32pg12b.o

.debug_line     0x00000000      0xa77
 .debug_line    0x00000000      0x287 release/cnc_control/main.o
 .debug_line    0x00000287      0x1ec release/efm32pg_driver/efm32pg_cmu.o
 .debug_line    0x00000473      0x27e release/efm32pg_driver/efm32pg_gpio.o
 .debug_line    0x000006f1      0x209 release/efm32pg_driver/efm32pg_sys_timer.o
 .debug_line    0x000008fa      0x17d release/efm32pg_driver/efm32pg_hal/efm32pg/startup_efm32pg12b.o

.debug_str      0x00000000      0xb44
 .debug_str     0x00000000      0x21a release/cnc_control/main.o
                                0x263 (size before relaxing)
 .debug_str     0x0000021a      0x39f release/efm32pg_driver/efm32pg_cmu.o
                                0x57d (size before relaxing)
 .debug_str     0x000005b9      0x117 release/efm32pg_driver/efm32pg_gpio.o
                                0x3dd (size before relaxing)
 .debug_str     0x000006d0      0x396 release/efm32pg_driver/efm32pg_sys_timer.o
                                0x600 (size before relaxing)
 .debug_str     0x00000a66       0xde release/efm32pg_driver/efm32pg_hal/efm32pg/startup_efm32pg12b.o
                                0x27d (size before relaxing)

.debug_frame    0x00000000      0x35c
 .debug_frame   0x00000000       0x28 release/cnc_control/main.o
 .debug_frame   0x00000028       0x20 release/efm32pg_driver/efm32pg_cmu.o
 .debug_frame   0x00000048       0xdc release/efm32pg_driver/efm32pg_gpio.o
 .debug_frame   0x00000124       0x60 release/efm32pg_driver/efm32pg_sys_timer.o
 .debug_frame   0x00000184       0x38 release/efm32pg_driver/efm32pg_hal/efm32pg/startup_efm32pg12b.o
 .debug_frame   0x000001bc       0x28 c:/siliconlabs/simplicitystudio/v4/developer/toolchains/gnu_arm/4.9_2015q3/bin/../lib/gcc/arm-none-eabi/4.9.3/armv7-m\libgcc.a(_aeabi_uldivmod.o)
 .debug_frame   0x000001e4       0x54 c:/siliconlabs/simplicitystudio/v4/developer/toolchains/gnu_arm/4.9_2015q3/bin/../lib/gcc/arm-none-eabi/4.9.3/armv7-m\libgcc.a(bpabi.o)
 .debug_frame   0x00000238       0x34 c:/siliconlabs/simplicitystudio/v4/developer/toolchains/gnu_arm/4.9_2015q3/bin/../lib/gcc/arm-none-eabi/4.9.3/armv7-m\libgcc.a(_divdi3.o)
 .debug_frame   0x0000026c       0x34 c:/siliconlabs/simplicitystudio/v4/developer/toolchains/gnu_arm/4.9_2015q3/bin/../lib/gcc/arm-none-eabi/4.9.3/armv7-m\libgcc.a(_udivdi3.o)
 .debug_frame   0x000002a0       0x28 c:/siliconlabs/simplicitystudio/v4/developer/toolchains/gnu_arm/4.9_2015q3/bin/../lib/gcc/arm-none-eabi/4.9.3/../../../../arm-none-eabi/lib/armv7-m\libc_nano.a(lib_a-exit.o)
 .debug_frame   0x000002c8       0x2c c:/siliconlabs/simplicitystudio/v4/developer/toolchains/gnu_arm/4.9_2015q3/bin/../lib/gcc/arm-none-eabi/4.9.3/../../../../arm-none-eabi/lib/armv7-m\libc_nano.a(lib_a-init.o)
 .debug_frame   0x000002f4       0x28 c:/siliconlabs/simplicitystudio/v4/developer/toolchains/gnu_arm/4.9_2015q3/bin/../lib/gcc/arm-none-eabi/4.9.3/../../../../arm-none-eabi/lib/armv7-m\libc_nano.a(lib_a-memcpy.o)
 .debug_frame   0x0000031c       0x20 c:/siliconlabs/simplicitystudio/v4/developer/toolchains/gnu_arm/4.9_2015q3/bin/../lib/gcc/arm-none-eabi/4.9.3/../../../../arm-none-eabi/lib/armv7-m\libc_nano.a(lib_a-memset.o)
 .debug_frame   0x0000033c       0x20 c:/siliconlabs/simplicitystudio/v4/developer/toolchains/gnu_arm/4.9_2015q3/bin/../lib/gcc/arm-none-eabi/4.9.3/../../../../arm-none-eabi/lib/armv7-m\libnosys.a(_exit.o)
